CRITICAL - 2021-05-11 11:12:36 --> forgot bukan sebuah grup aturan validasi.
#0 /home/dnzwygdo/public_html/djuragan.com/orderan/vendor/codeigniter4/framework/system/Validation/Validation.php(501): CodeIgniter\Validation\Exceptions\ValidationException::forGroupNotFound('forgot')
#1 /home/dnzwygdo/public_html/djuragan.com/orderan/vendor/codeigniter4/framework/system/Validation/Validation.php(523): CodeIgniter\Validation\Validation->getRuleGroup('forgot')
#2 /home/dnzwygdo/public_html/djuragan.com/orderan/app/Controllers/Auth.php(210): CodeIgniter\Validation\Validation->setRuleGroup('forgot')
#3 /home/dnzwygdo/public_html/djuragan.com/orderan/vendor/codeigniter4/framework/system/CodeIgniter.php(918): App\Controllers\Auth->lupa()
#4 /home/dnzwygdo/public_html/djuragan.com/orderan/vendor/codeigniter4/framework/system/CodeIgniter.php(404): CodeIgniter\CodeIgniter->runController(Object(App\Controllers\Auth))
#5 /home/dnzwygdo/public_html/djuragan.com/orderan/vendor/codeigniter4/framework/system/CodeIgniter.php(312): CodeIgniter\CodeIgniter->handleRequest(NULL, Object(Config\Cache), false)
#6 /home/dnzwygdo/public_html/djuragan.com/orderan/public/index.php(45): CodeIgniter\CodeIgniter->run()
#7 {main}
CRITICAL - 2021-05-11 11:13:32 --> forgot bukan sebuah grup aturan validasi.
#0 /home/dnzwygdo/public_html/djuragan.com/orderan/vendor/codeigniter4/framework/system/Validation/Validation.php(501): CodeIgniter\Validation\Exceptions\ValidationException::forGroupNotFound('forgot')
#1 /home/dnzwygdo/public_html/djuragan.com/orderan/vendor/codeigniter4/framework/system/Validation/Validation.php(523): CodeIgniter\Validation\Validation->getRuleGroup('forgot')
#2 /home/dnzwygdo/public_html/djuragan.com/orderan/app/Controllers/Auth.php(210): CodeIgniter\Validation\Validation->setRuleGroup('forgot')
#3 /home/dnzwygdo/public_html/djuragan.com/orderan/vendor/codeigniter4/framework/system/CodeIgniter.php(918): App\Controllers\Auth->lupa()
#4 /home/dnzwygdo/public_html/djuragan.com/orderan/vendor/codeigniter4/framework/system/CodeIgniter.php(404): CodeIgniter\CodeIgniter->runController(Object(App\Controllers\Auth))
#5 /home/dnzwygdo/public_html/djuragan.com/orderan/vendor/codeigniter4/framework/system/CodeIgniter.php(312): CodeIgniter\CodeIgniter->handleRequest(NULL, Object(Config\Cache), false)
#6 /home/dnzwygdo/public_html/djuragan.com/orderan/public/index.php(45): CodeIgniter\CodeIgniter->run()
#7 {main}
CRITICAL - 2021-05-11 11:54:53 --> Allowed memory size of 33554432 bytes exhausted (tried to allocate 20480 bytes)
#0 [internal function]: CodeIgniter\Debug\Exceptions->shutdownHandler()
#1 {main}
CRITICAL - 2021-05-11 11:55:43 --> Allowed memory size of 33554432 bytes exhausted (tried to allocate 20480 bytes)
#0 [internal function]: CodeIgniter\Debug\Exceptions->shutdownHandler()
#1 {main}
CRITICAL - 2021-05-11 11:57:35 --> Allowed memory size of 33554432 bytes exhausted (tried to allocate 20480 bytes)
#0 [internal function]: CodeIgniter\Debug\Exceptions->shutdownHandler()
#1 {main}
CRITICAL - 2021-05-11 11:58:00 --> Allowed memory size of 33554432 bytes exhausted (tried to allocate 20480 bytes)
#0 [internal function]: CodeIgniter\Debug\Exceptions->shutdownHandler()
#1 {main}
CRITICAL - 2021-05-11 12:49:18 --> Allowed memory size of 33554432 bytes exhausted (tried to allocate 20480 bytes)
#0 [internal function]: CodeIgniter\Debug\Exceptions->shutdownHandler()
#1 {main}
CRITICAL - 2021-05-11 13:32:05 --> Allowed memory size of 33554432 bytes exhausted (tried to allocate 2097160 bytes)
#0 [internal function]: CodeIgniter\Debug\Exceptions->shutdownHandler()
#1 {main}
CRITICAL - 2021-05-11 14:54:46 --> Allowed memory size of 33554432 bytes exhausted (tried to allocate 2097160 bytes)
#0 [internal function]: CodeIgniter\Debug\Exceptions->shutdownHandler()
#1 {main}
CRITICAL - 2021-05-11 16:48:45 --> Allowed memory size of 33554432 bytes exhausted (tried to allocate 20480 bytes)
#0 [internal function]: CodeIgniter\Debug\Exceptions->shutdownHandler()
#1 {main}
CRITICAL - 2021-05-11 16:49:34 --> Allowed memory size of 33554432 bytes exhausted (tried to allocate 20480 bytes)
#0 [internal function]: CodeIgniter\Debug\Exceptions->shutdownHandler()
#1 {main}
CRITICAL - 2021-05-11 17:22:08 --> Allowed memory size of 33554432 bytes exhausted (tried to allocate 20480 bytes)
#0 [internal function]: CodeIgniter\Debug\Exceptions->shutdownHandler()
#1 {main}
CRITICAL - 2021-05-11 17:43:36 --> Allowed memory size of 33554432 bytes exhausted (tried to allocate 20480 bytes)
#0 [internal function]: CodeIgniter\Debug\Exceptions->shutdownHandler()
#1 {main}
CRITICAL - 2021-05-11 17:44:19 --> Allowed memory size of 33554432 bytes exhausted (tried to allocate 20480 bytes)
#0 [internal function]: CodeIgniter\Debug\Exceptions->shutdownHandler()
#1 {main}
CRITICAL - 2021-05-11 19:15:58 --> Allowed memory size of 33554432 bytes exhausted (tried to allocate 20480 bytes)
#0 [internal function]: CodeIgniter\Debug\Exceptions->shutdownHandler()
#1 {main}
CRITICAL - 2021-05-11 20:09:00 --> Allowed memory size of 33554432 bytes exhausted (tried to allocate 2097160 bytes)
#0 [internal function]: CodeIgniter\Debug\Exceptions->shutdownHandler()
#1 {main}
CRITICAL - 2021-05-11 20:11:22 --> Allowed memory size of 33554432 bytes exhausted (tried to allocate 2097160 bytes)
#0 [internal function]: CodeIgniter\Debug\Exceptions->shutdownHandler()
#1 {main}
CRITICAL - 2021-05-11 20:18:16 --> Allowed memory size of 33554432 bytes exhausted (tried to allocate 20480 bytes)
#0 [internal function]: CodeIgniter\Debug\Exceptions->shutdownHandler()
#1 {main}
CRITICAL - 2021-05-11 20:21:17 --> Allowed memory size of 33554432 bytes exhausted (tried to allocate 20480 bytes)
#0 [internal function]: CodeIgniter\Debug\Exceptions->shutdownHandler()
#1 {main}
