ERROR - 2022-04-29 11:37:08 --> You have an error in your SQL syntax; check the manual that corresponds to your MySQL server version for the right syntax to use near 'el%' OR `k`.`nama_pelanggan` LIKE '%Achmad Balwe'el%')
AND `i`.`deleted_at` IS N' at line 14
CRITICAL - 2022-04-29 11:37:08 --> Call to a member function getResult() on bool
#0 /home/dnzwygdo/djuragancom/vendor/codeigniter4/framework/system/CodeIgniter.php(832): App\Controllers\Admin\Invoices->lihat('semua', 'semua')
#1 /home/dnzwygdo/djuragancom/vendor/codeigniter4/framework/system/CodeIgniter.php(419): CodeIgniter\CodeIgniter->runController(Object(App\Controllers\Admin\Invoices))
#2 /home/dnzwygdo/djuragancom/vendor/codeigniter4/framework/system/CodeIgniter.php(326): CodeIgniter\CodeIgniter->handleRequest(NULL, Object(Config\Cache), false)
#3 /home/dnzwygdo/public_html/index.php(37): CodeIgniter\CodeIgniter->run()
#4 {main}
ERROR - 2022-04-29 11:37:10 --> You have an error in your SQL syntax; check the manual that corresponds to your MySQL server version for the right syntax to use near 'el%' OR `k`.`nama_pelanggan` LIKE '%Achmad Balwe'el%')
AND `i`.`deleted_at` IS N' at line 14
CRITICAL - 2022-04-29 11:37:10 --> Call to a member function getResult() on bool
#0 /home/dnzwygdo/djuragancom/vendor/codeigniter4/framework/system/CodeIgniter.php(832): App\Controllers\Admin\Invoices->lihat('semua', 'semua')
#1 /home/dnzwygdo/djuragancom/vendor/codeigniter4/framework/system/CodeIgniter.php(419): CodeIgniter\CodeIgniter->runController(Object(App\Controllers\Admin\Invoices))
#2 /home/dnzwygdo/djuragancom/vendor/codeigniter4/framework/system/CodeIgniter.php(326): CodeIgniter\CodeIgniter->handleRequest(NULL, Object(Config\Cache), false)
#3 /home/dnzwygdo/public_html/index.php(37): CodeIgniter\CodeIgniter->run()
#4 {main}
ERROR - 2022-04-29 11:37:18 --> You have an error in your SQL syntax; check the manual that corresponds to your MySQL server version for the right syntax to use near 'el%' OR `k`.`nama_pelanggan` LIKE '%Achmad Balwe'el%')
AND `i`.`deleted_at` IS N' at line 14
CRITICAL - 2022-04-29 11:37:18 --> Call to a member function getResult() on bool
#0 /home/dnzwygdo/djuragancom/vendor/codeigniter4/framework/system/CodeIgniter.php(832): App\Controllers\Admin\Invoices->lihat('semua', 'semua')
#1 /home/dnzwygdo/djuragancom/vendor/codeigniter4/framework/system/CodeIgniter.php(419): CodeIgniter\CodeIgniter->runController(Object(App\Controllers\Admin\Invoices))
#2 /home/dnzwygdo/djuragancom/vendor/codeigniter4/framework/system/CodeIgniter.php(326): CodeIgniter\CodeIgniter->handleRequest(NULL, Object(Config\Cache), false)
#3 /home/dnzwygdo/public_html/index.php(37): CodeIgniter\CodeIgniter->run()
#4 {main}
