CRITICAL - 2024-12-27 09:06:36 --> Allowed memory size of 134217728 bytes exhausted (tried to allocate 20480 bytes)
in SYSTEMPATH/Database/MySQLi/Result.php on line 148.
 1 [internal function]: CodeIgniter\Debug\Exceptions->shutdownHandler()
ERROR - 2024-12-27 10:31:24 --> mysqli_sql_exception: You have an error in your SQL syntax; check the manual that corresponds to your MySQL server version for the right syntax to use near ')
AND `order_invoice`.`deleted_at` IS NULL
ORDER BY `status_pesanan` ASC, `tangg' at line 3 in /home/dnzwygdo/djuragancom/vendor/codeigniter4/framework/system/Database/MySQLi/Connection.php:292
Stack trace:
#0 /home/dnzwygdo/djuragancom/vendor/codeigniter4/framework/system/Database/MySQLi/Connection.php(292): mysqli->query('SELECT *\nFROM `...', 0)
#1 /home/dnzwygdo/djuragancom/vendor/codeigniter4/framework/system/Database/BaseConnection.php(693): CodeIgniter\Database\MySQLi\Connection->execute('SELECT *\nFROM `...')
#2 /home/dnzwygdo/djuragancom/vendor/codeigniter4/framework/system/Database/BaseConnection.php(620): CodeIgniter\Database\BaseConnection->simpleQuery('SELECT *\nFROM `...')
#3 /home/dnzwygdo/djuragancom/vendor/codeigniter4/framework/system/Database/BaseBuilder.php(1585): CodeIgniter\Database\BaseConnection->query('SELECT *\nFROM `...', Array, false)
#4 /home/dnzwygdo/djuragancom/vendor/codeigniter4/framework/system/Model.php(222): CodeIgniter\Database\BaseBuilder->get()
#5 /home/dnzwygdo/djuragancom/vendor/codeigniter4/framework/system/BaseModel.php(584): CodeIgniter\Model->doFindAll(20, 0)
#6 /home/dnzwygdo/djuragancom/app/Models/InvoiceModel.php(74): CodeIgniter\BaseModel->findAll(20, 0)
#7 /home/dnzwygdo/djuragancom/app/Controllers/Admin/Invoices.php(66): App\Models\InvoiceModel->getAll('semua', 0, Array, 20, 0)
#8 /home/dnzwygdo/djuragancom/vendor/codeigniter4/framework/system/CodeIgniter.php(898): App\Controllers\Admin\Invoices->lihat('semua', 'semua')
#9 /home/dnzwygdo/djuragancom/vendor/codeigniter4/framework/system/CodeIgniter.php(457): CodeIgniter\CodeIgniter->runController(Object(App\Controllers\Admin\Invoices))
#10 /home/dnzwygdo/djuragancom/vendor/codeigniter4/framework/system/CodeIgniter.php(340): CodeIgniter\CodeIgniter->handleRequest(NULL, Object(Config\Cache), false)
#11 /home/dnzwygdo/public_html/index.php(67): CodeIgniter\CodeIgniter->run()
#12 {main}
CRITICAL - 2024-12-27 10:31:24 --> Call to a member function getResult() on bool
in SYSTEMPATH/Model.php on line 223.
 1 SYSTEMPATH/BaseModel.php(584): CodeIgniter\Model->doFindAll(20, 0)
 2 APPPATH/Models/InvoiceModel.php(74): CodeIgniter\BaseModel->findAll(20, 0)
 3 APPPATH/Controllers/Admin/Invoices.php(66): App\Models\InvoiceModel->getAll('semua', 0, [...], 20, 0)
 4 SYSTEMPATH/CodeIgniter.php(898): App\Controllers\Admin\Invoices->lihat('semua', 'semua')
 5 SYSTEMPATH/CodeIgniter.php(457): CodeIgniter\CodeIgniter->runController(Object(App\Controllers\Admin\Invoices))
 6 SYSTEMPATH/CodeIgniter.php(340): CodeIgniter\CodeIgniter->handleRequest(null, Object(Config\Cache), false)
 7 FCPATH/index.php(67): CodeIgniter\CodeIgniter->run()
ERROR - 2024-12-27 10:31:28 --> mysqli_sql_exception: You have an error in your SQL syntax; check the manual that corresponds to your MySQL server version for the right syntax to use near ')
AND `order_invoice`.`deleted_at` IS NULL
ORDER BY `status_pesanan` ASC, `tangg' at line 3 in /home/dnzwygdo/djuragancom/vendor/codeigniter4/framework/system/Database/MySQLi/Connection.php:292
Stack trace:
#0 /home/dnzwygdo/djuragancom/vendor/codeigniter4/framework/system/Database/MySQLi/Connection.php(292): mysqli->query('SELECT *\nFROM `...', 0)
#1 /home/dnzwygdo/djuragancom/vendor/codeigniter4/framework/system/Database/BaseConnection.php(693): CodeIgniter\Database\MySQLi\Connection->execute('SELECT *\nFROM `...')
#2 /home/dnzwygdo/djuragancom/vendor/codeigniter4/framework/system/Database/BaseConnection.php(620): CodeIgniter\Database\BaseConnection->simpleQuery('SELECT *\nFROM `...')
#3 /home/dnzwygdo/djuragancom/vendor/codeigniter4/framework/system/Database/BaseBuilder.php(1585): CodeIgniter\Database\BaseConnection->query('SELECT *\nFROM `...', Array, false)
#4 /home/dnzwygdo/djuragancom/vendor/codeigniter4/framework/system/Model.php(222): CodeIgniter\Database\BaseBuilder->get()
#5 /home/dnzwygdo/djuragancom/vendor/codeigniter4/framework/system/BaseModel.php(584): CodeIgniter\Model->doFindAll(20, 0)
#6 /home/dnzwygdo/djuragancom/app/Models/InvoiceModel.php(74): CodeIgniter\BaseModel->findAll(20, 0)
#7 /home/dnzwygdo/djuragancom/app/Controllers/Admin/Invoices.php(66): App\Models\InvoiceModel->getAll('semua', 0, Array, 20, 0)
#8 /home/dnzwygdo/djuragancom/vendor/codeigniter4/framework/system/CodeIgniter.php(898): App\Controllers\Admin\Invoices->lihat('semua', 'semua')
#9 /home/dnzwygdo/djuragancom/vendor/codeigniter4/framework/system/CodeIgniter.php(457): CodeIgniter\CodeIgniter->runController(Object(App\Controllers\Admin\Invoices))
#10 /home/dnzwygdo/djuragancom/vendor/codeigniter4/framework/system/CodeIgniter.php(340): CodeIgniter\CodeIgniter->handleRequest(NULL, Object(Config\Cache), false)
#11 /home/dnzwygdo/public_html/index.php(67): CodeIgniter\CodeIgniter->run()
#12 {main}
CRITICAL - 2024-12-27 10:31:28 --> Call to a member function getResult() on bool
in SYSTEMPATH/Model.php on line 223.
 1 SYSTEMPATH/BaseModel.php(584): CodeIgniter\Model->doFindAll(20, 0)
 2 APPPATH/Models/InvoiceModel.php(74): CodeIgniter\BaseModel->findAll(20, 0)
 3 APPPATH/Controllers/Admin/Invoices.php(66): App\Models\InvoiceModel->getAll('semua', 0, [...], 20, 0)
 4 SYSTEMPATH/CodeIgniter.php(898): App\Controllers\Admin\Invoices->lihat('semua', 'semua')
 5 SYSTEMPATH/CodeIgniter.php(457): CodeIgniter\CodeIgniter->runController(Object(App\Controllers\Admin\Invoices))
 6 SYSTEMPATH/CodeIgniter.php(340): CodeIgniter\CodeIgniter->handleRequest(null, Object(Config\Cache), false)
 7 FCPATH/index.php(67): CodeIgniter\CodeIgniter->run()
CRITICAL - 2024-12-27 10:55:07 --> Allowed memory size of 134217728 bytes exhausted (tried to allocate 4096 bytes)
in SYSTEMPATH/Database/MySQLi/Result.php on line 148.
 1 [internal function]: CodeIgniter\Debug\Exceptions->shutdownHandler()
CRITICAL - 2024-12-27 10:55:10 --> Allowed memory size of 134217728 bytes exhausted (tried to allocate 20480 bytes)
in SYSTEMPATH/Database/MySQLi/Result.php on line 148.
 1 [internal function]: CodeIgniter\Debug\Exceptions->shutdownHandler()
CRITICAL - 2024-12-27 11:00:35 --> Allowed memory size of 134217728 bytes exhausted (tried to allocate 20480 bytes)
in SYSTEMPATH/Database/MySQLi/Result.php on line 148.
 1 [internal function]: CodeIgniter\Debug\Exceptions->shutdownHandler()
CRITICAL - 2024-12-27 11:00:36 --> Allowed memory size of 134217728 bytes exhausted (tried to allocate 20480 bytes)
in SYSTEMPATH/Database/MySQLi/Result.php on line 148.
 1 [internal function]: CodeIgniter\Debug\Exceptions->shutdownHandler()
CRITICAL - 2024-12-27 11:00:38 --> Allowed memory size of 134217728 bytes exhausted (tried to allocate 20480 bytes)
in SYSTEMPATH/Database/MySQLi/Result.php on line 148.
 1 [internal function]: CodeIgniter\Debug\Exceptions->shutdownHandler()
CRITICAL - 2024-12-27 11:00:40 --> Allowed memory size of 134217728 bytes exhausted (tried to allocate 20480 bytes)
in SYSTEMPATH/Database/MySQLi/Result.php on line 148.
 1 [internal function]: CodeIgniter\Debug\Exceptions->shutdownHandler()
CRITICAL - 2024-12-27 11:34:50 --> Allowed memory size of 134217728 bytes exhausted (tried to allocate 20480 bytes)
in SYSTEMPATH/Database/MySQLi/Result.php on line 148.
 1 [internal function]: CodeIgniter\Debug\Exceptions->shutdownHandler()
CRITICAL - 2024-12-27 11:34:52 --> Allowed memory size of 134217728 bytes exhausted (tried to allocate 20480 bytes)
in SYSTEMPATH/Database/MySQLi/Result.php on line 148.
 1 [internal function]: CodeIgniter\Debug\Exceptions->shutdownHandler()
CRITICAL - 2024-12-27 11:34:56 --> Allowed memory size of 134217728 bytes exhausted (tried to allocate 20480 bytes)
in SYSTEMPATH/Database/MySQLi/Result.php on line 148.
 1 [internal function]: CodeIgniter\Debug\Exceptions->shutdownHandler()
ERROR - 2024-12-27 12:40:13 --> mysqli_sql_exception: You have an error in your SQL syntax; check the manual that corresponds to your MySQL server version for the right syntax to use near ')
AND `juragan_id` = 3
AND `order_invoice`.`deleted_at` IS NULL
ORDER BY `status' at line 3 in /home/dnzwygdo/djuragancom/vendor/codeigniter4/framework/system/Database/MySQLi/Connection.php:292
Stack trace:
#0 /home/dnzwygdo/djuragancom/vendor/codeigniter4/framework/system/Database/MySQLi/Connection.php(292): mysqli->query('SELECT *\nFROM `...', 0)
#1 /home/dnzwygdo/djuragancom/vendor/codeigniter4/framework/system/Database/BaseConnection.php(693): CodeIgniter\Database\MySQLi\Connection->execute('SELECT *\nFROM `...')
#2 /home/dnzwygdo/djuragancom/vendor/codeigniter4/framework/system/Database/BaseConnection.php(620): CodeIgniter\Database\BaseConnection->simpleQuery('SELECT *\nFROM `...')
#3 /home/dnzwygdo/djuragancom/vendor/codeigniter4/framework/system/Database/BaseBuilder.php(1585): CodeIgniter\Database\BaseConnection->query('SELECT *\nFROM `...', Array, false)
#4 /home/dnzwygdo/djuragancom/vendor/codeigniter4/framework/system/Model.php(222): CodeIgniter\Database\BaseBuilder->get()
#5 /home/dnzwygdo/djuragancom/vendor/codeigniter4/framework/system/BaseModel.php(584): CodeIgniter\Model->doFindAll(20, 0)
#6 /home/dnzwygdo/djuragancom/app/Models/InvoiceModel.php(74): CodeIgniter\BaseModel->findAll(20, 0)
#7 /home/dnzwygdo/djuragancom/app/Controllers/User/Invoices.php(156): App\Models\InvoiceModel->getAll('semua', 3, Array, 20, 0)
#8 /home/dnzwygdo/djuragancom/vendor/codeigniter4/framework/system/CodeIgniter.php(898): App\Controllers\User\Invoices->lihat('51e3988da1e21f4...', 'semua')
#9 /home/dnzwygdo/djuragancom/vendor/codeigniter4/framework/system/CodeIgniter.php(457): CodeIgniter\CodeIgniter->runController(Object(App\Controllers\User\Invoices))
#10 /home/dnzwygdo/djuragancom/vendor/codeigniter4/framework/system/CodeIgniter.php(340): CodeIgniter\CodeIgniter->handleRequest(NULL, Object(Config\Cache), false)
#11 /home/dnzwygdo/public_html/index.php(67): CodeIgniter\CodeIgniter->run()
#12 {main}
CRITICAL - 2024-12-27 12:40:13 --> Call to a member function getResult() on bool
in SYSTEMPATH/Model.php on line 223.
 1 SYSTEMPATH/BaseModel.php(584): CodeIgniter\Model->doFindAll(20, 0)
 2 APPPATH/Models/InvoiceModel.php(74): CodeIgniter\BaseModel->findAll(20, 0)
 3 APPPATH/Controllers/User/Invoices.php(156): App\Models\InvoiceModel->getAll('semua', 3, [...], 20, 0)
 4 SYSTEMPATH/CodeIgniter.php(898): App\Controllers\User\Invoices->lihat('51e3988da1e21f4dd41ac864c601c3c55e9b556e', 'semua')
 5 SYSTEMPATH/CodeIgniter.php(457): CodeIgniter\CodeIgniter->runController(Object(App\Controllers\User\Invoices))
 6 SYSTEMPATH/CodeIgniter.php(340): CodeIgniter\CodeIgniter->handleRequest(null, Object(Config\Cache), false)
 7 FCPATH/index.php(67): CodeIgniter\CodeIgniter->run()
CRITICAL - 2024-12-27 13:23:50 --> Allowed memory size of 134217728 bytes exhausted (tried to allocate 4096 bytes)
in SYSTEMPATH/Database/MySQLi/Result.php on line 148.
 1 [internal function]: CodeIgniter\Debug\Exceptions->shutdownHandler()
CRITICAL - 2024-12-27 13:24:37 --> Allowed memory size of 134217728 bytes exhausted (tried to allocate 20480 bytes)
in SYSTEMPATH/Database/MySQLi/Result.php on line 148.
 1 [internal function]: CodeIgniter\Debug\Exceptions->shutdownHandler()
CRITICAL - 2024-12-27 13:24:39 --> Allowed memory size of 134217728 bytes exhausted (tried to allocate 20480 bytes)
in SYSTEMPATH/Database/MySQLi/Result.php on line 148.
 1 [internal function]: CodeIgniter\Debug\Exceptions->shutdownHandler()
CRITICAL - 2024-12-27 13:24:41 --> Allowed memory size of 134217728 bytes exhausted (tried to allocate 20480 bytes)
in SYSTEMPATH/Database/MySQLi/Result.php on line 148.
 1 [internal function]: CodeIgniter\Debug\Exceptions->shutdownHandler()
CRITICAL - 2024-12-27 14:04:21 --> Allowed memory size of 134217728 bytes exhausted (tried to allocate 20480 bytes)
in SYSTEMPATH/Database/MySQLi/Result.php on line 148.
 1 [internal function]: CodeIgniter\Debug\Exceptions->shutdownHandler()
CRITICAL - 2024-12-27 14:04:25 --> Allowed memory size of 134217728 bytes exhausted (tried to allocate 20480 bytes)
in SYSTEMPATH/Database/MySQLi/Result.php on line 148.
 1 [internal function]: CodeIgniter\Debug\Exceptions->shutdownHandler()
CRITICAL - 2024-12-27 14:13:53 --> Allowed memory size of 134217728 bytes exhausted (tried to allocate 20480 bytes)
in SYSTEMPATH/Database/MySQLi/Result.php on line 148.
 1 [internal function]: CodeIgniter\Debug\Exceptions->shutdownHandler()
CRITICAL - 2024-12-27 14:13:54 --> Allowed memory size of 134217728 bytes exhausted (tried to allocate 20480 bytes)
in SYSTEMPATH/Database/MySQLi/Result.php on line 148.
 1 [internal function]: CodeIgniter\Debug\Exceptions->shutdownHandler()
CRITICAL - 2024-12-27 16:57:14 --> Allowed memory size of 134217728 bytes exhausted (tried to allocate 4096 bytes)
in SYSTEMPATH/Database/MySQLi/Result.php on line 148.
 1 [internal function]: CodeIgniter\Debug\Exceptions->shutdownHandler()
CRITICAL - 2024-12-27 16:57:16 --> Allowed memory size of 134217728 bytes exhausted (tried to allocate 20480 bytes)
in SYSTEMPATH/Database/MySQLi/Result.php on line 148.
 1 [internal function]: CodeIgniter\Debug\Exceptions->shutdownHandler()
CRITICAL - 2024-12-27 16:57:19 --> Allowed memory size of 134217728 bytes exhausted (tried to allocate 20480 bytes)
in SYSTEMPATH/Database/MySQLi/Result.php on line 148.
 1 [internal function]: CodeIgniter\Debug\Exceptions->shutdownHandler()
CRITICAL - 2024-12-27 16:57:27 --> Allowed memory size of 134217728 bytes exhausted (tried to allocate 20480 bytes)
in SYSTEMPATH/Database/MySQLi/Result.php on line 148.
 1 [internal function]: CodeIgniter\Debug\Exceptions->shutdownHandler()
CRITICAL - 2024-12-27 16:57:29 --> Allowed memory size of 134217728 bytes exhausted (tried to allocate 20480 bytes)
in SYSTEMPATH/Database/MySQLi/Result.php on line 148.
 1 [internal function]: CodeIgniter\Debug\Exceptions->shutdownHandler()
