CRITICAL - 2021-10-16 08:18:18 --> count(): Parameter must be an array or an object that implements Countable
#0 /home/dnzwygdo/app/Views/admin/invoice/lihat.php(112): CodeIgniter\Debug\Exceptions->errorHandler(2, 'count(): Parame...', '/home/dnzwygdo/...', 112, Array)
#1 /home/dnzwygdo/vendor/codeigniter4/framework/system/View/View.php(246): include('/home/dnzwygdo/...')
#2 /home/dnzwygdo/vendor/codeigniter4/framework/system/Common.php(1119): CodeIgniter\View\View->render('admin/invoice/l...', Array, true)
#3 /home/dnzwygdo/app/Controllers/Admin/Invoices.php(80): view('admin/invoice/l...', Array)
#4 /home/dnzwygdo/vendor/codeigniter4/framework/system/CodeIgniter.php(918): App\Controllers\Admin\Invoices->lihat('semua', 'semua')
#5 /home/dnzwygdo/vendor/codeigniter4/framework/system/CodeIgniter.php(404): CodeIgniter\CodeIgniter->runController(Object(App\Controllers\Admin\Invoices))
#6 /home/dnzwygdo/vendor/codeigniter4/framework/system/CodeIgniter.php(312): CodeIgniter\CodeIgniter->handleRequest(NULL, Object(Config\Cache), false)
#7 /home/dnzwygdo/public_html/index.php(45): CodeIgniter\CodeIgniter->run()
#8 {main}
CRITICAL - 2021-10-16 08:38:51 --> count(): Parameter must be an array or an object that implements Countable
#0 /home/dnzwygdo/app/Views/admin/invoice/lihat.php(112): CodeIgniter\Debug\Exceptions->errorHandler(2, 'count(): Parame...', '/home/dnzwygdo/...', 112, Array)
#1 /home/dnzwygdo/vendor/codeigniter4/framework/system/View/View.php(246): include('/home/dnzwygdo/...')
#2 /home/dnzwygdo/vendor/codeigniter4/framework/system/Common.php(1119): CodeIgniter\View\View->render('admin/invoice/l...', Array, true)
#3 /home/dnzwygdo/app/Controllers/Admin/Invoices.php(80): view('admin/invoice/l...', Array)
#4 /home/dnzwygdo/vendor/codeigniter4/framework/system/CodeIgniter.php(918): App\Controllers\Admin\Invoices->lihat('semua', 'semua')
#5 /home/dnzwygdo/vendor/codeigniter4/framework/system/CodeIgniter.php(404): CodeIgniter\CodeIgniter->runController(Object(App\Controllers\Admin\Invoices))
#6 /home/dnzwygdo/vendor/codeigniter4/framework/system/CodeIgniter.php(312): CodeIgniter\CodeIgniter->handleRequest(NULL, Object(Config\Cache), false)
#7 /home/dnzwygdo/public_html/index.php(45): CodeIgniter\CodeIgniter->run()
#8 {main}
CRITICAL - 2021-10-16 09:35:12 --> unlink(/home/dnzwygdo/writable/cache/kecamatan_78_1034): No such file or directory
#0 [internal function]: CodeIgniter\Debug\Exceptions->errorHandler(2, 'unlink(/home/dn...', '/home/dnzwygdo/...', 328, Array)
#1 /home/dnzwygdo/vendor/codeigniter4/framework/system/Cache/Handlers/FileHandler.php(328): unlink('/home/dnzwygdo/...')
#2 /home/dnzwygdo/vendor/codeigniter4/framework/system/Cache/Handlers/FileHandler.php(108): CodeIgniter\Cache\Handlers\FileHandler->getItem('kecamatan_78_10...')
#3 /home/dnzwygdo/app/Libraries/Ongkir.php(57): CodeIgniter\Cache\Handlers\FileHandler->get('kecamatan_78_10...')
#4 /home/dnzwygdo/app/Views/admin/invoice/lihat.php(133): App\Libraries\Ongkir->kecamatan(78, 1034)
#5 /home/dnzwygdo/vendor/codeigniter4/framework/system/View/View.php(246): include('/home/dnzwygdo/...')
#6 /home/dnzwygdo/vendor/codeigniter4/framework/system/Common.php(1119): CodeIgniter\View\View->render('admin/invoice/l...', Array, true)
#7 /home/dnzwygdo/app/Controllers/Admin/Invoices.php(80): view('admin/invoice/l...', Array)
#8 /home/dnzwygdo/vendor/codeigniter4/framework/system/CodeIgniter.php(918): App\Controllers\Admin\Invoices->lihat('semua', 'semua')
#9 /home/dnzwygdo/vendor/codeigniter4/framework/system/CodeIgniter.php(404): CodeIgniter\CodeIgniter->runController(Object(App\Controllers\Admin\Invoices))
#10 /home/dnzwygdo/vendor/codeigniter4/framework/system/CodeIgniter.php(312): CodeIgniter\CodeIgniter->handleRequest(NULL, Object(Config\Cache), false)
#11 /home/dnzwygdo/public_html/index.php(45): CodeIgniter\CodeIgniter->run()
#12 {main}
CRITICAL - 2021-10-16 10:07:17 --> count(): Parameter must be an array or an object that implements Countable
#0 /home/dnzwygdo/app/Views/admin/invoice/lihat.php(112): CodeIgniter\Debug\Exceptions->errorHandler(2, 'count(): Parame...', '/home/dnzwygdo/...', 112, Array)
#1 /home/dnzwygdo/vendor/codeigniter4/framework/system/View/View.php(246): include('/home/dnzwygdo/...')
#2 /home/dnzwygdo/vendor/codeigniter4/framework/system/Common.php(1119): CodeIgniter\View\View->render('admin/invoice/l...', Array, true)
#3 /home/dnzwygdo/app/Controllers/Admin/Invoices.php(80): view('admin/invoice/l...', Array)
#4 /home/dnzwygdo/vendor/codeigniter4/framework/system/CodeIgniter.php(918): App\Controllers\Admin\Invoices->lihat('semua', 'semua')
#5 /home/dnzwygdo/vendor/codeigniter4/framework/system/CodeIgniter.php(404): CodeIgniter\CodeIgniter->runController(Object(App\Controllers\Admin\Invoices))
#6 /home/dnzwygdo/vendor/codeigniter4/framework/system/CodeIgniter.php(312): CodeIgniter\CodeIgniter->handleRequest(NULL, Object(Config\Cache), false)
#7 /home/dnzwygdo/public_html/index.php(45): CodeIgniter\CodeIgniter->run()
#8 {main}
