CRITICAL - 2022-06-08 12:04:10 --> Invalid argument supplied for foreach()
#0 /home/dnzwygdo/djuragancom/app/Views/template/invoice.php(249): CodeIgniter\Debug\Exceptions->errorHandler(2, 'Invalid argumen...', '/home/dnzwygdo/...', 249, Array)
#1 /home/dnzwygdo/djuragancom/vendor/codeigniter4/framework/system/View/View.php(210): include('/home/dnzwygdo/...')
#2 /home/dnzwygdo/djuragancom/vendor/codeigniter4/framework/system/View/View.php(213): CodeIgniter\View\View->CodeIgniter\View\{closure}()
#3 /home/dnzwygdo/djuragancom/vendor/codeigniter4/framework/system/Common.php(1089): CodeIgniter\View\View->render('template/invoic...', Array, true)
#4 /home/dnzwygdo/djuragancom/app/Controllers/Download.php(23): view('template/invoic...', Array)
#5 /home/dnzwygdo/djuragancom/vendor/codeigniter4/framework/system/CodeIgniter.php(832): App\Controllers\Download->invoice('DF1654664625')
#6 /home/dnzwygdo/djuragancom/vendor/codeigniter4/framework/system/CodeIgniter.php(419): CodeIgniter\CodeIgniter->runController(Object(App\Controllers\Download))
#7 /home/dnzwygdo/djuragancom/vendor/codeigniter4/framework/system/CodeIgniter.php(326): CodeIgniter\CodeIgniter->handleRequest(NULL, Object(Config\Cache), false)
#8 /home/dnzwygdo/public_html/index.php(37): CodeIgniter\CodeIgniter->run()
#9 {main}
CRITICAL - 2022-06-08 12:04:16 --> Invalid argument supplied for foreach()
#0 /home/dnzwygdo/djuragancom/app/Views/template/invoice.php(249): CodeIgniter\Debug\Exceptions->errorHandler(2, 'Invalid argumen...', '/home/dnzwygdo/...', 249, Array)
#1 /home/dnzwygdo/djuragancom/vendor/codeigniter4/framework/system/View/View.php(210): include('/home/dnzwygdo/...')
#2 /home/dnzwygdo/djuragancom/vendor/codeigniter4/framework/system/View/View.php(213): CodeIgniter\View\View->CodeIgniter\View\{closure}()
#3 /home/dnzwygdo/djuragancom/vendor/codeigniter4/framework/system/Common.php(1089): CodeIgniter\View\View->render('template/invoic...', Array, true)
#4 /home/dnzwygdo/djuragancom/app/Controllers/Download.php(23): view('template/invoic...', Array)
#5 /home/dnzwygdo/djuragancom/vendor/codeigniter4/framework/system/CodeIgniter.php(832): App\Controllers\Download->invoice('DF1654664625')
#6 /home/dnzwygdo/djuragancom/vendor/codeigniter4/framework/system/CodeIgniter.php(419): CodeIgniter\CodeIgniter->runController(Object(App\Controllers\Download))
#7 /home/dnzwygdo/djuragancom/vendor/codeigniter4/framework/system/CodeIgniter.php(326): CodeIgniter\CodeIgniter->handleRequest(NULL, Object(Config\Cache), false)
#8 /home/dnzwygdo/public_html/index.php(37): CodeIgniter\CodeIgniter->run()
#9 {main}
CRITICAL - 2022-06-08 12:04:48 --> Invalid argument supplied for foreach()
#0 /home/dnzwygdo/djuragancom/app/Views/template/invoice.php(249): CodeIgniter\Debug\Exceptions->errorHandler(2, 'Invalid argumen...', '/home/dnzwygdo/...', 249, Array)
#1 /home/dnzwygdo/djuragancom/vendor/codeigniter4/framework/system/View/View.php(210): include('/home/dnzwygdo/...')
#2 /home/dnzwygdo/djuragancom/vendor/codeigniter4/framework/system/View/View.php(213): CodeIgniter\View\View->CodeIgniter\View\{closure}()
#3 /home/dnzwygdo/djuragancom/vendor/codeigniter4/framework/system/Common.php(1089): CodeIgniter\View\View->render('template/invoic...', Array, true)
#4 /home/dnzwygdo/djuragancom/app/Controllers/Download.php(23): view('template/invoic...', Array)
#5 /home/dnzwygdo/djuragancom/vendor/codeigniter4/framework/system/CodeIgniter.php(832): App\Controllers\Download->invoice('DF1654664625')
#6 /home/dnzwygdo/djuragancom/vendor/codeigniter4/framework/system/CodeIgniter.php(419): CodeIgniter\CodeIgniter->runController(Object(App\Controllers\Download))
#7 /home/dnzwygdo/djuragancom/vendor/codeigniter4/framework/system/CodeIgniter.php(326): CodeIgniter\CodeIgniter->handleRequest(NULL, Object(Config\Cache), false)
#8 /home/dnzwygdo/public_html/index.php(37): CodeIgniter\CodeIgniter->run()
#9 {main}
CRITICAL - 2022-06-08 12:05:10 --> Invalid argument supplied for foreach()
#0 /home/dnzwygdo/djuragancom/app/Views/template/invoice.php(249): CodeIgniter\Debug\Exceptions->errorHandler(2, 'Invalid argumen...', '/home/dnzwygdo/...', 249, Array)
#1 /home/dnzwygdo/djuragancom/vendor/codeigniter4/framework/system/View/View.php(210): include('/home/dnzwygdo/...')
#2 /home/dnzwygdo/djuragancom/vendor/codeigniter4/framework/system/View/View.php(213): CodeIgniter\View\View->CodeIgniter\View\{closure}()
#3 /home/dnzwygdo/djuragancom/vendor/codeigniter4/framework/system/Common.php(1089): CodeIgniter\View\View->render('template/invoic...', Array, true)
#4 /home/dnzwygdo/djuragancom/app/Controllers/Download.php(23): view('template/invoic...', Array)
#5 /home/dnzwygdo/djuragancom/vendor/codeigniter4/framework/system/CodeIgniter.php(832): App\Controllers\Download->invoice('DF1654664625')
#6 /home/dnzwygdo/djuragancom/vendor/codeigniter4/framework/system/CodeIgniter.php(419): CodeIgniter\CodeIgniter->runController(Object(App\Controllers\Download))
#7 /home/dnzwygdo/djuragancom/vendor/codeigniter4/framework/system/CodeIgniter.php(326): CodeIgniter\CodeIgniter->handleRequest(NULL, Object(Config\Cache), false)
#8 /home/dnzwygdo/public_html/index.php(37): CodeIgniter\CodeIgniter->run()
#9 {main}
CRITICAL - 2022-06-08 12:05:29 --> Invalid argument supplied for foreach()
#0 /home/dnzwygdo/djuragancom/app/Views/template/invoice.php(249): CodeIgniter\Debug\Exceptions->errorHandler(2, 'Invalid argumen...', '/home/dnzwygdo/...', 249, Array)
#1 /home/dnzwygdo/djuragancom/vendor/codeigniter4/framework/system/View/View.php(210): include('/home/dnzwygdo/...')
#2 /home/dnzwygdo/djuragancom/vendor/codeigniter4/framework/system/View/View.php(213): CodeIgniter\View\View->CodeIgniter\View\{closure}()
#3 /home/dnzwygdo/djuragancom/vendor/codeigniter4/framework/system/Common.php(1089): CodeIgniter\View\View->render('template/invoic...', Array, true)
#4 /home/dnzwygdo/djuragancom/app/Controllers/Download.php(23): view('template/invoic...', Array)
#5 /home/dnzwygdo/djuragancom/vendor/codeigniter4/framework/system/CodeIgniter.php(832): App\Controllers\Download->invoice('DF1654664625')
#6 /home/dnzwygdo/djuragancom/vendor/codeigniter4/framework/system/CodeIgniter.php(419): CodeIgniter\CodeIgniter->runController(Object(App\Controllers\Download))
#7 /home/dnzwygdo/djuragancom/vendor/codeigniter4/framework/system/CodeIgniter.php(326): CodeIgniter\CodeIgniter->handleRequest(NULL, Object(Config\Cache), false)
#8 /home/dnzwygdo/public_html/index.php(37): CodeIgniter\CodeIgniter->run()
#9 {main}
CRITICAL - 2022-06-08 12:06:06 --> Invalid argument supplied for foreach()
#0 /home/dnzwygdo/djuragancom/app/Views/template/invoice.php(249): CodeIgniter\Debug\Exceptions->errorHandler(2, 'Invalid argumen...', '/home/dnzwygdo/...', 249, Array)
#1 /home/dnzwygdo/djuragancom/vendor/codeigniter4/framework/system/View/View.php(210): include('/home/dnzwygdo/...')
#2 /home/dnzwygdo/djuragancom/vendor/codeigniter4/framework/system/View/View.php(213): CodeIgniter\View\View->CodeIgniter\View\{closure}()
#3 /home/dnzwygdo/djuragancom/vendor/codeigniter4/framework/system/Common.php(1089): CodeIgniter\View\View->render('template/invoic...', Array, true)
#4 /home/dnzwygdo/djuragancom/app/Controllers/Download.php(23): view('template/invoic...', Array)
#5 /home/dnzwygdo/djuragancom/vendor/codeigniter4/framework/system/CodeIgniter.php(832): App\Controllers\Download->invoice('DF1654664625')
#6 /home/dnzwygdo/djuragancom/vendor/codeigniter4/framework/system/CodeIgniter.php(419): CodeIgniter\CodeIgniter->runController(Object(App\Controllers\Download))
#7 /home/dnzwygdo/djuragancom/vendor/codeigniter4/framework/system/CodeIgniter.php(326): CodeIgniter\CodeIgniter->handleRequest(NULL, Object(Config\Cache), false)
#8 /home/dnzwygdo/public_html/index.php(37): CodeIgniter\CodeIgniter->run()
#9 {main}
CRITICAL - 2022-06-08 12:06:27 --> Invalid argument supplied for foreach()
#0 /home/dnzwygdo/djuragancom/app/Views/template/invoice.php(249): CodeIgniter\Debug\Exceptions->errorHandler(2, 'Invalid argumen...', '/home/dnzwygdo/...', 249, Array)
#1 /home/dnzwygdo/djuragancom/vendor/codeigniter4/framework/system/View/View.php(210): include('/home/dnzwygdo/...')
#2 /home/dnzwygdo/djuragancom/vendor/codeigniter4/framework/system/View/View.php(213): CodeIgniter\View\View->CodeIgniter\View\{closure}()
#3 /home/dnzwygdo/djuragancom/vendor/codeigniter4/framework/system/Common.php(1089): CodeIgniter\View\View->render('template/invoic...', Array, true)
#4 /home/dnzwygdo/djuragancom/app/Controllers/Download.php(23): view('template/invoic...', Array)
#5 /home/dnzwygdo/djuragancom/vendor/codeigniter4/framework/system/CodeIgniter.php(832): App\Controllers\Download->invoice('DF1654664625')
#6 /home/dnzwygdo/djuragancom/vendor/codeigniter4/framework/system/CodeIgniter.php(419): CodeIgniter\CodeIgniter->runController(Object(App\Controllers\Download))
#7 /home/dnzwygdo/djuragancom/vendor/codeigniter4/framework/system/CodeIgniter.php(326): CodeIgniter\CodeIgniter->handleRequest(NULL, Object(Config\Cache), false)
#8 /home/dnzwygdo/public_html/index.php(37): CodeIgniter\CodeIgniter->run()
#9 {main}
CRITICAL - 2022-06-08 12:08:36 --> Invalid argument supplied for foreach()
#0 /home/dnzwygdo/djuragancom/app/Views/template/invoice.php(249): CodeIgniter\Debug\Exceptions->errorHandler(2, 'Invalid argumen...', '/home/dnzwygdo/...', 249, Array)
#1 /home/dnzwygdo/djuragancom/vendor/codeigniter4/framework/system/View/View.php(210): include('/home/dnzwygdo/...')
#2 /home/dnzwygdo/djuragancom/vendor/codeigniter4/framework/system/View/View.php(213): CodeIgniter\View\View->CodeIgniter\View\{closure}()
#3 /home/dnzwygdo/djuragancom/vendor/codeigniter4/framework/system/Common.php(1089): CodeIgniter\View\View->render('template/invoic...', Array, true)
#4 /home/dnzwygdo/djuragancom/app/Controllers/Download.php(23): view('template/invoic...', Array)
#5 /home/dnzwygdo/djuragancom/vendor/codeigniter4/framework/system/CodeIgniter.php(832): App\Controllers\Download->invoice('DF1654664625')
#6 /home/dnzwygdo/djuragancom/vendor/codeigniter4/framework/system/CodeIgniter.php(419): CodeIgniter\CodeIgniter->runController(Object(App\Controllers\Download))
#7 /home/dnzwygdo/djuragancom/vendor/codeigniter4/framework/system/CodeIgniter.php(326): CodeIgniter\CodeIgniter->handleRequest(NULL, Object(Config\Cache), false)
#8 /home/dnzwygdo/public_html/index.php(37): CodeIgniter\CodeIgniter->run()
#9 {main}
CRITICAL - 2022-06-08 12:09:40 --> Invalid argument supplied for foreach()
#0 /home/dnzwygdo/djuragancom/app/Views/template/invoice.php(249): CodeIgniter\Debug\Exceptions->errorHandler(2, 'Invalid argumen...', '/home/dnzwygdo/...', 249, Array)
#1 /home/dnzwygdo/djuragancom/vendor/codeigniter4/framework/system/View/View.php(210): include('/home/dnzwygdo/...')
#2 /home/dnzwygdo/djuragancom/vendor/codeigniter4/framework/system/View/View.php(213): CodeIgniter\View\View->CodeIgniter\View\{closure}()
#3 /home/dnzwygdo/djuragancom/vendor/codeigniter4/framework/system/Common.php(1089): CodeIgniter\View\View->render('template/invoic...', Array, true)
#4 /home/dnzwygdo/djuragancom/app/Controllers/Download.php(23): view('template/invoic...', Array)
#5 /home/dnzwygdo/djuragancom/vendor/codeigniter4/framework/system/CodeIgniter.php(832): App\Controllers\Download->invoice('DF1654664625')
#6 /home/dnzwygdo/djuragancom/vendor/codeigniter4/framework/system/CodeIgniter.php(419): CodeIgniter\CodeIgniter->runController(Object(App\Controllers\Download))
#7 /home/dnzwygdo/djuragancom/vendor/codeigniter4/framework/system/CodeIgniter.php(326): CodeIgniter\CodeIgniter->handleRequest(NULL, Object(Config\Cache), false)
#8 /home/dnzwygdo/public_html/index.php(37): CodeIgniter\CodeIgniter->run()
#9 {main}
CRITICAL - 2022-06-08 12:23:18 --> Invalid argument supplied for foreach()
#0 /home/dnzwygdo/djuragancom/app/Views/template/invoice.php(249): CodeIgniter\Debug\Exceptions->errorHandler(2, 'Invalid argumen...', '/home/dnzwygdo/...', 249, Array)
#1 /home/dnzwygdo/djuragancom/vendor/codeigniter4/framework/system/View/View.php(210): include('/home/dnzwygdo/...')
#2 /home/dnzwygdo/djuragancom/vendor/codeigniter4/framework/system/View/View.php(213): CodeIgniter\View\View->CodeIgniter\View\{closure}()
#3 /home/dnzwygdo/djuragancom/vendor/codeigniter4/framework/system/Common.php(1089): CodeIgniter\View\View->render('template/invoic...', Array, true)
#4 /home/dnzwygdo/djuragancom/app/Controllers/Download.php(23): view('template/invoic...', Array)
#5 /home/dnzwygdo/djuragancom/vendor/codeigniter4/framework/system/CodeIgniter.php(832): App\Controllers\Download->invoice('DF1654664625')
#6 /home/dnzwygdo/djuragancom/vendor/codeigniter4/framework/system/CodeIgniter.php(419): CodeIgniter\CodeIgniter->runController(Object(App\Controllers\Download))
#7 /home/dnzwygdo/djuragancom/vendor/codeigniter4/framework/system/CodeIgniter.php(326): CodeIgniter\CodeIgniter->handleRequest(NULL, Object(Config\Cache), false)
#8 /home/dnzwygdo/public_html/index.php(37): CodeIgniter\CodeIgniter->run()
#9 {main}
CRITICAL - 2022-06-08 12:23:37 --> Invalid argument supplied for foreach()
#0 /home/dnzwygdo/djuragancom/app/Views/template/invoice.php(249): CodeIgniter\Debug\Exceptions->errorHandler(2, 'Invalid argumen...', '/home/dnzwygdo/...', 249, Array)
#1 /home/dnzwygdo/djuragancom/vendor/codeigniter4/framework/system/View/View.php(210): include('/home/dnzwygdo/...')
#2 /home/dnzwygdo/djuragancom/vendor/codeigniter4/framework/system/View/View.php(213): CodeIgniter\View\View->CodeIgniter\View\{closure}()
#3 /home/dnzwygdo/djuragancom/vendor/codeigniter4/framework/system/Common.php(1089): CodeIgniter\View\View->render('template/invoic...', Array, true)
#4 /home/dnzwygdo/djuragancom/app/Controllers/Download.php(23): view('template/invoic...', Array)
#5 /home/dnzwygdo/djuragancom/vendor/codeigniter4/framework/system/CodeIgniter.php(832): App\Controllers\Download->invoice('DF1654664625')
#6 /home/dnzwygdo/djuragancom/vendor/codeigniter4/framework/system/CodeIgniter.php(419): CodeIgniter\CodeIgniter->runController(Object(App\Controllers\Download))
#7 /home/dnzwygdo/djuragancom/vendor/codeigniter4/framework/system/CodeIgniter.php(326): CodeIgniter\CodeIgniter->handleRequest(NULL, Object(Config\Cache), false)
#8 /home/dnzwygdo/public_html/index.php(37): CodeIgniter\CodeIgniter->run()
#9 {main}
CRITICAL - 2022-06-08 12:23:47 --> Invalid argument supplied for foreach()
#0 /home/dnzwygdo/djuragancom/app/Views/template/invoice.php(249): CodeIgniter\Debug\Exceptions->errorHandler(2, 'Invalid argumen...', '/home/dnzwygdo/...', 249, Array)
#1 /home/dnzwygdo/djuragancom/vendor/codeigniter4/framework/system/View/View.php(210): include('/home/dnzwygdo/...')
#2 /home/dnzwygdo/djuragancom/vendor/codeigniter4/framework/system/View/View.php(213): CodeIgniter\View\View->CodeIgniter\View\{closure}()
#3 /home/dnzwygdo/djuragancom/vendor/codeigniter4/framework/system/Common.php(1089): CodeIgniter\View\View->render('template/invoic...', Array, true)
#4 /home/dnzwygdo/djuragancom/app/Controllers/Download.php(23): view('template/invoic...', Array)
#5 /home/dnzwygdo/djuragancom/vendor/codeigniter4/framework/system/CodeIgniter.php(832): App\Controllers\Download->invoice('DF1654664625')
#6 /home/dnzwygdo/djuragancom/vendor/codeigniter4/framework/system/CodeIgniter.php(419): CodeIgniter\CodeIgniter->runController(Object(App\Controllers\Download))
#7 /home/dnzwygdo/djuragancom/vendor/codeigniter4/framework/system/CodeIgniter.php(326): CodeIgniter\CodeIgniter->handleRequest(NULL, Object(Config\Cache), false)
#8 /home/dnzwygdo/public_html/index.php(37): CodeIgniter\CodeIgniter->run()
#9 {main}
CRITICAL - 2022-06-08 12:26:32 --> Invalid argument supplied for foreach()
#0 /home/dnzwygdo/djuragancom/app/Views/template/invoice.php(249): CodeIgniter\Debug\Exceptions->errorHandler(2, 'Invalid argumen...', '/home/dnzwygdo/...', 249, Array)
#1 /home/dnzwygdo/djuragancom/vendor/codeigniter4/framework/system/View/View.php(210): include('/home/dnzwygdo/...')
#2 /home/dnzwygdo/djuragancom/vendor/codeigniter4/framework/system/View/View.php(213): CodeIgniter\View\View->CodeIgniter\View\{closure}()
#3 /home/dnzwygdo/djuragancom/vendor/codeigniter4/framework/system/Common.php(1089): CodeIgniter\View\View->render('template/invoic...', Array, true)
#4 /home/dnzwygdo/djuragancom/app/Controllers/Download.php(23): view('template/invoic...', Array)
#5 /home/dnzwygdo/djuragancom/vendor/codeigniter4/framework/system/CodeIgniter.php(832): App\Controllers\Download->invoice('DF1654664625')
#6 /home/dnzwygdo/djuragancom/vendor/codeigniter4/framework/system/CodeIgniter.php(419): CodeIgniter\CodeIgniter->runController(Object(App\Controllers\Download))
#7 /home/dnzwygdo/djuragancom/vendor/codeigniter4/framework/system/CodeIgniter.php(326): CodeIgniter\CodeIgniter->handleRequest(NULL, Object(Config\Cache), false)
#8 /home/dnzwygdo/public_html/index.php(37): CodeIgniter\CodeIgniter->run()
#9 {main}
