CRITICAL - 2021-10-23 09:02:08 --> count(): Parameter must be an array or an object that implements Countable
#0 /home/dnzwygdo/app/Views/admin/invoice/lihat.php(112): CodeIgniter\Debug\Exceptions->errorHandler(2, 'count(): Parame...', '/home/dnzwygdo/...', 112, Array)
#1 /home/dnzwygdo/vendor/codeigniter4/framework/system/View/View.php(246): include('/home/dnzwygdo/...')
#2 /home/dnzwygdo/vendor/codeigniter4/framework/system/Common.php(1119): CodeIgniter\View\View->render('admin/invoice/l...', Array, true)
#3 /home/dnzwygdo/app/Controllers/Admin/Invoices.php(80): view('admin/invoice/l...', Array)
#4 /home/dnzwygdo/vendor/codeigniter4/framework/system/CodeIgniter.php(918): App\Controllers\Admin\Invoices->lihat('semua', 'semua')
#5 /home/dnzwygdo/vendor/codeigniter4/framework/system/CodeIgniter.php(404): CodeIgniter\CodeIgniter->runController(Object(App\Controllers\Admin\Invoices))
#6 /home/dnzwygdo/vendor/codeigniter4/framework/system/CodeIgniter.php(312): CodeIgniter\CodeIgniter->handleRequest(NULL, Object(Config\Cache), false)
#7 /home/dnzwygdo/public_html/index.php(45): CodeIgniter\CodeIgniter->run()
#8 {main}
CRITICAL - 2021-10-23 11:00:06 --> unlink(/home/dnzwygdo/writable/cache/kecamatan_409_5641): No such file or directory
#0 [internal function]: CodeIgniter\Debug\Exceptions->errorHandler(2, 'unlink(/home/dn...', '/home/dnzwygdo/...', 328, Array)
#1 /home/dnzwygdo/vendor/codeigniter4/framework/system/Cache/Handlers/FileHandler.php(328): unlink('/home/dnzwygdo/...')
#2 /home/dnzwygdo/vendor/codeigniter4/framework/system/Cache/Handlers/FileHandler.php(108): CodeIgniter\Cache\Handlers\FileHandler->getItem('kecamatan_409_5...')
#3 /home/dnzwygdo/app/Libraries/Ongkir.php(57): CodeIgniter\Cache\Handlers\FileHandler->get('kecamatan_409_5...')
#4 /home/dnzwygdo/app/Views/admin/invoice/lihat.php(133): App\Libraries\Ongkir->kecamatan(409, 5641)
#5 /home/dnzwygdo/vendor/codeigniter4/framework/system/View/View.php(246): include('/home/dnzwygdo/...')
#6 /home/dnzwygdo/vendor/codeigniter4/framework/system/Common.php(1119): CodeIgniter\View\View->render('admin/invoice/l...', Array, true)
#7 /home/dnzwygdo/app/Controllers/Admin/Invoices.php(80): view('admin/invoice/l...', Array)
#8 /home/dnzwygdo/vendor/codeigniter4/framework/system/CodeIgniter.php(918): App\Controllers\Admin\Invoices->lihat('semua', 'semua')
#9 /home/dnzwygdo/vendor/codeigniter4/framework/system/CodeIgniter.php(404): CodeIgniter\CodeIgniter->runController(Object(App\Controllers\Admin\Invoices))
#10 /home/dnzwygdo/vendor/codeigniter4/framework/system/CodeIgniter.php(312): CodeIgniter\CodeIgniter->handleRequest(NULL, Object(Config\Cache), false)
#11 /home/dnzwygdo/public_html/index.php(45): CodeIgniter\CodeIgniter->run()
#12 {main}
CRITICAL - 2021-10-23 12:53:54 --> count(): Parameter must be an array or an object that implements Countable
#0 /home/dnzwygdo/app/Views/user/invoice/lihat.php(112): CodeIgniter\Debug\Exceptions->errorHandler(2, 'count(): Parame...', '/home/dnzwygdo/...', 112, Array)
#1 /home/dnzwygdo/vendor/codeigniter4/framework/system/View/View.php(246): include('/home/dnzwygdo/...')
#2 /home/dnzwygdo/vendor/codeigniter4/framework/system/Common.php(1119): CodeIgniter\View\View->render('user/invoice/li...', Array, true)
#3 /home/dnzwygdo/app/Controllers/User/Invoices.php(179): view('user/invoice/li...', Array)
#4 /home/dnzwygdo/vendor/codeigniter4/framework/system/CodeIgniter.php(918): App\Controllers\User\Invoices->lihat('a09fb41208731a2...', 'semua')
#5 /home/dnzwygdo/vendor/codeigniter4/framework/system/CodeIgniter.php(404): CodeIgniter\CodeIgniter->runController(Object(App\Controllers\User\Invoices))
#6 /home/dnzwygdo/vendor/codeigniter4/framework/system/CodeIgniter.php(312): CodeIgniter\CodeIgniter->handleRequest(NULL, Object(Config\Cache), false)
#7 /home/dnzwygdo/public_html/index.php(45): CodeIgniter\CodeIgniter->run()
#8 {main}
CRITICAL - 2021-10-23 13:01:20 --> count(): Parameter must be an array or an object that implements Countable
#0 /home/dnzwygdo/app/Views/user/invoice/lihat.php(112): CodeIgniter\Debug\Exceptions->errorHandler(2, 'count(): Parame...', '/home/dnzwygdo/...', 112, Array)
#1 /home/dnzwygdo/vendor/codeigniter4/framework/system/View/View.php(246): include('/home/dnzwygdo/...')
#2 /home/dnzwygdo/vendor/codeigniter4/framework/system/Common.php(1119): CodeIgniter\View\View->render('user/invoice/li...', Array, true)
#3 /home/dnzwygdo/app/Controllers/User/Invoices.php(179): view('user/invoice/li...', Array)
#4 /home/dnzwygdo/vendor/codeigniter4/framework/system/CodeIgniter.php(918): App\Controllers\User\Invoices->lihat('a09fb41208731a2...', 'semua')
#5 /home/dnzwygdo/vendor/codeigniter4/framework/system/CodeIgniter.php(404): CodeIgniter\CodeIgniter->runController(Object(App\Controllers\User\Invoices))
#6 /home/dnzwygdo/vendor/codeigniter4/framework/system/CodeIgniter.php(312): CodeIgniter\CodeIgniter->handleRequest(NULL, Object(Config\Cache), false)
#7 /home/dnzwygdo/public_html/index.php(45): CodeIgniter\CodeIgniter->run()
#8 {main}
CRITICAL - 2021-10-23 13:06:50 --> count(): Parameter must be an array or an object that implements Countable
#0 /home/dnzwygdo/app/Views/user/invoice/lihat.php(112): CodeIgniter\Debug\Exceptions->errorHandler(2, 'count(): Parame...', '/home/dnzwygdo/...', 112, Array)
#1 /home/dnzwygdo/vendor/codeigniter4/framework/system/View/View.php(246): include('/home/dnzwygdo/...')
#2 /home/dnzwygdo/vendor/codeigniter4/framework/system/Common.php(1119): CodeIgniter\View\View->render('user/invoice/li...', Array, true)
#3 /home/dnzwygdo/app/Controllers/User/Invoices.php(179): view('user/invoice/li...', Array)
#4 /home/dnzwygdo/vendor/codeigniter4/framework/system/CodeIgniter.php(918): App\Controllers\User\Invoices->lihat('a09fb41208731a2...', 'semua')
#5 /home/dnzwygdo/vendor/codeigniter4/framework/system/CodeIgniter.php(404): CodeIgniter\CodeIgniter->runController(Object(App\Controllers\User\Invoices))
#6 /home/dnzwygdo/vendor/codeigniter4/framework/system/CodeIgniter.php(312): CodeIgniter\CodeIgniter->handleRequest(NULL, Object(Config\Cache), false)
#7 /home/dnzwygdo/public_html/index.php(45): CodeIgniter\CodeIgniter->run()
#8 {main}
CRITICAL - 2021-10-23 13:30:06 --> count(): Parameter must be an array or an object that implements Countable
#0 /home/dnzwygdo/app/Views/user/invoice/lihat.php(112): CodeIgniter\Debug\Exceptions->errorHandler(2, 'count(): Parame...', '/home/dnzwygdo/...', 112, Array)
#1 /home/dnzwygdo/vendor/codeigniter4/framework/system/View/View.php(246): include('/home/dnzwygdo/...')
#2 /home/dnzwygdo/vendor/codeigniter4/framework/system/Common.php(1119): CodeIgniter\View\View->render('user/invoice/li...', Array, true)
#3 /home/dnzwygdo/app/Controllers/User/Invoices.php(179): view('user/invoice/li...', Array)
#4 /home/dnzwygdo/vendor/codeigniter4/framework/system/CodeIgniter.php(918): App\Controllers\User\Invoices->lihat('a09fb41208731a2...', 'semua')
#5 /home/dnzwygdo/vendor/codeigniter4/framework/system/CodeIgniter.php(404): CodeIgniter\CodeIgniter->runController(Object(App\Controllers\User\Invoices))
#6 /home/dnzwygdo/vendor/codeigniter4/framework/system/CodeIgniter.php(312): CodeIgniter\CodeIgniter->handleRequest(NULL, Object(Config\Cache), false)
#7 /home/dnzwygdo/public_html/index.php(45): CodeIgniter\CodeIgniter->run()
#8 {main}
CRITICAL - 2021-10-23 13:30:39 --> count(): Parameter must be an array or an object that implements Countable
#0 /home/dnzwygdo/app/Views/user/invoice/lihat.php(112): CodeIgniter\Debug\Exceptions->errorHandler(2, 'count(): Parame...', '/home/dnzwygdo/...', 112, Array)
#1 /home/dnzwygdo/vendor/codeigniter4/framework/system/View/View.php(246): include('/home/dnzwygdo/...')
#2 /home/dnzwygdo/vendor/codeigniter4/framework/system/Common.php(1119): CodeIgniter\View\View->render('user/invoice/li...', Array, true)
#3 /home/dnzwygdo/app/Controllers/User/Invoices.php(179): view('user/invoice/li...', Array)
#4 /home/dnzwygdo/vendor/codeigniter4/framework/system/CodeIgniter.php(918): App\Controllers\User\Invoices->lihat('a09fb41208731a2...', 'semua')
#5 /home/dnzwygdo/vendor/codeigniter4/framework/system/CodeIgniter.php(404): CodeIgniter\CodeIgniter->runController(Object(App\Controllers\User\Invoices))
#6 /home/dnzwygdo/vendor/codeigniter4/framework/system/CodeIgniter.php(312): CodeIgniter\CodeIgniter->handleRequest(NULL, Object(Config\Cache), false)
#7 /home/dnzwygdo/public_html/index.php(45): CodeIgniter\CodeIgniter->run()
#8 {main}
CRITICAL - 2021-10-23 13:51:21 --> count(): Parameter must be an array or an object that implements Countable
#0 /home/dnzwygdo/app/Views/user/invoice/lihat.php(112): CodeIgniter\Debug\Exceptions->errorHandler(2, 'count(): Parame...', '/home/dnzwygdo/...', 112, Array)
#1 /home/dnzwygdo/vendor/codeigniter4/framework/system/View/View.php(246): include('/home/dnzwygdo/...')
#2 /home/dnzwygdo/vendor/codeigniter4/framework/system/Common.php(1119): CodeIgniter\View\View->render('user/invoice/li...', Array, true)
#3 /home/dnzwygdo/app/Controllers/User/Invoices.php(179): view('user/invoice/li...', Array)
#4 /home/dnzwygdo/vendor/codeigniter4/framework/system/CodeIgniter.php(918): App\Controllers\User\Invoices->lihat('a09fb41208731a2...', 'semua')
#5 /home/dnzwygdo/vendor/codeigniter4/framework/system/CodeIgniter.php(404): CodeIgniter\CodeIgniter->runController(Object(App\Controllers\User\Invoices))
#6 /home/dnzwygdo/vendor/codeigniter4/framework/system/CodeIgniter.php(312): CodeIgniter\CodeIgniter->handleRequest(NULL, Object(Config\Cache), false)
#7 /home/dnzwygdo/public_html/index.php(45): CodeIgniter\CodeIgniter->run()
#8 {main}
CRITICAL - 2021-10-23 13:52:01 --> count(): Parameter must be an array or an object that implements Countable
#0 /home/dnzwygdo/app/Views/user/invoice/lihat.php(112): CodeIgniter\Debug\Exceptions->errorHandler(2, 'count(): Parame...', '/home/dnzwygdo/...', 112, Array)
#1 /home/dnzwygdo/vendor/codeigniter4/framework/system/View/View.php(246): include('/home/dnzwygdo/...')
#2 /home/dnzwygdo/vendor/codeigniter4/framework/system/Common.php(1119): CodeIgniter\View\View->render('user/invoice/li...', Array, true)
#3 /home/dnzwygdo/app/Controllers/User/Invoices.php(179): view('user/invoice/li...', Array)
#4 /home/dnzwygdo/vendor/codeigniter4/framework/system/CodeIgniter.php(918): App\Controllers\User\Invoices->lihat('a09fb41208731a2...', 'semua')
#5 /home/dnzwygdo/vendor/codeigniter4/framework/system/CodeIgniter.php(404): CodeIgniter\CodeIgniter->runController(Object(App\Controllers\User\Invoices))
#6 /home/dnzwygdo/vendor/codeigniter4/framework/system/CodeIgniter.php(312): CodeIgniter\CodeIgniter->handleRequest(NULL, Object(Config\Cache), false)
#7 /home/dnzwygdo/public_html/index.php(45): CodeIgniter\CodeIgniter->run()
#8 {main}
CRITICAL - 2021-10-23 15:54:07 --> count(): Parameter must be an array or an object that implements Countable
#0 /home/dnzwygdo/app/Views/user/invoice/lihat.php(112): CodeIgniter\Debug\Exceptions->errorHandler(2, 'count(): Parame...', '/home/dnzwygdo/...', 112, Array)
#1 /home/dnzwygdo/vendor/codeigniter4/framework/system/View/View.php(246): include('/home/dnzwygdo/...')
#2 /home/dnzwygdo/vendor/codeigniter4/framework/system/Common.php(1119): CodeIgniter\View\View->render('user/invoice/li...', Array, true)
#3 /home/dnzwygdo/app/Controllers/User/Invoices.php(179): view('user/invoice/li...', Array)
#4 /home/dnzwygdo/vendor/codeigniter4/framework/system/CodeIgniter.php(918): App\Controllers\User\Invoices->lihat('a09fb41208731a2...', 'semua')
#5 /home/dnzwygdo/vendor/codeigniter4/framework/system/CodeIgniter.php(404): CodeIgniter\CodeIgniter->runController(Object(App\Controllers\User\Invoices))
#6 /home/dnzwygdo/vendor/codeigniter4/framework/system/CodeIgniter.php(312): CodeIgniter\CodeIgniter->handleRequest(NULL, Object(Config\Cache), false)
#7 /home/dnzwygdo/public_html/index.php(45): CodeIgniter\CodeIgniter->run()
#8 {main}
