CRITICAL - 2022-04-09 15:15:56 --> Invalid argument supplied for foreach()
#0 /home/dnzwygdo/djuragancom/app/Helpers/fungsi_helper.php(332): CodeIgniter\Debug\Exceptions->errorHandler(2, 'Invalid argumen...', '/home/dnzwygdo/...', 332, Array)
#1 /home/dnzwygdo/djuragancom/app/Views/user/invoice/lihat.php(94): status_pengiriman('[{"id":2807, "o...', '3')
#2 /home/dnzwygdo/djuragancom/vendor/codeigniter4/framework/system/View/View.php(210): include('/home/dnzwygdo/...')
#3 /home/dnzwygdo/djuragancom/vendor/codeigniter4/framework/system/View/View.php(213): CodeIgniter\View\View->CodeIgniter\View\{closure}()
#4 /home/dnzwygdo/djuragancom/vendor/codeigniter4/framework/system/Common.php(1089): CodeIgniter\View\View->render('user/invoice/li...', Array, true)
#5 /home/dnzwygdo/djuragancom/app/Controllers/User/Invoices.php(177): view('user/invoice/li...', Array)
#6 /home/dnzwygdo/djuragancom/vendor/codeigniter4/framework/system/CodeIgniter.php(832): App\Controllers\User\Invoices->lihat('a09fb41208731a2...', 'semua')
#7 /home/dnzwygdo/djuragancom/vendor/codeigniter4/framework/system/CodeIgniter.php(419): CodeIgniter\CodeIgniter->runController(Object(App\Controllers\User\Invoices))
#8 /home/dnzwygdo/djuragancom/vendor/codeigniter4/framework/system/CodeIgniter.php(326): CodeIgniter\CodeIgniter->handleRequest(NULL, Object(Config\Cache), false)
#9 /home/dnzwygdo/public_html/index.php(37): CodeIgniter\CodeIgniter->run()
#10 {main}
CRITICAL - 2022-04-09 15:16:27 --> Invalid argument supplied for foreach()
#0 /home/dnzwygdo/djuragancom/app/Helpers/fungsi_helper.php(332): CodeIgniter\Debug\Exceptions->errorHandler(2, 'Invalid argumen...', '/home/dnzwygdo/...', 332, Array)
#1 /home/dnzwygdo/djuragancom/app/Views/user/invoice/lihat.php(94): status_pengiriman('[{"id":2807, "o...', '3')
#2 /home/dnzwygdo/djuragancom/vendor/codeigniter4/framework/system/View/View.php(210): include('/home/dnzwygdo/...')
#3 /home/dnzwygdo/djuragancom/vendor/codeigniter4/framework/system/View/View.php(213): CodeIgniter\View\View->CodeIgniter\View\{closure}()
#4 /home/dnzwygdo/djuragancom/vendor/codeigniter4/framework/system/Common.php(1089): CodeIgniter\View\View->render('user/invoice/li...', Array, true)
#5 /home/dnzwygdo/djuragancom/app/Controllers/User/Invoices.php(177): view('user/invoice/li...', Array)
#6 /home/dnzwygdo/djuragancom/vendor/codeigniter4/framework/system/CodeIgniter.php(832): App\Controllers\User\Invoices->lihat('a09fb41208731a2...', 'semua')
#7 /home/dnzwygdo/djuragancom/vendor/codeigniter4/framework/system/CodeIgniter.php(419): CodeIgniter\CodeIgniter->runController(Object(App\Controllers\User\Invoices))
#8 /home/dnzwygdo/djuragancom/vendor/codeigniter4/framework/system/CodeIgniter.php(326): CodeIgniter\CodeIgniter->handleRequest(NULL, Object(Config\Cache), false)
#9 /home/dnzwygdo/public_html/index.php(37): CodeIgniter\CodeIgniter->run()
#10 {main}
CRITICAL - 2022-04-09 15:39:36 --> count(): Parameter must be an array or an object that implements Countable
#0 /home/dnzwygdo/djuragancom/app/Views/admin/invoice/lihat.php(112): CodeIgniter\Debug\Exceptions->errorHandler(2, 'count(): Parame...', '/home/dnzwygdo/...', 112, Array)
#1 /home/dnzwygdo/djuragancom/vendor/codeigniter4/framework/system/View/View.php(210): include('/home/dnzwygdo/...')
#2 /home/dnzwygdo/djuragancom/vendor/codeigniter4/framework/system/View/View.php(213): CodeIgniter\View\View->CodeIgniter\View\{closure}()
#3 /home/dnzwygdo/djuragancom/vendor/codeigniter4/framework/system/Common.php(1089): CodeIgniter\View\View->render('admin/invoice/l...', Array, true)
#4 /home/dnzwygdo/djuragancom/app/Controllers/Admin/Invoices.php(78): view('admin/invoice/l...', Array)
#5 /home/dnzwygdo/djuragancom/vendor/codeigniter4/framework/system/CodeIgniter.php(832): App\Controllers\Admin\Invoices->lihat('semua', 'semua')
#6 /home/dnzwygdo/djuragancom/vendor/codeigniter4/framework/system/CodeIgniter.php(419): CodeIgniter\CodeIgniter->runController(Object(App\Controllers\Admin\Invoices))
#7 /home/dnzwygdo/djuragancom/vendor/codeigniter4/framework/system/CodeIgniter.php(326): CodeIgniter\CodeIgniter->handleRequest(NULL, Object(Config\Cache), false)
#8 /home/dnzwygdo/public_html/index.php(37): CodeIgniter\CodeIgniter->run()
#9 {main}
