CRITICAL - 2021-06-24 09:16:22 --> Invalid argument supplied for foreach()
#0 /home/dnzwygdo/public_html/djuragan.com/orderan/app/Helpers/fungsi_helper.php(316): CodeIgniter\Debug\Exceptions->errorHandler(2, 'Invalid argumen...', '/home/dnzwygdo/...', 316, Array)
#1 /home/dnzwygdo/public_html/djuragan.com/orderan/app/Views/user/invoice/lihat.php(94): status_pengiriman('[{"id":2807, "o...', '3')
#2 /home/dnzwygdo/public_html/djuragan.com/orderan/vendor/codeigniter4/framework/system/View/View.php(246): include('/home/dnzwygdo/...')
#3 /home/dnzwygdo/public_html/djuragan.com/orderan/vendor/codeigniter4/framework/system/Common.php(1119): CodeIgniter\View\View->render('user/invoice/li...', Array, true)
#4 /home/dnzwygdo/public_html/djuragan.com/orderan/app/Controllers/User/Invoices.php(179): view('user/invoice/li...', Array)
#5 /home/dnzwygdo/public_html/djuragan.com/orderan/vendor/codeigniter4/framework/system/CodeIgniter.php(918): App\Controllers\User\Invoices->lihat('a09fb41208731a2...', 'semua')
#6 /home/dnzwygdo/public_html/djuragan.com/orderan/vendor/codeigniter4/framework/system/CodeIgniter.php(404): CodeIgniter\CodeIgniter->runController(Object(App\Controllers\User\Invoices))
#7 /home/dnzwygdo/public_html/djuragan.com/orderan/vendor/codeigniter4/framework/system/CodeIgniter.php(312): CodeIgniter\CodeIgniter->handleRequest(NULL, Object(Config\Cache), false)
#8 /home/dnzwygdo/public_html/djuragan.com/orderan/public/index.php(45): CodeIgniter\CodeIgniter->run()
#9 {main}
CRITICAL - 2021-06-24 09:20:11 --> Invalid argument supplied for foreach()
#0 /home/dnzwygdo/public_html/djuragan.com/orderan/app/Helpers/fungsi_helper.php(316): CodeIgniter\Debug\Exceptions->errorHandler(2, 'Invalid argumen...', '/home/dnzwygdo/...', 316, Array)
#1 /home/dnzwygdo/public_html/djuragan.com/orderan/app/Views/user/invoice/lihat.php(94): status_pengiriman('[{"id":2807, "o...', '3')
#2 /home/dnzwygdo/public_html/djuragan.com/orderan/vendor/codeigniter4/framework/system/View/View.php(246): include('/home/dnzwygdo/...')
#3 /home/dnzwygdo/public_html/djuragan.com/orderan/vendor/codeigniter4/framework/system/Common.php(1119): CodeIgniter\View\View->render('user/invoice/li...', Array, true)
#4 /home/dnzwygdo/public_html/djuragan.com/orderan/app/Controllers/User/Invoices.php(179): view('user/invoice/li...', Array)
#5 /home/dnzwygdo/public_html/djuragan.com/orderan/vendor/codeigniter4/framework/system/CodeIgniter.php(918): App\Controllers\User\Invoices->lihat('a09fb41208731a2...', 'semua')
#6 /home/dnzwygdo/public_html/djuragan.com/orderan/vendor/codeigniter4/framework/system/CodeIgniter.php(404): CodeIgniter\CodeIgniter->runController(Object(App\Controllers\User\Invoices))
#7 /home/dnzwygdo/public_html/djuragan.com/orderan/vendor/codeigniter4/framework/system/CodeIgniter.php(312): CodeIgniter\CodeIgniter->handleRequest(NULL, Object(Config\Cache), false)
#8 /home/dnzwygdo/public_html/djuragan.com/orderan/public/index.php(45): CodeIgniter\CodeIgniter->run()
#9 {main}
CRITICAL - 2021-06-24 09:21:40 --> Invalid argument supplied for foreach()
#0 /home/dnzwygdo/public_html/djuragan.com/orderan/app/Helpers/fungsi_helper.php(316): CodeIgniter\Debug\Exceptions->errorHandler(2, 'Invalid argumen...', '/home/dnzwygdo/...', 316, Array)
#1 /home/dnzwygdo/public_html/djuragan.com/orderan/app/Views/user/invoice/lihat.php(94): status_pengiriman('[{"id":2807, "o...', '3')
#2 /home/dnzwygdo/public_html/djuragan.com/orderan/vendor/codeigniter4/framework/system/View/View.php(246): include('/home/dnzwygdo/...')
#3 /home/dnzwygdo/public_html/djuragan.com/orderan/vendor/codeigniter4/framework/system/Common.php(1119): CodeIgniter\View\View->render('user/invoice/li...', Array, true)
#4 /home/dnzwygdo/public_html/djuragan.com/orderan/app/Controllers/User/Invoices.php(179): view('user/invoice/li...', Array)
#5 /home/dnzwygdo/public_html/djuragan.com/orderan/vendor/codeigniter4/framework/system/CodeIgniter.php(918): App\Controllers\User\Invoices->lihat('a09fb41208731a2...', 'semua')
#6 /home/dnzwygdo/public_html/djuragan.com/orderan/vendor/codeigniter4/framework/system/CodeIgniter.php(404): CodeIgniter\CodeIgniter->runController(Object(App\Controllers\User\Invoices))
#7 /home/dnzwygdo/public_html/djuragan.com/orderan/vendor/codeigniter4/framework/system/CodeIgniter.php(312): CodeIgniter\CodeIgniter->handleRequest(NULL, Object(Config\Cache), false)
#8 /home/dnzwygdo/public_html/djuragan.com/orderan/public/index.php(45): CodeIgniter\CodeIgniter->run()
#9 {main}
CRITICAL - 2021-06-24 09:23:38 --> Invalid argument supplied for foreach()
#0 /home/dnzwygdo/public_html/djuragan.com/orderan/app/Helpers/fungsi_helper.php(316): CodeIgniter\Debug\Exceptions->errorHandler(2, 'Invalid argumen...', '/home/dnzwygdo/...', 316, Array)
#1 /home/dnzwygdo/public_html/djuragan.com/orderan/app/Views/user/invoice/lihat.php(94): status_pengiriman('[{"id":2807, "o...', '3')
#2 /home/dnzwygdo/public_html/djuragan.com/orderan/vendor/codeigniter4/framework/system/View/View.php(246): include('/home/dnzwygdo/...')
#3 /home/dnzwygdo/public_html/djuragan.com/orderan/vendor/codeigniter4/framework/system/Common.php(1119): CodeIgniter\View\View->render('user/invoice/li...', Array, true)
#4 /home/dnzwygdo/public_html/djuragan.com/orderan/app/Controllers/User/Invoices.php(179): view('user/invoice/li...', Array)
#5 /home/dnzwygdo/public_html/djuragan.com/orderan/vendor/codeigniter4/framework/system/CodeIgniter.php(918): App\Controllers\User\Invoices->lihat('a09fb41208731a2...', 'semua')
#6 /home/dnzwygdo/public_html/djuragan.com/orderan/vendor/codeigniter4/framework/system/CodeIgniter.php(404): CodeIgniter\CodeIgniter->runController(Object(App\Controllers\User\Invoices))
#7 /home/dnzwygdo/public_html/djuragan.com/orderan/vendor/codeigniter4/framework/system/CodeIgniter.php(312): CodeIgniter\CodeIgniter->handleRequest(NULL, Object(Config\Cache), false)
#8 /home/dnzwygdo/public_html/djuragan.com/orderan/public/index.php(45): CodeIgniter\CodeIgniter->run()
#9 {main}
CRITICAL - 2021-06-24 16:27:58 --> Allowed memory size of 33554432 bytes exhausted (tried to allocate 20480 bytes)
#0 [internal function]: CodeIgniter\Debug\Exceptions->shutdownHandler()
#1 {main}
CRITICAL - 2021-06-24 16:28:01 --> Allowed memory size of 33554432 bytes exhausted (tried to allocate 20480 bytes)
#0 [internal function]: CodeIgniter\Debug\Exceptions->shutdownHandler()
#1 {main}
CRITICAL - 2021-06-24 16:43:24 --> Allowed memory size of 33554432 bytes exhausted (tried to allocate 2097160 bytes)
#0 [internal function]: CodeIgniter\Debug\Exceptions->shutdownHandler()
#1 {main}
CRITICAL - 2021-06-24 18:04:49 --> Invalid argument supplied for foreach()
#0 /home/dnzwygdo/public_html/djuragan.com/orderan/app/Helpers/fungsi_helper.php(316): CodeIgniter\Debug\Exceptions->errorHandler(2, 'Invalid argumen...', '/home/dnzwygdo/...', 316, Array)
#1 /home/dnzwygdo/public_html/djuragan.com/orderan/app/Views/user/invoice/lihat.php(94): status_pengiriman('[{"id":2807, "o...', '3')
#2 /home/dnzwygdo/public_html/djuragan.com/orderan/vendor/codeigniter4/framework/system/View/View.php(246): include('/home/dnzwygdo/...')
#3 /home/dnzwygdo/public_html/djuragan.com/orderan/vendor/codeigniter4/framework/system/Common.php(1119): CodeIgniter\View\View->render('user/invoice/li...', Array, true)
#4 /home/dnzwygdo/public_html/djuragan.com/orderan/app/Controllers/User/Invoices.php(179): view('user/invoice/li...', Array)
#5 /home/dnzwygdo/public_html/djuragan.com/orderan/vendor/codeigniter4/framework/system/CodeIgniter.php(918): App\Controllers\User\Invoices->lihat('a09fb41208731a2...', 'semua')
#6 /home/dnzwygdo/public_html/djuragan.com/orderan/vendor/codeigniter4/framework/system/CodeIgniter.php(404): CodeIgniter\CodeIgniter->runController(Object(App\Controllers\User\Invoices))
#7 /home/dnzwygdo/public_html/djuragan.com/orderan/vendor/codeigniter4/framework/system/CodeIgniter.php(312): CodeIgniter\CodeIgniter->handleRequest(NULL, Object(Config\Cache), false)
#8 /home/dnzwygdo/public_html/djuragan.com/orderan/public/index.php(45): CodeIgniter\CodeIgniter->run()
#9 {main}
