CRITICAL - 2022-12-12 15:02:46 --> Return value of App\Models\LabelInvoice::getSimple() must be an object, null returned
in APPPATH/Models/LabelInvoice.php on line 27.
 1 APPPATH/Models/InvoiceModel.php(85): App\Models\LabelInvoice->getSimple(8563)
 2 APPPATH/Controllers/Admin/Invoices.php(92): App\Models\InvoiceModel->getAll('semua', 0, [...])
 3 SYSTEMPATH/CodeIgniter.php(898): App\Controllers\Admin\Invoices->sunting('DL1670828264')
 4 SYSTEMPATH/CodeIgniter.php(457): CodeIgniter\CodeIgniter->runController(Object(App\Controllers\Admin\Invoices))
 5 SYSTEMPATH/CodeIgniter.php(340): CodeIgniter\CodeIgniter->handleRequest(null, Object(Config\Cache), false)
 6 FCPATH/index.php(67): CodeIgniter\CodeIgniter->run()
CRITICAL - 2022-12-12 15:02:49 --> Return value of App\Models\LabelInvoice::getSimple() must be an object, null returned
in APPPATH/Models/LabelInvoice.php on line 27.
 1 APPPATH/Models/InvoiceModel.php(85): App\Models\LabelInvoice->getSimple(8563)
 2 APPPATH/Controllers/Admin/Invoices.php(66): App\Models\InvoiceModel->getAll('semua', 0, [...], 20, 0)
 3 SYSTEMPATH/CodeIgniter.php(898): App\Controllers\Admin\Invoices->lihat('semua', 'semua')
 4 SYSTEMPATH/CodeIgniter.php(457): CodeIgniter\CodeIgniter->runController(Object(App\Controllers\Admin\Invoices))
 5 SYSTEMPATH/CodeIgniter.php(340): CodeIgniter\CodeIgniter->handleRequest(null, Object(Config\Cache), false)
 6 FCPATH/index.php(67): CodeIgniter\CodeIgniter->run()
CRITICAL - 2022-12-12 15:02:50 --> Return value of App\Models\LabelInvoice::getSimple() must be an object, null returned
in APPPATH/Models/LabelInvoice.php on line 27.
 1 APPPATH/Models/InvoiceModel.php(85): App\Models\LabelInvoice->getSimple(8563)
 2 APPPATH/Controllers/Admin/Invoices.php(92): App\Models\InvoiceModel->getAll('semua', 0, [...])
 3 SYSTEMPATH/CodeIgniter.php(898): App\Controllers\Admin\Invoices->sunting('DL1670828264')
 4 SYSTEMPATH/CodeIgniter.php(457): CodeIgniter\CodeIgniter->runController(Object(App\Controllers\Admin\Invoices))
 5 SYSTEMPATH/CodeIgniter.php(340): CodeIgniter\CodeIgniter->handleRequest(null, Object(Config\Cache), false)
 6 FCPATH/index.php(67): CodeIgniter\CodeIgniter->run()
CRITICAL - 2022-12-12 15:02:50 --> Return value of App\Models\LabelInvoice::getSimple() must be an object, null returned
in APPPATH/Models/LabelInvoice.php on line 27.
 1 APPPATH/Models/InvoiceModel.php(85): App\Models\LabelInvoice->getSimple(8563)
 2 APPPATH/Controllers/Admin/Invoices.php(66): App\Models\InvoiceModel->getAll('semua', 0, [...], 20, 0)
 3 SYSTEMPATH/CodeIgniter.php(898): App\Controllers\Admin\Invoices->lihat('semua', 'semua')
 4 SYSTEMPATH/CodeIgniter.php(457): CodeIgniter\CodeIgniter->runController(Object(App\Controllers\Admin\Invoices))
 5 SYSTEMPATH/CodeIgniter.php(340): CodeIgniter\CodeIgniter->handleRequest(null, Object(Config\Cache), false)
 6 FCPATH/index.php(67): CodeIgniter\CodeIgniter->run()
CRITICAL - 2022-12-12 15:02:55 --> Return value of App\Models\LabelInvoice::getSimple() must be an object, null returned
in APPPATH/Models/LabelInvoice.php on line 27.
 1 APPPATH/Models/InvoiceModel.php(85): App\Models\LabelInvoice->getSimple(8563)
 2 APPPATH/Controllers/Admin/Invoices.php(66): App\Models\InvoiceModel->getAll('semua', 0, [...], 20, 0)
 3 SYSTEMPATH/CodeIgniter.php(898): App\Controllers\Admin\Invoices->lihat('semua', 'semua')
 4 SYSTEMPATH/CodeIgniter.php(457): CodeIgniter\CodeIgniter->runController(Object(App\Controllers\Admin\Invoices))
 5 SYSTEMPATH/CodeIgniter.php(340): CodeIgniter\CodeIgniter->handleRequest(null, Object(Config\Cache), false)
 6 FCPATH/index.php(67): CodeIgniter\CodeIgniter->run()
CRITICAL - 2022-12-12 15:05:24 --> Return value of App\Models\LabelInvoice::getSimple() must be an object, null returned
in APPPATH/Models/LabelInvoice.php on line 27.
 1 APPPATH/Models/InvoiceModel.php(85): App\Models\LabelInvoice->getSimple(8563)
 2 APPPATH/Controllers/Admin/Invoices.php(66): App\Models\InvoiceModel->getAll('semua', 0, [...], 20, 0)
 3 SYSTEMPATH/CodeIgniter.php(898): App\Controllers\Admin\Invoices->lihat('semua', 'semua')
 4 SYSTEMPATH/CodeIgniter.php(457): CodeIgniter\CodeIgniter->runController(Object(App\Controllers\Admin\Invoices))
 5 SYSTEMPATH/CodeIgniter.php(340): CodeIgniter\CodeIgniter->handleRequest(null, Object(Config\Cache), false)
 6 FCPATH/index.php(67): CodeIgniter\CodeIgniter->run()
CRITICAL - 2022-12-12 15:05:34 --> Return value of App\Models\LabelInvoice::getSimple() must be an object, null returned
in APPPATH/Models/LabelInvoice.php on line 27.
 1 APPPATH/Models/InvoiceModel.php(85): App\Models\LabelInvoice->getSimple(8563)
 2 APPPATH/Controllers/Admin/Invoices.php(66): App\Models\InvoiceModel->getAll('semua', 0, [...], 20, 0)
 3 SYSTEMPATH/CodeIgniter.php(898): App\Controllers\Admin\Invoices->lihat('semua', 'semua')
 4 SYSTEMPATH/CodeIgniter.php(457): CodeIgniter\CodeIgniter->runController(Object(App\Controllers\Admin\Invoices))
 5 SYSTEMPATH/CodeIgniter.php(340): CodeIgniter\CodeIgniter->handleRequest(null, Object(Config\Cache), false)
 6 FCPATH/index.php(67): CodeIgniter\CodeIgniter->run()
CRITICAL - 2022-12-12 15:07:04 --> Return value of App\Models\LabelInvoice::getSimple() must be an object, null returned
in APPPATH/Models/LabelInvoice.php on line 27.
 1 APPPATH/Models/InvoiceModel.php(85): App\Models\LabelInvoice->getSimple(8563)
 2 APPPATH/Controllers/User/Invoices.php(156): App\Models\InvoiceModel->getAll('cek-bayar', 3, '/home/dnzwygdo/public_html', 20, 0)
 3 SYSTEMPATH/CodeIgniter.php(898): App\Controllers\User\Invoices->lihat('51e3988da1e21f4dd41ac864c601c3c55e9b556e', 'cek-bayar')
 4 SYSTEMPATH/CodeIgniter.php(457): CodeIgniter\CodeIgniter->runController(Object(App\Controllers\User\Invoices))
 5 SYSTEMPATH/CodeIgniter.php(340): CodeIgniter\CodeIgniter->handleRequest(null, Object(Config\Cache), false)
 6 FCPATH/index.php(67): CodeIgniter\CodeIgniter->run()
CRITICAL - 2022-12-12 15:07:04 --> Return value of App\Models\LabelInvoice::getSimple() must be an object, null returned
in APPPATH/Models/LabelInvoice.php on line 27.
 1 APPPATH/Models/InvoiceModel.php(85): App\Models\LabelInvoice->getSimple(8563)
 2 APPPATH/Controllers/User/Invoices.php(156): App\Models\InvoiceModel->getAll('cek-bayar', 3, '/home/dnzwygdo/public_html', 20, 0)
 3 SYSTEMPATH/CodeIgniter.php(898): App\Controllers\User\Invoices->lihat('51e3988da1e21f4dd41ac864c601c3c55e9b556e', 'cek-bayar')
 4 SYSTEMPATH/CodeIgniter.php(457): CodeIgniter\CodeIgniter->runController(Object(App\Controllers\User\Invoices))
 5 SYSTEMPATH/CodeIgniter.php(340): CodeIgniter\CodeIgniter->handleRequest(null, Object(Config\Cache), false)
 6 FCPATH/index.php(67): CodeIgniter\CodeIgniter->run()
CRITICAL - 2022-12-12 15:07:07 --> Return value of App\Models\LabelInvoice::getSimple() must be an object, null returned
in APPPATH/Models/LabelInvoice.php on line 27.
 1 APPPATH/Models/InvoiceModel.php(85): App\Models\LabelInvoice->getSimple(8563)
 2 APPPATH/Controllers/User/Invoices.php(156): App\Models\InvoiceModel->getAll('cek-bayar', 3, '/home/dnzwygdo/public_html', 20, 0)
 3 SYSTEMPATH/CodeIgniter.php(898): App\Controllers\User\Invoices->lihat('51e3988da1e21f4dd41ac864c601c3c55e9b556e', 'cek-bayar')
 4 SYSTEMPATH/CodeIgniter.php(457): CodeIgniter\CodeIgniter->runController(Object(App\Controllers\User\Invoices))
 5 SYSTEMPATH/CodeIgniter.php(340): CodeIgniter\CodeIgniter->handleRequest(null, Object(Config\Cache), false)
 6 FCPATH/index.php(67): CodeIgniter\CodeIgniter->run()
CRITICAL - 2022-12-12 15:07:11 --> Return value of App\Models\LabelInvoice::getSimple() must be an object, null returned
in APPPATH/Models/LabelInvoice.php on line 27.
 1 APPPATH/Models/InvoiceModel.php(85): App\Models\LabelInvoice->getSimple(8563)
 2 APPPATH/Controllers/User/Invoices.php(156): App\Models\InvoiceModel->getAll('cek-bayar', 3, '/home/dnzwygdo/public_html', 20, 0)
 3 SYSTEMPATH/CodeIgniter.php(898): App\Controllers\User\Invoices->lihat('51e3988da1e21f4dd41ac864c601c3c55e9b556e', 'cek-bayar')
 4 SYSTEMPATH/CodeIgniter.php(457): CodeIgniter\CodeIgniter->runController(Object(App\Controllers\User\Invoices))
 5 SYSTEMPATH/CodeIgniter.php(340): CodeIgniter\CodeIgniter->handleRequest(null, Object(Config\Cache), false)
 6 FCPATH/index.php(67): CodeIgniter\CodeIgniter->run()
CRITICAL - 2022-12-12 15:07:14 --> Return value of App\Models\LabelInvoice::getSimple() must be an object, null returned
in APPPATH/Models/LabelInvoice.php on line 27.
 1 APPPATH/Models/InvoiceModel.php(85): App\Models\LabelInvoice->getSimple(8563)
 2 APPPATH/Controllers/User/Invoices.php(156): App\Models\InvoiceModel->getAll('belum-proses', 3, '/home/dnzwygdo/public_html', 20, 0)
 3 SYSTEMPATH/CodeIgniter.php(898): App\Controllers\User\Invoices->lihat('51e3988da1e21f4dd41ac864c601c3c55e9b556e', 'belum-proses')
 4 SYSTEMPATH/CodeIgniter.php(457): CodeIgniter\CodeIgniter->runController(Object(App\Controllers\User\Invoices))
 5 SYSTEMPATH/CodeIgniter.php(340): CodeIgniter\CodeIgniter->handleRequest(null, Object(Config\Cache), false)
 6 FCPATH/index.php(67): CodeIgniter\CodeIgniter->run()
CRITICAL - 2022-12-12 15:07:35 --> Return value of App\Models\LabelInvoice::getSimple() must be an object, null returned
in APPPATH/Models/LabelInvoice.php on line 27.
 1 APPPATH/Models/InvoiceModel.php(85): App\Models\LabelInvoice->getSimple(8563)
 2 APPPATH/Controllers/User/Invoices.php(156): App\Models\InvoiceModel->getAll('semua', 3, [...], 20, 0)
 3 SYSTEMPATH/CodeIgniter.php(898): App\Controllers\User\Invoices->lihat('51e3988da1e21f4dd41ac864c601c3c55e9b556e', 'semua')
 4 SYSTEMPATH/CodeIgniter.php(457): CodeIgniter\CodeIgniter->runController(Object(App\Controllers\User\Invoices))
 5 SYSTEMPATH/CodeIgniter.php(340): CodeIgniter\CodeIgniter->handleRequest(null, Object(Config\Cache), false)
 6 FCPATH/index.php(67): CodeIgniter\CodeIgniter->run()
CRITICAL - 2022-12-12 15:07:56 --> Return value of App\Models\LabelInvoice::getSimple() must be an object, null returned
in APPPATH/Models/LabelInvoice.php on line 27.
 1 APPPATH/Models/InvoiceModel.php(85): App\Models\LabelInvoice->getSimple(8563)
 2 APPPATH/Controllers/User/Invoices.php(156): App\Models\InvoiceModel->getAll('semua', 3, [...], 20, 0)
 3 SYSTEMPATH/CodeIgniter.php(898): App\Controllers\User\Invoices->lihat('51e3988da1e21f4dd41ac864c601c3c55e9b556e', 'semua')
 4 SYSTEMPATH/CodeIgniter.php(457): CodeIgniter\CodeIgniter->runController(Object(App\Controllers\User\Invoices))
 5 SYSTEMPATH/CodeIgniter.php(340): CodeIgniter\CodeIgniter->handleRequest(null, Object(Config\Cache), false)
 6 FCPATH/index.php(67): CodeIgniter\CodeIgniter->run()
CRITICAL - 2022-12-12 15:07:56 --> Return value of App\Models\LabelInvoice::getSimple() must be an object, null returned
in APPPATH/Models/LabelInvoice.php on line 27.
 1 APPPATH/Models/InvoiceModel.php(85): App\Models\LabelInvoice->getSimple(8563)
 2 APPPATH/Controllers/User/Invoices.php(156): App\Models\InvoiceModel->getAll('semua', 3, [...], 20, 0)
 3 SYSTEMPATH/CodeIgniter.php(898): App\Controllers\User\Invoices->lihat('51e3988da1e21f4dd41ac864c601c3c55e9b556e', 'semua')
 4 SYSTEMPATH/CodeIgniter.php(457): CodeIgniter\CodeIgniter->runController(Object(App\Controllers\User\Invoices))
 5 SYSTEMPATH/CodeIgniter.php(340): CodeIgniter\CodeIgniter->handleRequest(null, Object(Config\Cache), false)
 6 FCPATH/index.php(67): CodeIgniter\CodeIgniter->run()
CRITICAL - 2022-12-12 15:08:58 --> Return value of App\Models\LabelInvoice::getSimple() must be an object, null returned
in APPPATH/Models/LabelInvoice.php on line 27.
 1 APPPATH/Models/InvoiceModel.php(85): App\Models\LabelInvoice->getSimple(8563)
 2 APPPATH/Controllers/Admin/Invoices.php(66): App\Models\InvoiceModel->getAll('semua', 0, [...], 20, 0)
 3 SYSTEMPATH/CodeIgniter.php(898): App\Controllers\Admin\Invoices->lihat('semua', 'semua')
 4 SYSTEMPATH/CodeIgniter.php(457): CodeIgniter\CodeIgniter->runController(Object(App\Controllers\Admin\Invoices))
 5 SYSTEMPATH/CodeIgniter.php(340): CodeIgniter\CodeIgniter->handleRequest(null, Object(Config\Cache), false)
 6 FCPATH/index.php(67): CodeIgniter\CodeIgniter->run()
CRITICAL - 2022-12-12 15:09:10 --> Return value of App\Models\LabelInvoice::getSimple() must be an object, null returned
in APPPATH/Models/LabelInvoice.php on line 27.
 1 APPPATH/Models/InvoiceModel.php(85): App\Models\LabelInvoice->getSimple(8563)
 2 APPPATH/Controllers/Admin/Invoices.php(66): App\Models\InvoiceModel->getAll('cek-bayar', 3, '/home/dnzwygdo/public_html', 20, 0)
 3 SYSTEMPATH/CodeIgniter.php(898): App\Controllers\Admin\Invoices->lihat('51e3988da1e21f4dd41ac864c601c3c55e9b556e')
 4 SYSTEMPATH/CodeIgniter.php(457): CodeIgniter\CodeIgniter->runController(Object(App\Controllers\Admin\Invoices))
 5 SYSTEMPATH/CodeIgniter.php(340): CodeIgniter\CodeIgniter->handleRequest(null, Object(Config\Cache), false)
 6 FCPATH/index.php(67): CodeIgniter\CodeIgniter->run()
CRITICAL - 2022-12-12 15:09:17 --> Return value of App\Models\LabelInvoice::getSimple() must be an object, null returned
in APPPATH/Models/LabelInvoice.php on line 27.
 1 APPPATH/Models/InvoiceModel.php(85): App\Models\LabelInvoice->getSimple(8563)
 2 APPPATH/Controllers/Admin/Invoices.php(66): App\Models\InvoiceModel->getAll('cek-bayar', 3, '/home/dnzwygdo/public_html', 20, 0)
 3 SYSTEMPATH/CodeIgniter.php(898): App\Controllers\Admin\Invoices->lihat('51e3988da1e21f4dd41ac864c601c3c55e9b556e')
 4 SYSTEMPATH/CodeIgniter.php(457): CodeIgniter\CodeIgniter->runController(Object(App\Controllers\Admin\Invoices))
 5 SYSTEMPATH/CodeIgniter.php(340): CodeIgniter\CodeIgniter->handleRequest(null, Object(Config\Cache), false)
 6 FCPATH/index.php(67): CodeIgniter\CodeIgniter->run()
CRITICAL - 2022-12-12 15:11:22 --> Return value of App\Models\LabelInvoice::getSimple() must be an object, null returned
in APPPATH/Models/LabelInvoice.php on line 27.
 1 APPPATH/Models/InvoiceModel.php(85): App\Models\LabelInvoice->getSimple(8563)
 2 APPPATH/Controllers/User/Invoices.php(156): App\Models\InvoiceModel->getAll('semua', 3, [...], 20, 0)
 3 SYSTEMPATH/CodeIgniter.php(898): App\Controllers\User\Invoices->lihat('51e3988da1e21f4dd41ac864c601c3c55e9b556e', 'semua')
 4 SYSTEMPATH/CodeIgniter.php(457): CodeIgniter\CodeIgniter->runController(Object(App\Controllers\User\Invoices))
 5 SYSTEMPATH/CodeIgniter.php(340): CodeIgniter\CodeIgniter->handleRequest(null, Object(Config\Cache), false)
 6 FCPATH/index.php(67): CodeIgniter\CodeIgniter->run()
ERROR - 2022-12-12 15:32:21 --> mysqli_sql_exception: You have an error in your SQL syntax; check the manual that corresponds to your MySQL server version for the right syntax to use near ')
AND `juragan_id` = 9
AND `order_invoice`.`deleted_at` IS NULL
ORDER BY `status' at line 3 in /home/dnzwygdo/djuragancom/vendor/codeigniter4/framework/system/Database/MySQLi/Connection.php:292
Stack trace:
#0 /home/dnzwygdo/djuragancom/vendor/codeigniter4/framework/system/Database/MySQLi/Connection.php(292): mysqli->query('SELECT *\nFROM `...', 0)
#1 /home/dnzwygdo/djuragancom/vendor/codeigniter4/framework/system/Database/BaseConnection.php(693): CodeIgniter\Database\MySQLi\Connection->execute('SELECT *\nFROM `...')
#2 /home/dnzwygdo/djuragancom/vendor/codeigniter4/framework/system/Database/BaseConnection.php(620): CodeIgniter\Database\BaseConnection->simpleQuery('SELECT *\nFROM `...')
#3 /home/dnzwygdo/djuragancom/vendor/codeigniter4/framework/system/Database/BaseBuilder.php(1585): CodeIgniter\Database\BaseConnection->query('SELECT *\nFROM `...', Array, false)
#4 /home/dnzwygdo/djuragancom/vendor/codeigniter4/framework/system/Model.php(222): CodeIgniter\Database\BaseBuilder->get()
#5 /home/dnzwygdo/djuragancom/vendor/codeigniter4/framework/system/BaseModel.php(584): CodeIgniter\Model->doFindAll(20, 0)
#6 /home/dnzwygdo/djuragancom/app/Models/InvoiceModel.php(73): CodeIgniter\BaseModel->findAll(20, 0)
#7 /home/dnzwygdo/djuragancom/app/Controllers/User/Invoices.php(156): App\Models\InvoiceModel->getAll('semua', 9, Array, 20, 0)
#8 /home/dnzwygdo/djuragancom/vendor/codeigniter4/framework/system/CodeIgniter.php(898): App\Controllers\User\Invoices->lihat('5cc83b910b2a957...', 'semua')
#9 /home/dnzwygdo/djuragancom/vendor/codeigniter4/framework/system/CodeIgniter.php(457): CodeIgniter\CodeIgniter->runController(Object(App\Controllers\User\Invoices))
#10 /home/dnzwygdo/djuragancom/vendor/codeigniter4/framework/system/CodeIgniter.php(340): CodeIgniter\CodeIgniter->handleRequest(NULL, Object(Config\Cache), false)
#11 /home/dnzwygdo/public_html/index.php(67): CodeIgniter\CodeIgniter->run()
#12 {main}
CRITICAL - 2022-12-12 15:32:21 --> Call to a member function getResult() on bool
in SYSTEMPATH/Model.php on line 223.
 1 SYSTEMPATH/BaseModel.php(584): CodeIgniter\Model->doFindAll(20, 0)
 2 APPPATH/Models/InvoiceModel.php(73): CodeIgniter\BaseModel->findAll(20, 0)
 3 APPPATH/Controllers/User/Invoices.php(156): App\Models\InvoiceModel->getAll('semua', 9, [...], 20, 0)
 4 SYSTEMPATH/CodeIgniter.php(898): App\Controllers\User\Invoices->lihat('5cc83b910b2a957306118cebd94ae49de7c72fbf', 'semua')
 5 SYSTEMPATH/CodeIgniter.php(457): CodeIgniter\CodeIgniter->runController(Object(App\Controllers\User\Invoices))
 6 SYSTEMPATH/CodeIgniter.php(340): CodeIgniter\CodeIgniter->handleRequest(null, Object(Config\Cache), false)
 7 FCPATH/index.php(67): CodeIgniter\CodeIgniter->run()
CRITICAL - 2022-12-12 15:38:25 --> Return value of App\Models\LabelInvoice::getSimple() must be an object, null returned
in APPPATH/Models/LabelInvoice.php on line 27.
 1 APPPATH/Models/InvoiceModel.php(85): App\Models\LabelInvoice->getSimple(8563)
 2 APPPATH/Controllers/Admin/Invoices.php(66): App\Models\InvoiceModel->getAll('semua', 0, [...], 20, 0)
 3 SYSTEMPATH/CodeIgniter.php(898): App\Controllers\Admin\Invoices->lihat('semua', 'semua')
 4 SYSTEMPATH/CodeIgniter.php(457): CodeIgniter\CodeIgniter->runController(Object(App\Controllers\Admin\Invoices))
 5 SYSTEMPATH/CodeIgniter.php(340): CodeIgniter\CodeIgniter->handleRequest(null, Object(Config\Cache), false)
 6 FCPATH/index.php(67): CodeIgniter\CodeIgniter->run()
ERROR - 2022-12-12 15:46:07 --> mysqli_sql_exception: You have an error in your SQL syntax; check the manual that corresponds to your MySQL server version for the right syntax to use near ')
AND `order_invoice`.`deleted_at` IS NULL
ORDER BY `status_pesanan` ASC, `tangg' at line 3 in /home/dnzwygdo/djuragancom/vendor/codeigniter4/framework/system/Database/MySQLi/Connection.php:292
Stack trace:
#0 /home/dnzwygdo/djuragancom/vendor/codeigniter4/framework/system/Database/MySQLi/Connection.php(292): mysqli->query('SELECT *\nFROM `...', 0)
#1 /home/dnzwygdo/djuragancom/vendor/codeigniter4/framework/system/Database/BaseConnection.php(693): CodeIgniter\Database\MySQLi\Connection->execute('SELECT *\nFROM `...')
#2 /home/dnzwygdo/djuragancom/vendor/codeigniter4/framework/system/Database/BaseConnection.php(620): CodeIgniter\Database\BaseConnection->simpleQuery('SELECT *\nFROM `...')
#3 /home/dnzwygdo/djuragancom/vendor/codeigniter4/framework/system/Database/BaseBuilder.php(1585): CodeIgniter\Database\BaseConnection->query('SELECT *\nFROM `...', Array, false)
#4 /home/dnzwygdo/djuragancom/vendor/codeigniter4/framework/system/Model.php(222): CodeIgniter\Database\BaseBuilder->get()
#5 /home/dnzwygdo/djuragancom/vendor/codeigniter4/framework/system/BaseModel.php(584): CodeIgniter\Model->doFindAll(20, 0)
#6 /home/dnzwygdo/djuragancom/app/Models/InvoiceModel.php(73): CodeIgniter\BaseModel->findAll(20, 0)
#7 /home/dnzwygdo/djuragancom/app/Controllers/Admin/Invoices.php(66): App\Models\InvoiceModel->getAll('semua', 0, Array, 20, 0)
#8 /home/dnzwygdo/djuragancom/vendor/codeigniter4/framework/system/CodeIgniter.php(898): App\Controllers\Admin\Invoices->lihat('semua', 'semua')
#9 /home/dnzwygdo/djuragancom/vendor/codeigniter4/framework/system/CodeIgniter.php(457): CodeIgniter\CodeIgniter->runController(Object(App\Controllers\Admin\Invoices))
#10 /home/dnzwygdo/djuragancom/vendor/codeigniter4/framework/system/CodeIgniter.php(340): CodeIgniter\CodeIgniter->handleRequest(NULL, Object(Config\Cache), false)
#11 /home/dnzwygdo/public_html/index.php(67): CodeIgniter\CodeIgniter->run()
#12 {main}
CRITICAL - 2022-12-12 15:46:07 --> Call to a member function getResult() on bool
in SYSTEMPATH/Model.php on line 223.
 1 SYSTEMPATH/BaseModel.php(584): CodeIgniter\Model->doFindAll(20, 0)
 2 APPPATH/Models/InvoiceModel.php(73): CodeIgniter\BaseModel->findAll(20, 0)
 3 APPPATH/Controllers/Admin/Invoices.php(66): App\Models\InvoiceModel->getAll('semua', 0, [...], 20, 0)
 4 SYSTEMPATH/CodeIgniter.php(898): App\Controllers\Admin\Invoices->lihat('semua', 'semua')
 5 SYSTEMPATH/CodeIgniter.php(457): CodeIgniter\CodeIgniter->runController(Object(App\Controllers\Admin\Invoices))
 6 SYSTEMPATH/CodeIgniter.php(340): CodeIgniter\CodeIgniter->handleRequest(null, Object(Config\Cache), false)
 7 FCPATH/index.php(67): CodeIgniter\CodeIgniter->run()
CRITICAL - 2022-12-12 15:51:28 --> Return value of App\Models\LabelInvoice::getSimple() must be an object, null returned
in APPPATH/Models/LabelInvoice.php on line 27.
 1 APPPATH/Models/InvoiceModel.php(85): App\Models\LabelInvoice->getSimple(8563)
 2 APPPATH/Controllers/User/Invoices.php(156): App\Models\InvoiceModel->getAll('cek-bayar', 3, '/home/dnzwygdo/public_html', 20, 0)
 3 SYSTEMPATH/CodeIgniter.php(898): App\Controllers\User\Invoices->lihat('51e3988da1e21f4dd41ac864c601c3c55e9b556e', 'cek-bayar')
 4 SYSTEMPATH/CodeIgniter.php(457): CodeIgniter\CodeIgniter->runController(Object(App\Controllers\User\Invoices))
 5 SYSTEMPATH/CodeIgniter.php(340): CodeIgniter\CodeIgniter->handleRequest(null, Object(Config\Cache), false)
 6 FCPATH/index.php(67): CodeIgniter\CodeIgniter->run()
CRITICAL - 2022-12-12 15:51:30 --> Return value of App\Models\LabelInvoice::getSimple() must be an object, null returned
in APPPATH/Models/LabelInvoice.php on line 27.
 1 APPPATH/Models/InvoiceModel.php(85): App\Models\LabelInvoice->getSimple(8563)
 2 APPPATH/Controllers/User/Invoices.php(156): App\Models\InvoiceModel->getAll('cek-bayar', 3, '/home/dnzwygdo/public_html', 20, 0)
 3 SYSTEMPATH/CodeIgniter.php(898): App\Controllers\User\Invoices->lihat('51e3988da1e21f4dd41ac864c601c3c55e9b556e', 'cek-bayar')
 4 SYSTEMPATH/CodeIgniter.php(457): CodeIgniter\CodeIgniter->runController(Object(App\Controllers\User\Invoices))
 5 SYSTEMPATH/CodeIgniter.php(340): CodeIgniter\CodeIgniter->handleRequest(null, Object(Config\Cache), false)
 6 FCPATH/index.php(67): CodeIgniter\CodeIgniter->run()
ERROR - 2022-12-12 15:58:39 --> mysqli_sql_exception: You have an error in your SQL syntax; check the manual that corresponds to your MySQL server version for the right syntax to use near ')
AND `order_invoice`.`deleted_at` IS NULL
ORDER BY `status_pesanan` ASC, `tangg' at line 3 in /home/dnzwygdo/djuragancom/vendor/codeigniter4/framework/system/Database/MySQLi/Connection.php:292
Stack trace:
#0 /home/dnzwygdo/djuragancom/vendor/codeigniter4/framework/system/Database/MySQLi/Connection.php(292): mysqli->query('SELECT *\nFROM `...', 0)
#1 /home/dnzwygdo/djuragancom/vendor/codeigniter4/framework/system/Database/BaseConnection.php(693): CodeIgniter\Database\MySQLi\Connection->execute('SELECT *\nFROM `...')
#2 /home/dnzwygdo/djuragancom/vendor/codeigniter4/framework/system/Database/BaseConnection.php(620): CodeIgniter\Database\BaseConnection->simpleQuery('SELECT *\nFROM `...')
#3 /home/dnzwygdo/djuragancom/vendor/codeigniter4/framework/system/Database/BaseBuilder.php(1585): CodeIgniter\Database\BaseConnection->query('SELECT *\nFROM `...', Array, false)
#4 /home/dnzwygdo/djuragancom/vendor/codeigniter4/framework/system/Model.php(222): CodeIgniter\Database\BaseBuilder->get()
#5 /home/dnzwygdo/djuragancom/vendor/codeigniter4/framework/system/BaseModel.php(584): CodeIgniter\Model->doFindAll(20, 0)
#6 /home/dnzwygdo/djuragancom/app/Models/InvoiceModel.php(73): CodeIgniter\BaseModel->findAll(20, 0)
#7 /home/dnzwygdo/djuragancom/app/Controllers/Admin/Invoices.php(66): App\Models\InvoiceModel->getAll('semua', 0, Array, 20, 0)
#8 /home/dnzwygdo/djuragancom/vendor/codeigniter4/framework/system/CodeIgniter.php(898): App\Controllers\Admin\Invoices->lihat('semua', 'semua')
#9 /home/dnzwygdo/djuragancom/vendor/codeigniter4/framework/system/CodeIgniter.php(457): CodeIgniter\CodeIgniter->runController(Object(App\Controllers\Admin\Invoices))
#10 /home/dnzwygdo/djuragancom/vendor/codeigniter4/framework/system/CodeIgniter.php(340): CodeIgniter\CodeIgniter->handleRequest(NULL, Object(Config\Cache), false)
#11 /home/dnzwygdo/public_html/index.php(67): CodeIgniter\CodeIgniter->run()
#12 {main}
CRITICAL - 2022-12-12 15:58:39 --> Call to a member function getResult() on bool
in SYSTEMPATH/Model.php on line 223.
 1 SYSTEMPATH/BaseModel.php(584): CodeIgniter\Model->doFindAll(20, 0)
 2 APPPATH/Models/InvoiceModel.php(73): CodeIgniter\BaseModel->findAll(20, 0)
 3 APPPATH/Controllers/Admin/Invoices.php(66): App\Models\InvoiceModel->getAll('semua', 0, [...], 20, 0)
 4 SYSTEMPATH/CodeIgniter.php(898): App\Controllers\Admin\Invoices->lihat('semua', 'semua')
 5 SYSTEMPATH/CodeIgniter.php(457): CodeIgniter\CodeIgniter->runController(Object(App\Controllers\Admin\Invoices))
 6 SYSTEMPATH/CodeIgniter.php(340): CodeIgniter\CodeIgniter->handleRequest(null, Object(Config\Cache), false)
 7 FCPATH/index.php(67): CodeIgniter\CodeIgniter->run()
ERROR - 2022-12-12 15:58:53 --> mysqli_sql_exception: You have an error in your SQL syntax; check the manual that corresponds to your MySQL server version for the right syntax to use near ')
AND `order_invoice`.`deleted_at` IS NULL
ORDER BY `status_pesanan` ASC, `tangg' at line 3 in /home/dnzwygdo/djuragancom/vendor/codeigniter4/framework/system/Database/MySQLi/Connection.php:292
Stack trace:
#0 /home/dnzwygdo/djuragancom/vendor/codeigniter4/framework/system/Database/MySQLi/Connection.php(292): mysqli->query('SELECT *\nFROM `...', 0)
#1 /home/dnzwygdo/djuragancom/vendor/codeigniter4/framework/system/Database/BaseConnection.php(693): CodeIgniter\Database\MySQLi\Connection->execute('SELECT *\nFROM `...')
#2 /home/dnzwygdo/djuragancom/vendor/codeigniter4/framework/system/Database/BaseConnection.php(620): CodeIgniter\Database\BaseConnection->simpleQuery('SELECT *\nFROM `...')
#3 /home/dnzwygdo/djuragancom/vendor/codeigniter4/framework/system/Database/BaseBuilder.php(1585): CodeIgniter\Database\BaseConnection->query('SELECT *\nFROM `...', Array, false)
#4 /home/dnzwygdo/djuragancom/vendor/codeigniter4/framework/system/Model.php(222): CodeIgniter\Database\BaseBuilder->get()
#5 /home/dnzwygdo/djuragancom/vendor/codeigniter4/framework/system/BaseModel.php(584): CodeIgniter\Model->doFindAll(20, 0)
#6 /home/dnzwygdo/djuragancom/app/Models/InvoiceModel.php(73): CodeIgniter\BaseModel->findAll(20, 0)
#7 /home/dnzwygdo/djuragancom/app/Controllers/Admin/Invoices.php(66): App\Models\InvoiceModel->getAll('semua', 0, Array, 20, 0)
#8 /home/dnzwygdo/djuragancom/vendor/codeigniter4/framework/system/CodeIgniter.php(898): App\Controllers\Admin\Invoices->lihat('semua', 'semua')
#9 /home/dnzwygdo/djuragancom/vendor/codeigniter4/framework/system/CodeIgniter.php(457): CodeIgniter\CodeIgniter->runController(Object(App\Controllers\Admin\Invoices))
#10 /home/dnzwygdo/djuragancom/vendor/codeigniter4/framework/system/CodeIgniter.php(340): CodeIgniter\CodeIgniter->handleRequest(NULL, Object(Config\Cache), false)
#11 /home/dnzwygdo/public_html/index.php(67): CodeIgniter\CodeIgniter->run()
#12 {main}
CRITICAL - 2022-12-12 15:58:53 --> Call to a member function getResult() on bool
in SYSTEMPATH/Model.php on line 223.
 1 SYSTEMPATH/BaseModel.php(584): CodeIgniter\Model->doFindAll(20, 0)
 2 APPPATH/Models/InvoiceModel.php(73): CodeIgniter\BaseModel->findAll(20, 0)
 3 APPPATH/Controllers/Admin/Invoices.php(66): App\Models\InvoiceModel->getAll('semua', 0, [...], 20, 0)
 4 SYSTEMPATH/CodeIgniter.php(898): App\Controllers\Admin\Invoices->lihat('semua', 'semua')
 5 SYSTEMPATH/CodeIgniter.php(457): CodeIgniter\CodeIgniter->runController(Object(App\Controllers\Admin\Invoices))
 6 SYSTEMPATH/CodeIgniter.php(340): CodeIgniter\CodeIgniter->handleRequest(null, Object(Config\Cache), false)
 7 FCPATH/index.php(67): CodeIgniter\CodeIgniter->run()
CRITICAL - 2022-12-12 16:02:29 --> Return value of App\Models\LabelInvoice::getSimple() must be an object, null returned
in APPPATH/Models/LabelInvoice.php on line 27.
 1 APPPATH/Models/InvoiceModel.php(85): App\Models\LabelInvoice->getSimple(8563)
 2 APPPATH/Controllers/Admin/Invoices.php(66): App\Models\InvoiceModel->getAll('semua', 0, '/home/dnzwygdo/public_html', 20, 0)
 3 SYSTEMPATH/CodeIgniter.php(898): App\Controllers\Admin\Invoices->lihat('semua', 'semua')
 4 SYSTEMPATH/CodeIgniter.php(457): CodeIgniter\CodeIgniter->runController(Object(App\Controllers\Admin\Invoices))
 5 SYSTEMPATH/CodeIgniter.php(340): CodeIgniter\CodeIgniter->handleRequest(null, Object(Config\Cache), false)
 6 FCPATH/index.php(67): CodeIgniter\CodeIgniter->run()
CRITICAL - 2022-12-12 16:03:02 --> Return value of App\Models\LabelInvoice::getSimple() must be an object, null returned
in APPPATH/Models/LabelInvoice.php on line 27.
 1 APPPATH/Models/InvoiceModel.php(85): App\Models\LabelInvoice->getSimple(8563)
 2 APPPATH/Controllers/User/Invoices.php(156): App\Models\InvoiceModel->getAll('cek-bayar', 3, '/home/dnzwygdo/public_html', 20, 0)
 3 SYSTEMPATH/CodeIgniter.php(898): App\Controllers\User\Invoices->lihat('51e3988da1e21f4dd41ac864c601c3c55e9b556e', 'cek-bayar')
 4 SYSTEMPATH/CodeIgniter.php(457): CodeIgniter\CodeIgniter->runController(Object(App\Controllers\User\Invoices))
 5 SYSTEMPATH/CodeIgniter.php(340): CodeIgniter\CodeIgniter->handleRequest(null, Object(Config\Cache), false)
 6 FCPATH/index.php(67): CodeIgniter\CodeIgniter->run()
CRITICAL - 2022-12-12 16:03:05 --> Return value of App\Models\LabelInvoice::getSimple() must be an object, null returned
in APPPATH/Models/LabelInvoice.php on line 27.
 1 APPPATH/Models/InvoiceModel.php(85): App\Models\LabelInvoice->getSimple(8563)
 2 APPPATH/Controllers/User/Invoices.php(156): App\Models\InvoiceModel->getAll('belum-proses', 3, '/home/dnzwygdo/public_html', 20, 0)
 3 SYSTEMPATH/CodeIgniter.php(898): App\Controllers\User\Invoices->lihat('51e3988da1e21f4dd41ac864c601c3c55e9b556e', 'belum-proses')
 4 SYSTEMPATH/CodeIgniter.php(457): CodeIgniter\CodeIgniter->runController(Object(App\Controllers\User\Invoices))
 5 SYSTEMPATH/CodeIgniter.php(340): CodeIgniter\CodeIgniter->handleRequest(null, Object(Config\Cache), false)
 6 FCPATH/index.php(67): CodeIgniter\CodeIgniter->run()
CRITICAL - 2022-12-12 16:03:10 --> Return value of App\Models\LabelInvoice::getSimple() must be an object, null returned
in APPPATH/Models/LabelInvoice.php on line 27.
 1 APPPATH/Models/InvoiceModel.php(85): App\Models\LabelInvoice->getSimple(8563)
 2 APPPATH/Controllers/User/Invoices.php(156): App\Models\InvoiceModel->getAll('belum-proses', 3, '/home/dnzwygdo/public_html', 20, 0)
 3 SYSTEMPATH/CodeIgniter.php(898): App\Controllers\User\Invoices->lihat('51e3988da1e21f4dd41ac864c601c3c55e9b556e', 'belum-proses')
 4 SYSTEMPATH/CodeIgniter.php(457): CodeIgniter\CodeIgniter->runController(Object(App\Controllers\User\Invoices))
 5 SYSTEMPATH/CodeIgniter.php(340): CodeIgniter\CodeIgniter->handleRequest(null, Object(Config\Cache), false)
 6 FCPATH/index.php(67): CodeIgniter\CodeIgniter->run()
CRITICAL - 2022-12-12 16:03:13 --> Return value of App\Models\LabelInvoice::getSimple() must be an object, null returned
in APPPATH/Models/LabelInvoice.php on line 27.
 1 APPPATH/Models/InvoiceModel.php(85): App\Models\LabelInvoice->getSimple(8563)
 2 APPPATH/Controllers/User/Invoices.php(156): App\Models\InvoiceModel->getAll('cek-bayar', 3, '/home/dnzwygdo/public_html', 20, 0)
 3 SYSTEMPATH/CodeIgniter.php(898): App\Controllers\User\Invoices->lihat('51e3988da1e21f4dd41ac864c601c3c55e9b556e', 'cek-bayar')
 4 SYSTEMPATH/CodeIgniter.php(457): CodeIgniter\CodeIgniter->runController(Object(App\Controllers\User\Invoices))
 5 SYSTEMPATH/CodeIgniter.php(340): CodeIgniter\CodeIgniter->handleRequest(null, Object(Config\Cache), false)
 6 FCPATH/index.php(67): CodeIgniter\CodeIgniter->run()
CRITICAL - 2022-12-12 16:03:13 --> Return value of App\Models\LabelInvoice::getSimple() must be an object, null returned
in APPPATH/Models/LabelInvoice.php on line 27.
 1 APPPATH/Models/InvoiceModel.php(85): App\Models\LabelInvoice->getSimple(8563)
 2 APPPATH/Controllers/User/Invoices.php(156): App\Models\InvoiceModel->getAll('belum-proses', 3, '/home/dnzwygdo/public_html', 20, 0)
 3 SYSTEMPATH/CodeIgniter.php(898): App\Controllers\User\Invoices->lihat('51e3988da1e21f4dd41ac864c601c3c55e9b556e', 'belum-proses')
 4 SYSTEMPATH/CodeIgniter.php(457): CodeIgniter\CodeIgniter->runController(Object(App\Controllers\User\Invoices))
 5 SYSTEMPATH/CodeIgniter.php(340): CodeIgniter\CodeIgniter->handleRequest(null, Object(Config\Cache), false)
 6 FCPATH/index.php(67): CodeIgniter\CodeIgniter->run()
CRITICAL - 2022-12-12 16:03:36 --> Return value of App\Models\LabelInvoice::getSimple() must be an object, null returned
in APPPATH/Models/LabelInvoice.php on line 27.
 1 APPPATH/Models/InvoiceModel.php(85): App\Models\LabelInvoice->getSimple(8563)
 2 APPPATH/Controllers/User/Invoices.php(156): App\Models\InvoiceModel->getAll('belum-proses', 3, '/home/dnzwygdo/public_html', 20, 0)
 3 SYSTEMPATH/CodeIgniter.php(898): App\Controllers\User\Invoices->lihat('51e3988da1e21f4dd41ac864c601c3c55e9b556e', 'belum-proses')
 4 SYSTEMPATH/CodeIgniter.php(457): CodeIgniter\CodeIgniter->runController(Object(App\Controllers\User\Invoices))
 5 SYSTEMPATH/CodeIgniter.php(340): CodeIgniter\CodeIgniter->handleRequest(null, Object(Config\Cache), false)
 6 FCPATH/index.php(67): CodeIgniter\CodeIgniter->run()
CRITICAL - 2022-12-12 16:03:50 --> Return value of App\Models\LabelInvoice::getSimple() must be an object, null returned
in APPPATH/Models/LabelInvoice.php on line 27.
 1 APPPATH/Models/InvoiceModel.php(85): App\Models\LabelInvoice->getSimple(8563)
 2 APPPATH/Controllers/User/Invoices.php(156): App\Models\InvoiceModel->getAll('belum-proses', 3, '/home/dnzwygdo/public_html', 20, 0)
 3 SYSTEMPATH/CodeIgniter.php(898): App\Controllers\User\Invoices->lihat('51e3988da1e21f4dd41ac864c601c3c55e9b556e', 'belum-proses')
 4 SYSTEMPATH/CodeIgniter.php(457): CodeIgniter\CodeIgniter->runController(Object(App\Controllers\User\Invoices))
 5 SYSTEMPATH/CodeIgniter.php(340): CodeIgniter\CodeIgniter->handleRequest(null, Object(Config\Cache), false)
 6 FCPATH/index.php(67): CodeIgniter\CodeIgniter->run()
CRITICAL - 2022-12-12 16:04:44 --> Return value of App\Models\LabelInvoice::getSimple() must be an object, null returned
in APPPATH/Models/LabelInvoice.php on line 27.
 1 APPPATH/Models/InvoiceModel.php(85): App\Models\LabelInvoice->getSimple(8563)
 2 APPPATH/Controllers/User/Invoices.php(156): App\Models\InvoiceModel->getAll('belum-proses', 3, '/home/dnzwygdo/public_html', 20, 0)
 3 SYSTEMPATH/CodeIgniter.php(898): App\Controllers\User\Invoices->lihat('51e3988da1e21f4dd41ac864c601c3c55e9b556e', 'belum-proses')
 4 SYSTEMPATH/CodeIgniter.php(457): CodeIgniter\CodeIgniter->runController(Object(App\Controllers\User\Invoices))
 5 SYSTEMPATH/CodeIgniter.php(340): CodeIgniter\CodeIgniter->handleRequest(null, Object(Config\Cache), false)
 6 FCPATH/index.php(67): CodeIgniter\CodeIgniter->run()
CRITICAL - 2022-12-12 16:04:46 --> Return value of App\Models\LabelInvoice::getSimple() must be an object, null returned
in APPPATH/Models/LabelInvoice.php on line 27.
 1 APPPATH/Models/InvoiceModel.php(85): App\Models\LabelInvoice->getSimple(8563)
 2 APPPATH/Controllers/User/Invoices.php(156): App\Models\InvoiceModel->getAll('cek-bayar', 3, '/home/dnzwygdo/public_html', 20, 0)
 3 SYSTEMPATH/CodeIgniter.php(898): App\Controllers\User\Invoices->lihat('51e3988da1e21f4dd41ac864c601c3c55e9b556e', 'cek-bayar')
 4 SYSTEMPATH/CodeIgniter.php(457): CodeIgniter\CodeIgniter->runController(Object(App\Controllers\User\Invoices))
 5 SYSTEMPATH/CodeIgniter.php(340): CodeIgniter\CodeIgniter->handleRequest(null, Object(Config\Cache), false)
 6 FCPATH/index.php(67): CodeIgniter\CodeIgniter->run()
CRITICAL - 2022-12-12 16:04:47 --> Return value of App\Models\LabelInvoice::getSimple() must be an object, null returned
in APPPATH/Models/LabelInvoice.php on line 27.
 1 APPPATH/Models/InvoiceModel.php(85): App\Models\LabelInvoice->getSimple(8563)
 2 APPPATH/Controllers/User/Invoices.php(156): App\Models\InvoiceModel->getAll('belum-proses', 3, '/home/dnzwygdo/public_html', 20, 0)
 3 SYSTEMPATH/CodeIgniter.php(898): App\Controllers\User\Invoices->lihat('51e3988da1e21f4dd41ac864c601c3c55e9b556e', 'belum-proses')
 4 SYSTEMPATH/CodeIgniter.php(457): CodeIgniter\CodeIgniter->runController(Object(App\Controllers\User\Invoices))
 5 SYSTEMPATH/CodeIgniter.php(340): CodeIgniter\CodeIgniter->handleRequest(null, Object(Config\Cache), false)
 6 FCPATH/index.php(67): CodeIgniter\CodeIgniter->run()
CRITICAL - 2022-12-12 16:04:54 --> Return value of App\Models\LabelInvoice::getSimple() must be an object, null returned
in APPPATH/Models/LabelInvoice.php on line 27.
 1 APPPATH/Models/InvoiceModel.php(85): App\Models\LabelInvoice->getSimple(8563)
 2 APPPATH/Controllers/User/Invoices.php(156): App\Models\InvoiceModel->getAll('cek-bayar', 3, '/home/dnzwygdo/public_html', 20, 0)
 3 SYSTEMPATH/CodeIgniter.php(898): App\Controllers\User\Invoices->lihat('51e3988da1e21f4dd41ac864c601c3c55e9b556e', 'cek-bayar')
 4 SYSTEMPATH/CodeIgniter.php(457): CodeIgniter\CodeIgniter->runController(Object(App\Controllers\User\Invoices))
 5 SYSTEMPATH/CodeIgniter.php(340): CodeIgniter\CodeIgniter->handleRequest(null, Object(Config\Cache), false)
 6 FCPATH/index.php(67): CodeIgniter\CodeIgniter->run()
CRITICAL - 2022-12-12 16:05:01 --> Return value of App\Models\LabelInvoice::getSimple() must be an object, null returned
in APPPATH/Models/LabelInvoice.php on line 27.
 1 APPPATH/Models/InvoiceModel.php(85): App\Models\LabelInvoice->getSimple(8563)
 2 APPPATH/Controllers/User/Invoices.php(156): App\Models\InvoiceModel->getAll('cek-bayar', 3, '/home/dnzwygdo/public_html', 20, 0)
 3 SYSTEMPATH/CodeIgniter.php(898): App\Controllers\User\Invoices->lihat('51e3988da1e21f4dd41ac864c601c3c55e9b556e', 'cek-bayar')
 4 SYSTEMPATH/CodeIgniter.php(457): CodeIgniter\CodeIgniter->runController(Object(App\Controllers\User\Invoices))
 5 SYSTEMPATH/CodeIgniter.php(340): CodeIgniter\CodeIgniter->handleRequest(null, Object(Config\Cache), false)
 6 FCPATH/index.php(67): CodeIgniter\CodeIgniter->run()
CRITICAL - 2022-12-12 16:05:16 --> Return value of App\Models\LabelInvoice::getSimple() must be an object, null returned
in APPPATH/Models/LabelInvoice.php on line 27.
 1 APPPATH/Models/InvoiceModel.php(85): App\Models\LabelInvoice->getSimple(8563)
 2 APPPATH/Controllers/User/Invoices.php(156): App\Models\InvoiceModel->getAll('cek-bayar', 3, '/home/dnzwygdo/public_html', 20, 0)
 3 SYSTEMPATH/CodeIgniter.php(898): App\Controllers\User\Invoices->lihat('51e3988da1e21f4dd41ac864c601c3c55e9b556e', 'cek-bayar')
 4 SYSTEMPATH/CodeIgniter.php(457): CodeIgniter\CodeIgniter->runController(Object(App\Controllers\User\Invoices))
 5 SYSTEMPATH/CodeIgniter.php(340): CodeIgniter\CodeIgniter->handleRequest(null, Object(Config\Cache), false)
 6 FCPATH/index.php(67): CodeIgniter\CodeIgniter->run()
CRITICAL - 2022-12-12 16:08:50 --> Return value of App\Models\LabelInvoice::getSimple() must be an object, null returned
in APPPATH/Models/LabelInvoice.php on line 27.
 1 APPPATH/Models/InvoiceModel.php(85): App\Models\LabelInvoice->getSimple(8563)
 2 APPPATH/Controllers/Admin/Invoices.php(66): App\Models\InvoiceModel->getAll('belum-proses', 0, '/home/dnzwygdo/public_html', 20, 0)
 3 SYSTEMPATH/CodeIgniter.php(898): App\Controllers\Admin\Invoices->lihat('semua', 'belum-proses')
 4 SYSTEMPATH/CodeIgniter.php(457): CodeIgniter\CodeIgniter->runController(Object(App\Controllers\Admin\Invoices))
 5 SYSTEMPATH/CodeIgniter.php(340): CodeIgniter\CodeIgniter->handleRequest(null, Object(Config\Cache), false)
 6 FCPATH/index.php(67): CodeIgniter\CodeIgniter->run()
CRITICAL - 2022-12-12 16:08:55 --> Return value of App\Models\LabelInvoice::getSimple() must be an object, null returned
in APPPATH/Models/LabelInvoice.php on line 27.
 1 APPPATH/Models/InvoiceModel.php(85): App\Models\LabelInvoice->getSimple(8563)
 2 APPPATH/Controllers/Admin/Invoices.php(66): App\Models\InvoiceModel->getAll('belum-proses', 0, '/home/dnzwygdo/public_html', 20, 0)
 3 SYSTEMPATH/CodeIgniter.php(898): App\Controllers\Admin\Invoices->lihat('semua', 'belum-proses')
 4 SYSTEMPATH/CodeIgniter.php(457): CodeIgniter\CodeIgniter->runController(Object(App\Controllers\Admin\Invoices))
 5 SYSTEMPATH/CodeIgniter.php(340): CodeIgniter\CodeIgniter->handleRequest(null, Object(Config\Cache), false)
 6 FCPATH/index.php(67): CodeIgniter\CodeIgniter->run()
CRITICAL - 2022-12-12 16:09:05 --> Return value of App\Models\LabelInvoice::getSimple() must be an object, null returned
in APPPATH/Models/LabelInvoice.php on line 27.
 1 APPPATH/Models/InvoiceModel.php(85): App\Models\LabelInvoice->getSimple(8563)
 2 APPPATH/Controllers/Admin/Invoices.php(66): App\Models\InvoiceModel->getAll('semua', 0, [...], 20, 0)
 3 SYSTEMPATH/CodeIgniter.php(898): App\Controllers\Admin\Invoices->lihat('semua', 'semua')
 4 SYSTEMPATH/CodeIgniter.php(457): CodeIgniter\CodeIgniter->runController(Object(App\Controllers\Admin\Invoices))
 5 SYSTEMPATH/CodeIgniter.php(340): CodeIgniter\CodeIgniter->handleRequest(null, Object(Config\Cache), false)
 6 FCPATH/index.php(67): CodeIgniter\CodeIgniter->run()
CRITICAL - 2022-12-12 16:09:51 --> Return value of App\Models\LabelInvoice::getSimple() must be an object, null returned
in APPPATH/Models/LabelInvoice.php on line 27.
 1 APPPATH/Models/InvoiceModel.php(85): App\Models\LabelInvoice->getSimple(8563)
 2 APPPATH/Controllers/User/Invoices.php(156): App\Models\InvoiceModel->getAll('cek-bayar', 3, '/home/dnzwygdo/public_html', 20, 0)
 3 SYSTEMPATH/CodeIgniter.php(898): App\Controllers\User\Invoices->lihat('51e3988da1e21f4dd41ac864c601c3c55e9b556e', 'cek-bayar')
 4 SYSTEMPATH/CodeIgniter.php(457): CodeIgniter\CodeIgniter->runController(Object(App\Controllers\User\Invoices))
 5 SYSTEMPATH/CodeIgniter.php(340): CodeIgniter\CodeIgniter->handleRequest(null, Object(Config\Cache), false)
 6 FCPATH/index.php(67): CodeIgniter\CodeIgniter->run()
CRITICAL - 2022-12-12 16:10:51 --> Return value of App\Models\LabelInvoice::getSimple() must be an object, null returned
in APPPATH/Models/LabelInvoice.php on line 27.
 1 APPPATH/Models/InvoiceModel.php(85): App\Models\LabelInvoice->getSimple(8563)
 2 APPPATH/Controllers/User/Invoices.php(156): App\Models\InvoiceModel->getAll('belum-proses', 3, '/home/dnzwygdo/public_html', 20, 0)
 3 SYSTEMPATH/CodeIgniter.php(898): App\Controllers\User\Invoices->lihat('51e3988da1e21f4dd41ac864c601c3c55e9b556e', 'belum-proses')
 4 SYSTEMPATH/CodeIgniter.php(457): CodeIgniter\CodeIgniter->runController(Object(App\Controllers\User\Invoices))
 5 SYSTEMPATH/CodeIgniter.php(340): CodeIgniter\CodeIgniter->handleRequest(null, Object(Config\Cache), false)
 6 FCPATH/index.php(67): CodeIgniter\CodeIgniter->run()
CRITICAL - 2022-12-12 16:10:53 --> Return value of App\Models\LabelInvoice::getSimple() must be an object, null returned
in APPPATH/Models/LabelInvoice.php on line 27.
 1 APPPATH/Models/InvoiceModel.php(85): App\Models\LabelInvoice->getSimple(8563)
 2 APPPATH/Controllers/Admin/Invoices.php(66): App\Models\InvoiceModel->getAll('belum-proses', 0, '/home/dnzwygdo/public_html', 20, 0)
 3 SYSTEMPATH/CodeIgniter.php(898): App\Controllers\Admin\Invoices->lihat('semua', 'belum-proses')
 4 SYSTEMPATH/CodeIgniter.php(457): CodeIgniter\CodeIgniter->runController(Object(App\Controllers\Admin\Invoices))
 5 SYSTEMPATH/CodeIgniter.php(340): CodeIgniter\CodeIgniter->handleRequest(null, Object(Config\Cache), false)
 6 FCPATH/index.php(67): CodeIgniter\CodeIgniter->run()
CRITICAL - 2022-12-12 16:11:21 --> Return value of App\Models\LabelInvoice::getSimple() must be an object, null returned
in APPPATH/Models/LabelInvoice.php on line 27.
 1 APPPATH/Models/InvoiceModel.php(85): App\Models\LabelInvoice->getSimple(8563)
 2 APPPATH/Controllers/User/Invoices.php(156): App\Models\InvoiceModel->getAll('cek-bayar', 3, '/home/dnzwygdo/public_html', 20, 0)
 3 SYSTEMPATH/CodeIgniter.php(898): App\Controllers\User\Invoices->lihat('51e3988da1e21f4dd41ac864c601c3c55e9b556e', 'cek-bayar')
 4 SYSTEMPATH/CodeIgniter.php(457): CodeIgniter\CodeIgniter->runController(Object(App\Controllers\User\Invoices))
 5 SYSTEMPATH/CodeIgniter.php(340): CodeIgniter\CodeIgniter->handleRequest(null, Object(Config\Cache), false)
 6 FCPATH/index.php(67): CodeIgniter\CodeIgniter->run()
CRITICAL - 2022-12-12 16:12:55 --> Return value of App\Models\LabelInvoice::getSimple() must be an object, null returned
in APPPATH/Models/LabelInvoice.php on line 27.
 1 APPPATH/Models/InvoiceModel.php(85): App\Models\LabelInvoice->getSimple(8563)
 2 APPPATH/Controllers/Admin/Invoices.php(66): App\Models\InvoiceModel->getAll('belum-proses', 0, '/home/dnzwygdo/public_html', 20, 0)
 3 SYSTEMPATH/CodeIgniter.php(898): App\Controllers\Admin\Invoices->lihat('semua', 'belum-proses')
 4 SYSTEMPATH/CodeIgniter.php(457): CodeIgniter\CodeIgniter->runController(Object(App\Controllers\Admin\Invoices))
 5 SYSTEMPATH/CodeIgniter.php(340): CodeIgniter\CodeIgniter->handleRequest(null, Object(Config\Cache), false)
 6 FCPATH/index.php(67): CodeIgniter\CodeIgniter->run()
CRITICAL - 2022-12-12 16:13:05 --> Return value of App\Models\LabelInvoice::getSimple() must be an object, null returned
in APPPATH/Models/LabelInvoice.php on line 27.
 1 APPPATH/Models/InvoiceModel.php(85): App\Models\LabelInvoice->getSimple(8563)
 2 APPPATH/Controllers/User/Invoices.php(156): App\Models\InvoiceModel->getAll('belum-proses', 3, '/home/dnzwygdo/public_html', 20, 0)
 3 SYSTEMPATH/CodeIgniter.php(898): App\Controllers\User\Invoices->lihat('51e3988da1e21f4dd41ac864c601c3c55e9b556e', 'belum-proses')
 4 SYSTEMPATH/CodeIgniter.php(457): CodeIgniter\CodeIgniter->runController(Object(App\Controllers\User\Invoices))
 5 SYSTEMPATH/CodeIgniter.php(340): CodeIgniter\CodeIgniter->handleRequest(null, Object(Config\Cache), false)
 6 FCPATH/index.php(67): CodeIgniter\CodeIgniter->run()
CRITICAL - 2022-12-12 16:13:42 --> Return value of App\Models\LabelInvoice::getSimple() must be an object, null returned
in APPPATH/Models/LabelInvoice.php on line 27.
 1 APPPATH/Models/InvoiceModel.php(85): App\Models\LabelInvoice->getSimple(8563)
 2 APPPATH/Controllers/Admin/Invoices.php(66): App\Models\InvoiceModel->getAll('cek-bayar', 0, '/home/dnzwygdo/public_html', 20, 0)
 3 SYSTEMPATH/CodeIgniter.php(898): App\Controllers\Admin\Invoices->lihat()
 4 SYSTEMPATH/CodeIgniter.php(457): CodeIgniter\CodeIgniter->runController(Object(App\Controllers\Admin\Invoices))
 5 SYSTEMPATH/CodeIgniter.php(340): CodeIgniter\CodeIgniter->handleRequest(null, Object(Config\Cache), false)
 6 FCPATH/index.php(67): CodeIgniter\CodeIgniter->run()
CRITICAL - 2022-12-12 16:13:43 --> Return value of App\Models\LabelInvoice::getSimple() must be an object, null returned
in APPPATH/Models/LabelInvoice.php on line 27.
 1 APPPATH/Models/InvoiceModel.php(85): App\Models\LabelInvoice->getSimple(8563)
 2 APPPATH/Controllers/Admin/Invoices.php(66): App\Models\InvoiceModel->getAll('cek-bayar', 0, '/home/dnzwygdo/public_html', 20, 0)
 3 SYSTEMPATH/CodeIgniter.php(898): App\Controllers\Admin\Invoices->lihat()
 4 SYSTEMPATH/CodeIgniter.php(457): CodeIgniter\CodeIgniter->runController(Object(App\Controllers\Admin\Invoices))
 5 SYSTEMPATH/CodeIgniter.php(340): CodeIgniter\CodeIgniter->handleRequest(null, Object(Config\Cache), false)
 6 FCPATH/index.php(67): CodeIgniter\CodeIgniter->run()
CRITICAL - 2022-12-12 16:13:50 --> Return value of App\Models\LabelInvoice::getSimple() must be an object, null returned
in APPPATH/Models/LabelInvoice.php on line 27.
 1 APPPATH/Models/InvoiceModel.php(85): App\Models\LabelInvoice->getSimple(8563)
 2 APPPATH/Controllers/Admin/Invoices.php(66): App\Models\InvoiceModel->getAll('belum-proses', 0, '/home/dnzwygdo/public_html', 20, 0)
 3 SYSTEMPATH/CodeIgniter.php(898): App\Controllers\Admin\Invoices->lihat('semua', 'belum-proses')
 4 SYSTEMPATH/CodeIgniter.php(457): CodeIgniter\CodeIgniter->runController(Object(App\Controllers\Admin\Invoices))
 5 SYSTEMPATH/CodeIgniter.php(340): CodeIgniter\CodeIgniter->handleRequest(null, Object(Config\Cache), false)
 6 FCPATH/index.php(67): CodeIgniter\CodeIgniter->run()
CRITICAL - 2022-12-12 16:14:02 --> Return value of App\Models\LabelInvoice::getSimple() must be an object, null returned
in APPPATH/Models/LabelInvoice.php on line 27.
 1 APPPATH/Models/InvoiceModel.php(85): App\Models\LabelInvoice->getSimple(8563)
 2 APPPATH/Controllers/Admin/Invoices.php(66): App\Models\InvoiceModel->getAll('cek-bayar', 0, '/home/dnzwygdo/public_html', 20, 0)
 3 SYSTEMPATH/CodeIgniter.php(898): App\Controllers\Admin\Invoices->lihat()
 4 SYSTEMPATH/CodeIgniter.php(457): CodeIgniter\CodeIgniter->runController(Object(App\Controllers\Admin\Invoices))
 5 SYSTEMPATH/CodeIgniter.php(340): CodeIgniter\CodeIgniter->handleRequest(null, Object(Config\Cache), false)
 6 FCPATH/index.php(67): CodeIgniter\CodeIgniter->run()
CRITICAL - 2022-12-12 16:14:07 --> Return value of App\Models\LabelInvoice::getSimple() must be an object, null returned
in APPPATH/Models/LabelInvoice.php on line 27.
 1 APPPATH/Models/InvoiceModel.php(85): App\Models\LabelInvoice->getSimple(8563)
 2 APPPATH/Controllers/Admin/Invoices.php(66): App\Models\InvoiceModel->getAll('cek-bayar', 0, '/home/dnzwygdo/public_html', 20, 0)
 3 SYSTEMPATH/CodeIgniter.php(898): App\Controllers\Admin\Invoices->lihat()
 4 SYSTEMPATH/CodeIgniter.php(457): CodeIgniter\CodeIgniter->runController(Object(App\Controllers\Admin\Invoices))
 5 SYSTEMPATH/CodeIgniter.php(340): CodeIgniter\CodeIgniter->handleRequest(null, Object(Config\Cache), false)
 6 FCPATH/index.php(67): CodeIgniter\CodeIgniter->run()
CRITICAL - 2022-12-12 16:14:19 --> Return value of App\Models\LabelInvoice::getSimple() must be an object, null returned
in APPPATH/Models/LabelInvoice.php on line 27.
 1 APPPATH/Models/InvoiceModel.php(85): App\Models\LabelInvoice->getSimple(8563)
 2 APPPATH/Controllers/Admin/Invoices.php(66): App\Models\InvoiceModel->getAll('semua', 0, [...], 20, 0)
 3 SYSTEMPATH/CodeIgniter.php(898): App\Controllers\Admin\Invoices->lihat('semua', 'semua')
 4 SYSTEMPATH/CodeIgniter.php(457): CodeIgniter\CodeIgniter->runController(Object(App\Controllers\Admin\Invoices))
 5 SYSTEMPATH/CodeIgniter.php(340): CodeIgniter\CodeIgniter->handleRequest(null, Object(Config\Cache), false)
 6 FCPATH/index.php(67): CodeIgniter\CodeIgniter->run()
CRITICAL - 2022-12-12 16:14:26 --> Return value of App\Models\LabelInvoice::getSimple() must be an object, null returned
in APPPATH/Models/LabelInvoice.php on line 27.
 1 APPPATH/Models/InvoiceModel.php(85): App\Models\LabelInvoice->getSimple(8563)
 2 APPPATH/Controllers/Admin/Invoices.php(66): App\Models\InvoiceModel->getAll('cek-bayar', 3, '/home/dnzwygdo/public_html', 20, 0)
 3 SYSTEMPATH/CodeIgniter.php(898): App\Controllers\Admin\Invoices->lihat('51e3988da1e21f4dd41ac864c601c3c55e9b556e')
 4 SYSTEMPATH/CodeIgniter.php(457): CodeIgniter\CodeIgniter->runController(Object(App\Controllers\Admin\Invoices))
 5 SYSTEMPATH/CodeIgniter.php(340): CodeIgniter\CodeIgniter->handleRequest(null, Object(Config\Cache), false)
 6 FCPATH/index.php(67): CodeIgniter\CodeIgniter->run()
CRITICAL - 2022-12-12 16:14:31 --> Return value of App\Models\LabelInvoice::getSimple() must be an object, null returned
in APPPATH/Models/LabelInvoice.php on line 27.
 1 APPPATH/Models/InvoiceModel.php(85): App\Models\LabelInvoice->getSimple(8563)
 2 APPPATH/Controllers/Admin/Invoices.php(66): App\Models\InvoiceModel->getAll('belum-proses', 0, '/home/dnzwygdo/public_html', 20, 0)
 3 SYSTEMPATH/CodeIgniter.php(898): App\Controllers\Admin\Invoices->lihat('semua', 'belum-proses')
 4 SYSTEMPATH/CodeIgniter.php(457): CodeIgniter\CodeIgniter->runController(Object(App\Controllers\Admin\Invoices))
 5 SYSTEMPATH/CodeIgniter.php(340): CodeIgniter\CodeIgniter->handleRequest(null, Object(Config\Cache), false)
 6 FCPATH/index.php(67): CodeIgniter\CodeIgniter->run()
CRITICAL - 2022-12-12 16:14:32 --> Return value of App\Models\LabelInvoice::getSimple() must be an object, null returned
in APPPATH/Models/LabelInvoice.php on line 27.
 1 APPPATH/Models/InvoiceModel.php(85): App\Models\LabelInvoice->getSimple(8563)
 2 APPPATH/Controllers/Admin/Invoices.php(66): App\Models\InvoiceModel->getAll('cek-bayar', 0, '/home/dnzwygdo/public_html', 20, 0)
 3 SYSTEMPATH/CodeIgniter.php(898): App\Controllers\Admin\Invoices->lihat()
 4 SYSTEMPATH/CodeIgniter.php(457): CodeIgniter\CodeIgniter->runController(Object(App\Controllers\Admin\Invoices))
 5 SYSTEMPATH/CodeIgniter.php(340): CodeIgniter\CodeIgniter->handleRequest(null, Object(Config\Cache), false)
 6 FCPATH/index.php(67): CodeIgniter\CodeIgniter->run()
CRITICAL - 2022-12-12 16:14:51 --> Return value of App\Models\LabelInvoice::getSimple() must be an object, null returned
in APPPATH/Models/LabelInvoice.php on line 27.
 1 APPPATH/Models/InvoiceModel.php(85): App\Models\LabelInvoice->getSimple(8563)
 2 APPPATH/Controllers/Admin/Invoices.php(66): App\Models\InvoiceModel->getAll('cek-bayar', 0, '/home/dnzwygdo/public_html', 20, 0)
 3 SYSTEMPATH/CodeIgniter.php(898): App\Controllers\Admin\Invoices->lihat()
 4 SYSTEMPATH/CodeIgniter.php(457): CodeIgniter\CodeIgniter->runController(Object(App\Controllers\Admin\Invoices))
 5 SYSTEMPATH/CodeIgniter.php(340): CodeIgniter\CodeIgniter->handleRequest(null, Object(Config\Cache), false)
 6 FCPATH/index.php(67): CodeIgniter\CodeIgniter->run()
CRITICAL - 2022-12-12 16:14:54 --> Return value of App\Models\LabelInvoice::getSimple() must be an object, null returned
in APPPATH/Models/LabelInvoice.php on line 27.
 1 APPPATH/Models/InvoiceModel.php(85): App\Models\LabelInvoice->getSimple(8563)
 2 APPPATH/Controllers/Admin/Invoices.php(66): App\Models\InvoiceModel->getAll('cek-bayar', 0, '/home/dnzwygdo/public_html', 20, 0)
 3 SYSTEMPATH/CodeIgniter.php(898): App\Controllers\Admin\Invoices->lihat()
 4 SYSTEMPATH/CodeIgniter.php(457): CodeIgniter\CodeIgniter->runController(Object(App\Controllers\Admin\Invoices))
 5 SYSTEMPATH/CodeIgniter.php(340): CodeIgniter\CodeIgniter->handleRequest(null, Object(Config\Cache), false)
 6 FCPATH/index.php(67): CodeIgniter\CodeIgniter->run()
CRITICAL - 2022-12-12 16:14:57 --> Return value of App\Models\LabelInvoice::getSimple() must be an object, null returned
in APPPATH/Models/LabelInvoice.php on line 27.
 1 APPPATH/Models/InvoiceModel.php(85): App\Models\LabelInvoice->getSimple(8563)
 2 APPPATH/Controllers/Admin/Invoices.php(66): App\Models\InvoiceModel->getAll('cek-bayar', 0, '/home/dnzwygdo/public_html', 20, 0)
 3 SYSTEMPATH/CodeIgniter.php(898): App\Controllers\Admin\Invoices->lihat()
 4 SYSTEMPATH/CodeIgniter.php(457): CodeIgniter\CodeIgniter->runController(Object(App\Controllers\Admin\Invoices))
 5 SYSTEMPATH/CodeIgniter.php(340): CodeIgniter\CodeIgniter->handleRequest(null, Object(Config\Cache), false)
 6 FCPATH/index.php(67): CodeIgniter\CodeIgniter->run()
CRITICAL - 2022-12-12 16:15:08 --> Return value of App\Models\LabelInvoice::getSimple() must be an object, null returned
in APPPATH/Models/LabelInvoice.php on line 27.
 1 APPPATH/Models/InvoiceModel.php(85): App\Models\LabelInvoice->getSimple(8563)
 2 APPPATH/Controllers/Admin/Invoices.php(66): App\Models\InvoiceModel->getAll('semua', 0, [...], 20, 0)
 3 SYSTEMPATH/CodeIgniter.php(898): App\Controllers\Admin\Invoices->lihat('semua', 'semua')
 4 SYSTEMPATH/CodeIgniter.php(457): CodeIgniter\CodeIgniter->runController(Object(App\Controllers\Admin\Invoices))
 5 SYSTEMPATH/CodeIgniter.php(340): CodeIgniter\CodeIgniter->handleRequest(null, Object(Config\Cache), false)
 6 FCPATH/index.php(67): CodeIgniter\CodeIgniter->run()
CRITICAL - 2022-12-12 16:15:56 --> Return value of App\Models\LabelInvoice::getSimple() must be an object, null returned
in APPPATH/Models/LabelInvoice.php on line 27.
 1 APPPATH/Models/InvoiceModel.php(85): App\Models\LabelInvoice->getSimple(8563)
 2 APPPATH/Controllers/Admin/Invoices.php(66): App\Models\InvoiceModel->getAll('cek-bayar', 0, '/home/dnzwygdo/public_html', 20, 0)
 3 SYSTEMPATH/CodeIgniter.php(898): App\Controllers\Admin\Invoices->lihat()
 4 SYSTEMPATH/CodeIgniter.php(457): CodeIgniter\CodeIgniter->runController(Object(App\Controllers\Admin\Invoices))
 5 SYSTEMPATH/CodeIgniter.php(340): CodeIgniter\CodeIgniter->handleRequest(null, Object(Config\Cache), false)
 6 FCPATH/index.php(67): CodeIgniter\CodeIgniter->run()
CRITICAL - 2022-12-12 16:16:05 --> Return value of App\Models\LabelInvoice::getSimple() must be an object, null returned
in APPPATH/Models/LabelInvoice.php on line 27.
 1 APPPATH/Models/InvoiceModel.php(85): App\Models\LabelInvoice->getSimple(8563)
 2 APPPATH/Controllers/Admin/Invoices.php(66): App\Models\InvoiceModel->getAll('cek-bayar', 0, '/home/dnzwygdo/public_html', 20, 0)
 3 SYSTEMPATH/CodeIgniter.php(898): App\Controllers\Admin\Invoices->lihat()
 4 SYSTEMPATH/CodeIgniter.php(457): CodeIgniter\CodeIgniter->runController(Object(App\Controllers\Admin\Invoices))
 5 SYSTEMPATH/CodeIgniter.php(340): CodeIgniter\CodeIgniter->handleRequest(null, Object(Config\Cache), false)
 6 FCPATH/index.php(67): CodeIgniter\CodeIgniter->run()
CRITICAL - 2022-12-12 16:16:07 --> Return value of App\Models\LabelInvoice::getSimple() must be an object, null returned
in APPPATH/Models/LabelInvoice.php on line 27.
 1 APPPATH/Models/InvoiceModel.php(85): App\Models\LabelInvoice->getSimple(8563)
 2 APPPATH/Controllers/Admin/Invoices.php(66): App\Models\InvoiceModel->getAll('cek-bayar', 0, '/home/dnzwygdo/public_html', 20, 0)
 3 SYSTEMPATH/CodeIgniter.php(898): App\Controllers\Admin\Invoices->lihat()
 4 SYSTEMPATH/CodeIgniter.php(457): CodeIgniter\CodeIgniter->runController(Object(App\Controllers\Admin\Invoices))
 5 SYSTEMPATH/CodeIgniter.php(340): CodeIgniter\CodeIgniter->handleRequest(null, Object(Config\Cache), false)
 6 FCPATH/index.php(67): CodeIgniter\CodeIgniter->run()
CRITICAL - 2022-12-12 16:16:10 --> Return value of App\Models\LabelInvoice::getSimple() must be an object, null returned
in APPPATH/Models/LabelInvoice.php on line 27.
 1 APPPATH/Models/InvoiceModel.php(85): App\Models\LabelInvoice->getSimple(8563)
 2 APPPATH/Controllers/Admin/Invoices.php(66): App\Models\InvoiceModel->getAll('cek-bayar', 0, '/home/dnzwygdo/public_html', 20, 0)
 3 SYSTEMPATH/CodeIgniter.php(898): App\Controllers\Admin\Invoices->lihat()
 4 SYSTEMPATH/CodeIgniter.php(457): CodeIgniter\CodeIgniter->runController(Object(App\Controllers\Admin\Invoices))
 5 SYSTEMPATH/CodeIgniter.php(340): CodeIgniter\CodeIgniter->handleRequest(null, Object(Config\Cache), false)
 6 FCPATH/index.php(67): CodeIgniter\CodeIgniter->run()
CRITICAL - 2022-12-12 16:16:14 --> Return value of App\Models\LabelInvoice::getSimple() must be an object, null returned
in APPPATH/Models/LabelInvoice.php on line 27.
 1 APPPATH/Models/InvoiceModel.php(85): App\Models\LabelInvoice->getSimple(8563)
 2 APPPATH/Controllers/Admin/Invoices.php(66): App\Models\InvoiceModel->getAll('cek-bayar', 0, '/home/dnzwygdo/public_html', 20, 0)
 3 SYSTEMPATH/CodeIgniter.php(898): App\Controllers\Admin\Invoices->lihat()
 4 SYSTEMPATH/CodeIgniter.php(457): CodeIgniter\CodeIgniter->runController(Object(App\Controllers\Admin\Invoices))
 5 SYSTEMPATH/CodeIgniter.php(340): CodeIgniter\CodeIgniter->handleRequest(null, Object(Config\Cache), false)
 6 FCPATH/index.php(67): CodeIgniter\CodeIgniter->run()
CRITICAL - 2022-12-12 16:16:23 --> Return value of App\Models\LabelInvoice::getSimple() must be an object, null returned
in APPPATH/Models/LabelInvoice.php on line 27.
 1 APPPATH/Models/InvoiceModel.php(85): App\Models\LabelInvoice->getSimple(8563)
 2 APPPATH/Controllers/Admin/Invoices.php(66): App\Models\InvoiceModel->getAll('cek-bayar', 0, '/home/dnzwygdo/public_html', 20, 0)
 3 SYSTEMPATH/CodeIgniter.php(898): App\Controllers\Admin\Invoices->lihat()
 4 SYSTEMPATH/CodeIgniter.php(457): CodeIgniter\CodeIgniter->runController(Object(App\Controllers\Admin\Invoices))
 5 SYSTEMPATH/CodeIgniter.php(340): CodeIgniter\CodeIgniter->handleRequest(null, Object(Config\Cache), false)
 6 FCPATH/index.php(67): CodeIgniter\CodeIgniter->run()
CRITICAL - 2022-12-12 16:16:25 --> Return value of App\Models\LabelInvoice::getSimple() must be an object, null returned
in APPPATH/Models/LabelInvoice.php on line 27.
 1 APPPATH/Models/InvoiceModel.php(85): App\Models\LabelInvoice->getSimple(8563)
 2 APPPATH/Controllers/Admin/Invoices.php(66): App\Models\InvoiceModel->getAll('cek-bayar', 0, '/home/dnzwygdo/public_html', 20, 0)
 3 SYSTEMPATH/CodeIgniter.php(898): App\Controllers\Admin\Invoices->lihat()
 4 SYSTEMPATH/CodeIgniter.php(457): CodeIgniter\CodeIgniter->runController(Object(App\Controllers\Admin\Invoices))
 5 SYSTEMPATH/CodeIgniter.php(340): CodeIgniter\CodeIgniter->handleRequest(null, Object(Config\Cache), false)
 6 FCPATH/index.php(67): CodeIgniter\CodeIgniter->run()
CRITICAL - 2022-12-12 16:16:26 --> Return value of App\Models\LabelInvoice::getSimple() must be an object, null returned
in APPPATH/Models/LabelInvoice.php on line 27.
 1 APPPATH/Models/InvoiceModel.php(85): App\Models\LabelInvoice->getSimple(8563)
 2 APPPATH/Controllers/Admin/Invoices.php(66): App\Models\InvoiceModel->getAll('cek-bayar', 0, '/home/dnzwygdo/public_html', 20, 0)
 3 SYSTEMPATH/CodeIgniter.php(898): App\Controllers\Admin\Invoices->lihat()
 4 SYSTEMPATH/CodeIgniter.php(457): CodeIgniter\CodeIgniter->runController(Object(App\Controllers\Admin\Invoices))
 5 SYSTEMPATH/CodeIgniter.php(340): CodeIgniter\CodeIgniter->handleRequest(null, Object(Config\Cache), false)
 6 FCPATH/index.php(67): CodeIgniter\CodeIgniter->run()
CRITICAL - 2022-12-12 16:16:27 --> Return value of App\Models\LabelInvoice::getSimple() must be an object, null returned
in APPPATH/Models/LabelInvoice.php on line 27.
 1 APPPATH/Models/InvoiceModel.php(85): App\Models\LabelInvoice->getSimple(8563)
 2 APPPATH/Controllers/Admin/Invoices.php(66): App\Models\InvoiceModel->getAll('cek-bayar', 0, '/home/dnzwygdo/public_html', 20, 0)
 3 SYSTEMPATH/CodeIgniter.php(898): App\Controllers\Admin\Invoices->lihat()
 4 SYSTEMPATH/CodeIgniter.php(457): CodeIgniter\CodeIgniter->runController(Object(App\Controllers\Admin\Invoices))
 5 SYSTEMPATH/CodeIgniter.php(340): CodeIgniter\CodeIgniter->handleRequest(null, Object(Config\Cache), false)
 6 FCPATH/index.php(67): CodeIgniter\CodeIgniter->run()
CRITICAL - 2022-12-12 16:17:31 --> Return value of App\Models\LabelInvoice::getSimple() must be an object, null returned
in APPPATH/Models/LabelInvoice.php on line 27.
 1 APPPATH/Models/InvoiceModel.php(85): App\Models\LabelInvoice->getSimple(8563)
 2 APPPATH/Controllers/Admin/Invoices.php(66): App\Models\InvoiceModel->getAll('cek-bayar', 0, '/home/dnzwygdo/public_html', 20, 0)
 3 SYSTEMPATH/CodeIgniter.php(898): App\Controllers\Admin\Invoices->lihat()
 4 SYSTEMPATH/CodeIgniter.php(457): CodeIgniter\CodeIgniter->runController(Object(App\Controllers\Admin\Invoices))
 5 SYSTEMPATH/CodeIgniter.php(340): CodeIgniter\CodeIgniter->handleRequest(null, Object(Config\Cache), false)
 6 FCPATH/index.php(67): CodeIgniter\CodeIgniter->run()
CRITICAL - 2022-12-12 16:17:36 --> Return value of App\Models\LabelInvoice::getSimple() must be an object, null returned
in APPPATH/Models/LabelInvoice.php on line 27.
 1 APPPATH/Models/InvoiceModel.php(85): App\Models\LabelInvoice->getSimple(8563)
 2 APPPATH/Controllers/Admin/Invoices.php(66): App\Models\InvoiceModel->getAll('cek-bayar', 0, '/home/dnzwygdo/public_html', 20, 0)
 3 SYSTEMPATH/CodeIgniter.php(898): App\Controllers\Admin\Invoices->lihat()
 4 SYSTEMPATH/CodeIgniter.php(457): CodeIgniter\CodeIgniter->runController(Object(App\Controllers\Admin\Invoices))
 5 SYSTEMPATH/CodeIgniter.php(340): CodeIgniter\CodeIgniter->handleRequest(null, Object(Config\Cache), false)
 6 FCPATH/index.php(67): CodeIgniter\CodeIgniter->run()
CRITICAL - 2022-12-12 16:18:36 --> Return value of App\Models\LabelInvoice::getSimple() must be an object, null returned
in APPPATH/Models/LabelInvoice.php on line 27.
 1 APPPATH/Models/InvoiceModel.php(85): App\Models\LabelInvoice->getSimple(8563)
 2 APPPATH/Controllers/Admin/Invoices.php(66): App\Models\InvoiceModel->getAll('semua', 0, [...], 20, 0)
 3 SYSTEMPATH/CodeIgniter.php(898): App\Controllers\Admin\Invoices->lihat('semua', 'semua')
 4 SYSTEMPATH/CodeIgniter.php(457): CodeIgniter\CodeIgniter->runController(Object(App\Controllers\Admin\Invoices))
 5 SYSTEMPATH/CodeIgniter.php(340): CodeIgniter\CodeIgniter->handleRequest(null, Object(Config\Cache), false)
 6 FCPATH/index.php(67): CodeIgniter\CodeIgniter->run()
ERROR - 2022-12-12 16:18:58 --> mysqli_sql_exception: You have an error in your SQL syntax; check the manual that corresponds to your MySQL server version for the right syntax to use near ')
AND `juragan_id` = 27
AND `order_invoice`.`deleted_at` IS NULL
ORDER BY `statu' at line 3 in /home/dnzwygdo/djuragancom/vendor/codeigniter4/framework/system/Database/MySQLi/Connection.php:292
Stack trace:
#0 /home/dnzwygdo/djuragancom/vendor/codeigniter4/framework/system/Database/MySQLi/Connection.php(292): mysqli->query('SELECT *\nFROM `...', 0)
#1 /home/dnzwygdo/djuragancom/vendor/codeigniter4/framework/system/Database/BaseConnection.php(693): CodeIgniter\Database\MySQLi\Connection->execute('SELECT *\nFROM `...')
#2 /home/dnzwygdo/djuragancom/vendor/codeigniter4/framework/system/Database/BaseConnection.php(620): CodeIgniter\Database\BaseConnection->simpleQuery('SELECT *\nFROM `...')
#3 /home/dnzwygdo/djuragancom/vendor/codeigniter4/framework/system/Database/BaseBuilder.php(1585): CodeIgniter\Database\BaseConnection->query('SELECT *\nFROM `...', Array, false)
#4 /home/dnzwygdo/djuragancom/vendor/codeigniter4/framework/system/Model.php(222): CodeIgniter\Database\BaseBuilder->get()
#5 /home/dnzwygdo/djuragancom/vendor/codeigniter4/framework/system/BaseModel.php(584): CodeIgniter\Model->doFindAll(20, 0)
#6 /home/dnzwygdo/djuragancom/app/Models/InvoiceModel.php(73): CodeIgniter\BaseModel->findAll(20, 0)
#7 /home/dnzwygdo/djuragancom/app/Controllers/User/Invoices.php(156): App\Models\InvoiceModel->getAll('semua', 27, Array, 20, 0)
#8 /home/dnzwygdo/djuragancom/vendor/codeigniter4/framework/system/CodeIgniter.php(898): App\Controllers\User\Invoices->lihat('a7ff2cde7860485...', 'semua')
#9 /home/dnzwygdo/djuragancom/vendor/codeigniter4/framework/system/CodeIgniter.php(457): CodeIgniter\CodeIgniter->runController(Object(App\Controllers\User\Invoices))
#10 /home/dnzwygdo/djuragancom/vendor/codeigniter4/framework/system/CodeIgniter.php(340): CodeIgniter\CodeIgniter->handleRequest(NULL, Object(Config\Cache), false)
#11 /home/dnzwygdo/public_html/index.php(67): CodeIgniter\CodeIgniter->run()
#12 {main}
CRITICAL - 2022-12-12 16:18:58 --> Call to a member function getResult() on bool
in SYSTEMPATH/Model.php on line 223.
 1 SYSTEMPATH/BaseModel.php(584): CodeIgniter\Model->doFindAll(20, 0)
 2 APPPATH/Models/InvoiceModel.php(73): CodeIgniter\BaseModel->findAll(20, 0)
 3 APPPATH/Controllers/User/Invoices.php(156): App\Models\InvoiceModel->getAll('semua', 27, [...], 20, 0)
 4 SYSTEMPATH/CodeIgniter.php(898): App\Controllers\User\Invoices->lihat('a7ff2cde7860485e28c2106329d5f186dc1f3741', 'semua')
 5 SYSTEMPATH/CodeIgniter.php(457): CodeIgniter\CodeIgniter->runController(Object(App\Controllers\User\Invoices))
 6 SYSTEMPATH/CodeIgniter.php(340): CodeIgniter\CodeIgniter->handleRequest(null, Object(Config\Cache), false)
 7 FCPATH/index.php(67): CodeIgniter\CodeIgniter->run()
CRITICAL - 2022-12-12 16:19:11 --> Return value of App\Models\LabelInvoice::getSimple() must be an object, null returned
in APPPATH/Models/LabelInvoice.php on line 27.
 1 APPPATH/Models/InvoiceModel.php(85): App\Models\LabelInvoice->getSimple(8563)
 2 APPPATH/Controllers/Admin/Invoices.php(66): App\Models\InvoiceModel->getAll('semua', 0, [...], 20, 0)
 3 SYSTEMPATH/CodeIgniter.php(898): App\Controllers\Admin\Invoices->lihat('semua', 'semua')
 4 SYSTEMPATH/CodeIgniter.php(457): CodeIgniter\CodeIgniter->runController(Object(App\Controllers\Admin\Invoices))
 5 SYSTEMPATH/CodeIgniter.php(340): CodeIgniter\CodeIgniter->handleRequest(null, Object(Config\Cache), false)
 6 FCPATH/index.php(67): CodeIgniter\CodeIgniter->run()
ERROR - 2022-12-12 16:20:17 --> mysqli_sql_exception: You have an error in your SQL syntax; check the manual that corresponds to your MySQL server version for the right syntax to use near ')
AND `juragan_id` = 13
AND `order_invoice`.`deleted_at` IS NULL
ORDER BY `statu' at line 3 in /home/dnzwygdo/djuragancom/vendor/codeigniter4/framework/system/Database/MySQLi/Connection.php:292
Stack trace:
#0 /home/dnzwygdo/djuragancom/vendor/codeigniter4/framework/system/Database/MySQLi/Connection.php(292): mysqli->query('SELECT *\nFROM `...', 0)
#1 /home/dnzwygdo/djuragancom/vendor/codeigniter4/framework/system/Database/BaseConnection.php(693): CodeIgniter\Database\MySQLi\Connection->execute('SELECT *\nFROM `...')
#2 /home/dnzwygdo/djuragancom/vendor/codeigniter4/framework/system/Database/BaseConnection.php(620): CodeIgniter\Database\BaseConnection->simpleQuery('SELECT *\nFROM `...')
#3 /home/dnzwygdo/djuragancom/vendor/codeigniter4/framework/system/Database/BaseBuilder.php(1585): CodeIgniter\Database\BaseConnection->query('SELECT *\nFROM `...', Array, false)
#4 /home/dnzwygdo/djuragancom/vendor/codeigniter4/framework/system/Model.php(222): CodeIgniter\Database\BaseBuilder->get()
#5 /home/dnzwygdo/djuragancom/vendor/codeigniter4/framework/system/BaseModel.php(584): CodeIgniter\Model->doFindAll(20, 0)
#6 /home/dnzwygdo/djuragancom/app/Models/InvoiceModel.php(73): CodeIgniter\BaseModel->findAll(20, 0)
#7 /home/dnzwygdo/djuragancom/app/Controllers/User/Invoices.php(156): App\Models\InvoiceModel->getAll('semua', 13, Array, 20, 0)
#8 /home/dnzwygdo/djuragancom/vendor/codeigniter4/framework/system/CodeIgniter.php(898): App\Controllers\User\Invoices->lihat('55ab934c2d84700...', 'semua')
#9 /home/dnzwygdo/djuragancom/vendor/codeigniter4/framework/system/CodeIgniter.php(457): CodeIgniter\CodeIgniter->runController(Object(App\Controllers\User\Invoices))
#10 /home/dnzwygdo/djuragancom/vendor/codeigniter4/framework/system/CodeIgniter.php(340): CodeIgniter\CodeIgniter->handleRequest(NULL, Object(Config\Cache), false)
#11 /home/dnzwygdo/public_html/index.php(67): CodeIgniter\CodeIgniter->run()
#12 {main}
CRITICAL - 2022-12-12 16:20:17 --> Call to a member function getResult() on bool
in SYSTEMPATH/Model.php on line 223.
 1 SYSTEMPATH/BaseModel.php(584): CodeIgniter\Model->doFindAll(20, 0)
 2 APPPATH/Models/InvoiceModel.php(73): CodeIgniter\BaseModel->findAll(20, 0)
 3 APPPATH/Controllers/User/Invoices.php(156): App\Models\InvoiceModel->getAll('semua', 13, [...], 20, 0)
 4 SYSTEMPATH/CodeIgniter.php(898): App\Controllers\User\Invoices->lihat('55ab934c2d84700866ad14d14c6e355c4a9d7d50', 'semua')
 5 SYSTEMPATH/CodeIgniter.php(457): CodeIgniter\CodeIgniter->runController(Object(App\Controllers\User\Invoices))
 6 SYSTEMPATH/CodeIgniter.php(340): CodeIgniter\CodeIgniter->handleRequest(null, Object(Config\Cache), false)
 7 FCPATH/index.php(67): CodeIgniter\CodeIgniter->run()
CRITICAL - 2022-12-12 16:22:56 --> Return value of App\Models\LabelInvoice::getSimple() must be an object, null returned
in APPPATH/Models/LabelInvoice.php on line 27.
 1 APPPATH/Models/InvoiceModel.php(85): App\Models\LabelInvoice->getSimple(8563)
 2 APPPATH/Controllers/User/Invoices.php(156): App\Models\InvoiceModel->getAll('cek-bayar', 3, '/home/dnzwygdo/public_html', 20, 0)
 3 SYSTEMPATH/CodeIgniter.php(898): App\Controllers\User\Invoices->lihat('51e3988da1e21f4dd41ac864c601c3c55e9b556e', 'cek-bayar')
 4 SYSTEMPATH/CodeIgniter.php(457): CodeIgniter\CodeIgniter->runController(Object(App\Controllers\User\Invoices))
 5 SYSTEMPATH/CodeIgniter.php(340): CodeIgniter\CodeIgniter->handleRequest(null, Object(Config\Cache), false)
 6 FCPATH/index.php(67): CodeIgniter\CodeIgniter->run()
CRITICAL - 2022-12-12 16:23:03 --> Return value of App\Models\LabelInvoice::getSimple() must be an object, null returned
in APPPATH/Models/LabelInvoice.php on line 27.
 1 APPPATH/Models/InvoiceModel.php(85): App\Models\LabelInvoice->getSimple(8563)
 2 APPPATH/Controllers/User/Invoices.php(156): App\Models\InvoiceModel->getAll('cek-bayar', 3, '/home/dnzwygdo/public_html', 20, 0)
 3 SYSTEMPATH/CodeIgniter.php(898): App\Controllers\User\Invoices->lihat('51e3988da1e21f4dd41ac864c601c3c55e9b556e', 'cek-bayar')
 4 SYSTEMPATH/CodeIgniter.php(457): CodeIgniter\CodeIgniter->runController(Object(App\Controllers\User\Invoices))
 5 SYSTEMPATH/CodeIgniter.php(340): CodeIgniter\CodeIgniter->handleRequest(null, Object(Config\Cache), false)
 6 FCPATH/index.php(67): CodeIgniter\CodeIgniter->run()
CRITICAL - 2022-12-12 16:23:10 --> Return value of App\Models\LabelInvoice::getSimple() must be an object, null returned
in APPPATH/Models/LabelInvoice.php on line 27.
 1 APPPATH/Models/InvoiceModel.php(85): App\Models\LabelInvoice->getSimple(8563)
 2 APPPATH/Controllers/User/Invoices.php(156): App\Models\InvoiceModel->getAll('semua', 3, '/home/dnzwygdo/public_html', 20, 0)
 3 SYSTEMPATH/CodeIgniter.php(898): App\Controllers\User\Invoices->lihat('51e3988da1e21f4dd41ac864c601c3c55e9b556e', 'semua')
 4 SYSTEMPATH/CodeIgniter.php(457): CodeIgniter\CodeIgniter->runController(Object(App\Controllers\User\Invoices))
 5 SYSTEMPATH/CodeIgniter.php(340): CodeIgniter\CodeIgniter->handleRequest(null, Object(Config\Cache), false)
 6 FCPATH/index.php(67): CodeIgniter\CodeIgniter->run()
CRITICAL - 2022-12-12 16:23:15 --> Return value of App\Models\LabelInvoice::getSimple() must be an object, null returned
in APPPATH/Models/LabelInvoice.php on line 27.
 1 APPPATH/Models/InvoiceModel.php(85): App\Models\LabelInvoice->getSimple(8563)
 2 APPPATH/Controllers/User/Invoices.php(156): App\Models\InvoiceModel->getAll('belum-proses', 3, '/home/dnzwygdo/public_html', 20, 0)
 3 SYSTEMPATH/CodeIgniter.php(898): App\Controllers\User\Invoices->lihat('51e3988da1e21f4dd41ac864c601c3c55e9b556e', 'belum-proses')
 4 SYSTEMPATH/CodeIgniter.php(457): CodeIgniter\CodeIgniter->runController(Object(App\Controllers\User\Invoices))
 5 SYSTEMPATH/CodeIgniter.php(340): CodeIgniter\CodeIgniter->handleRequest(null, Object(Config\Cache), false)
 6 FCPATH/index.php(67): CodeIgniter\CodeIgniter->run()
CRITICAL - 2022-12-12 16:23:25 --> Return value of App\Models\LabelInvoice::getSimple() must be an object, null returned
in APPPATH/Models/LabelInvoice.php on line 27.
 1 APPPATH/Models/InvoiceModel.php(85): App\Models\LabelInvoice->getSimple(8563)
 2 APPPATH/Controllers/User/Invoices.php(156): App\Models\InvoiceModel->getAll('belum-proses', 3, '/home/dnzwygdo/public_html', 20, 0)
 3 SYSTEMPATH/CodeIgniter.php(898): App\Controllers\User\Invoices->lihat('51e3988da1e21f4dd41ac864c601c3c55e9b556e', 'belum-proses')
 4 SYSTEMPATH/CodeIgniter.php(457): CodeIgniter\CodeIgniter->runController(Object(App\Controllers\User\Invoices))
 5 SYSTEMPATH/CodeIgniter.php(340): CodeIgniter\CodeIgniter->handleRequest(null, Object(Config\Cache), false)
 6 FCPATH/index.php(67): CodeIgniter\CodeIgniter->run()
CRITICAL - 2022-12-12 16:24:50 --> Return value of App\Models\LabelInvoice::getSimple() must be an object, null returned
in APPPATH/Models/LabelInvoice.php on line 27.
 1 APPPATH/Models/InvoiceModel.php(85): App\Models\LabelInvoice->getSimple(8563)
 2 APPPATH/Controllers/User/Invoices.php(156): App\Models\InvoiceModel->getAll('cek-bayar', 3, '/home/dnzwygdo/public_html', 20, 0)
 3 SYSTEMPATH/CodeIgniter.php(898): App\Controllers\User\Invoices->lihat('51e3988da1e21f4dd41ac864c601c3c55e9b556e', 'cek-bayar')
 4 SYSTEMPATH/CodeIgniter.php(457): CodeIgniter\CodeIgniter->runController(Object(App\Controllers\User\Invoices))
 5 SYSTEMPATH/CodeIgniter.php(340): CodeIgniter\CodeIgniter->handleRequest(null, Object(Config\Cache), false)
 6 FCPATH/index.php(67): CodeIgniter\CodeIgniter->run()
CRITICAL - 2022-12-12 16:24:58 --> Return value of App\Models\LabelInvoice::getSimple() must be an object, null returned
in APPPATH/Models/LabelInvoice.php on line 27.
 1 APPPATH/Models/InvoiceModel.php(85): App\Models\LabelInvoice->getSimple(8563)
 2 APPPATH/Controllers/User/Invoices.php(156): App\Models\InvoiceModel->getAll('cek-bayar', 3, '/home/dnzwygdo/public_html', 20, 0)
 3 SYSTEMPATH/CodeIgniter.php(898): App\Controllers\User\Invoices->lihat('51e3988da1e21f4dd41ac864c601c3c55e9b556e', 'cek-bayar')
 4 SYSTEMPATH/CodeIgniter.php(457): CodeIgniter\CodeIgniter->runController(Object(App\Controllers\User\Invoices))
 5 SYSTEMPATH/CodeIgniter.php(340): CodeIgniter\CodeIgniter->handleRequest(null, Object(Config\Cache), false)
 6 FCPATH/index.php(67): CodeIgniter\CodeIgniter->run()
CRITICAL - 2022-12-12 16:25:06 --> Return value of App\Models\LabelInvoice::getSimple() must be an object, null returned
in APPPATH/Models/LabelInvoice.php on line 27.
 1 APPPATH/Models/InvoiceModel.php(85): App\Models\LabelInvoice->getSimple(8563)
 2 APPPATH/Controllers/User/Invoices.php(156): App\Models\InvoiceModel->getAll('semua', 3, '/home/dnzwygdo/public_html', 20, 0)
 3 SYSTEMPATH/CodeIgniter.php(898): App\Controllers\User\Invoices->lihat('51e3988da1e21f4dd41ac864c601c3c55e9b556e', 'semua')
 4 SYSTEMPATH/CodeIgniter.php(457): CodeIgniter\CodeIgniter->runController(Object(App\Controllers\User\Invoices))
 5 SYSTEMPATH/CodeIgniter.php(340): CodeIgniter\CodeIgniter->handleRequest(null, Object(Config\Cache), false)
 6 FCPATH/index.php(67): CodeIgniter\CodeIgniter->run()
CRITICAL - 2022-12-12 16:27:18 --> Return value of App\Models\LabelInvoice::getSimple() must be an object, null returned
in APPPATH/Models/LabelInvoice.php on line 27.
 1 APPPATH/Models/InvoiceModel.php(85): App\Models\LabelInvoice->getSimple(8563)
 2 APPPATH/Controllers/User/Invoices.php(156): App\Models\InvoiceModel->getAll('belum-proses', 3, '/home/dnzwygdo/public_html', 20, 0)
 3 SYSTEMPATH/CodeIgniter.php(898): App\Controllers\User\Invoices->lihat('51e3988da1e21f4dd41ac864c601c3c55e9b556e', 'belum-proses')
 4 SYSTEMPATH/CodeIgniter.php(457): CodeIgniter\CodeIgniter->runController(Object(App\Controllers\User\Invoices))
 5 SYSTEMPATH/CodeIgniter.php(340): CodeIgniter\CodeIgniter->handleRequest(null, Object(Config\Cache), false)
 6 FCPATH/index.php(67): CodeIgniter\CodeIgniter->run()
CRITICAL - 2022-12-12 16:27:20 --> Return value of App\Models\LabelInvoice::getSimple() must be an object, null returned
in APPPATH/Models/LabelInvoice.php on line 27.
 1 APPPATH/Models/InvoiceModel.php(85): App\Models\LabelInvoice->getSimple(8563)
 2 APPPATH/Controllers/User/Invoices.php(156): App\Models\InvoiceModel->getAll('belum-proses', 3, '/home/dnzwygdo/public_html', 20, 0)
 3 SYSTEMPATH/CodeIgniter.php(898): App\Controllers\User\Invoices->lihat('51e3988da1e21f4dd41ac864c601c3c55e9b556e', 'belum-proses')
 4 SYSTEMPATH/CodeIgniter.php(457): CodeIgniter\CodeIgniter->runController(Object(App\Controllers\User\Invoices))
 5 SYSTEMPATH/CodeIgniter.php(340): CodeIgniter\CodeIgniter->handleRequest(null, Object(Config\Cache), false)
 6 FCPATH/index.php(67): CodeIgniter\CodeIgniter->run()
CRITICAL - 2022-12-12 17:06:23 --> Return value of App\Models\LabelInvoice::getSimple() must be an object, null returned
in APPPATH/Models/LabelInvoice.php on line 27.
 1 APPPATH/Models/InvoiceModel.php(85): App\Models\LabelInvoice->getSimple(8563)
 2 APPPATH/Controllers/User/Invoices.php(156): App\Models\InvoiceModel->getAll('cek-bayar', 3, '/home/dnzwygdo/public_html', 20, 0)
 3 SYSTEMPATH/CodeIgniter.php(898): App\Controllers\User\Invoices->lihat('51e3988da1e21f4dd41ac864c601c3c55e9b556e', 'cek-bayar')
 4 SYSTEMPATH/CodeIgniter.php(457): CodeIgniter\CodeIgniter->runController(Object(App\Controllers\User\Invoices))
 5 SYSTEMPATH/CodeIgniter.php(340): CodeIgniter\CodeIgniter->handleRequest(null, Object(Config\Cache), false)
 6 FCPATH/index.php(67): CodeIgniter\CodeIgniter->run()
CRITICAL - 2022-12-12 17:06:33 --> Return value of App\Models\LabelInvoice::getSimple() must be an object, null returned
in APPPATH/Models/LabelInvoice.php on line 27.
 1 APPPATH/Models/InvoiceModel.php(85): App\Models\LabelInvoice->getSimple(8563)
 2 APPPATH/Controllers/User/Invoices.php(156): App\Models\InvoiceModel->getAll('cek-bayar', 3, '/home/dnzwygdo/public_html', 20, 0)
 3 SYSTEMPATH/CodeIgniter.php(898): App\Controllers\User\Invoices->lihat('51e3988da1e21f4dd41ac864c601c3c55e9b556e', 'cek-bayar')
 4 SYSTEMPATH/CodeIgniter.php(457): CodeIgniter\CodeIgniter->runController(Object(App\Controllers\User\Invoices))
 5 SYSTEMPATH/CodeIgniter.php(340): CodeIgniter\CodeIgniter->handleRequest(null, Object(Config\Cache), false)
 6 FCPATH/index.php(67): CodeIgniter\CodeIgniter->run()
CRITICAL - 2022-12-12 18:57:13 --> Return value of App\Models\LabelInvoice::getSimple() must be an object, null returned
in APPPATH/Models/LabelInvoice.php on line 27.
 1 APPPATH/Models/InvoiceModel.php(85): App\Models\LabelInvoice->getSimple(8563)
 2 APPPATH/Controllers/User/Invoices.php(156): App\Models\InvoiceModel->getAll('cek-bayar', 3, '/home/dnzwygdo/public_html', 20, 0)
 3 SYSTEMPATH/CodeIgniter.php(898): App\Controllers\User\Invoices->lihat('51e3988da1e21f4dd41ac864c601c3c55e9b556e', 'cek-bayar')
 4 SYSTEMPATH/CodeIgniter.php(457): CodeIgniter\CodeIgniter->runController(Object(App\Controllers\User\Invoices))
 5 SYSTEMPATH/CodeIgniter.php(340): CodeIgniter\CodeIgniter->handleRequest(null, Object(Config\Cache), false)
 6 FCPATH/index.php(67): CodeIgniter\CodeIgniter->run()
CRITICAL - 2022-12-12 18:57:16 --> Return value of App\Models\LabelInvoice::getSimple() must be an object, null returned
in APPPATH/Models/LabelInvoice.php on line 27.
 1 APPPATH/Models/InvoiceModel.php(85): App\Models\LabelInvoice->getSimple(8563)
 2 APPPATH/Controllers/User/Invoices.php(156): App\Models\InvoiceModel->getAll('belum-proses', 3, '/home/dnzwygdo/public_html', 20, 0)
 3 SYSTEMPATH/CodeIgniter.php(898): App\Controllers\User\Invoices->lihat('51e3988da1e21f4dd41ac864c601c3c55e9b556e', 'belum-proses')
 4 SYSTEMPATH/CodeIgniter.php(457): CodeIgniter\CodeIgniter->runController(Object(App\Controllers\User\Invoices))
 5 SYSTEMPATH/CodeIgniter.php(340): CodeIgniter\CodeIgniter->handleRequest(null, Object(Config\Cache), false)
 6 FCPATH/index.php(67): CodeIgniter\CodeIgniter->run()
CRITICAL - 2022-12-12 18:57:16 --> Return value of App\Models\LabelInvoice::getSimple() must be an object, null returned
in APPPATH/Models/LabelInvoice.php on line 27.
 1 APPPATH/Models/InvoiceModel.php(85): App\Models\LabelInvoice->getSimple(8563)
 2 APPPATH/Controllers/User/Invoices.php(156): App\Models\InvoiceModel->getAll('belum-proses', 3, '/home/dnzwygdo/public_html', 20, 0)
 3 SYSTEMPATH/CodeIgniter.php(898): App\Controllers\User\Invoices->lihat('51e3988da1e21f4dd41ac864c601c3c55e9b556e', 'belum-proses')
 4 SYSTEMPATH/CodeIgniter.php(457): CodeIgniter\CodeIgniter->runController(Object(App\Controllers\User\Invoices))
 5 SYSTEMPATH/CodeIgniter.php(340): CodeIgniter\CodeIgniter->handleRequest(null, Object(Config\Cache), false)
 6 FCPATH/index.php(67): CodeIgniter\CodeIgniter->run()
CRITICAL - 2022-12-12 18:58:12 --> Return value of App\Models\LabelInvoice::getSimple() must be an object, null returned
in APPPATH/Models/LabelInvoice.php on line 27.
 1 APPPATH/Models/InvoiceModel.php(85): App\Models\LabelInvoice->getSimple(8563)
 2 APPPATH/Controllers/User/Invoices.php(156): App\Models\InvoiceModel->getAll('semua', 3, [...], 20, 0)
 3 SYSTEMPATH/CodeIgniter.php(898): App\Controllers\User\Invoices->lihat('51e3988da1e21f4dd41ac864c601c3c55e9b556e', 'semua')
 4 SYSTEMPATH/CodeIgniter.php(457): CodeIgniter\CodeIgniter->runController(Object(App\Controllers\User\Invoices))
 5 SYSTEMPATH/CodeIgniter.php(340): CodeIgniter\CodeIgniter->handleRequest(null, Object(Config\Cache), false)
 6 FCPATH/index.php(67): CodeIgniter\CodeIgniter->run()
CRITICAL - 2022-12-12 19:39:27 --> Return value of App\Models\LabelInvoice::getSimple() must be an object, null returned
in APPPATH/Models/LabelInvoice.php on line 27.
 1 APPPATH/Models/InvoiceModel.php(85): App\Models\LabelInvoice->getSimple(8563)
 2 APPPATH/Controllers/User/Invoices.php(156): App\Models\InvoiceModel->getAll('cek-bayar', 3, '/home/dnzwygdo/public_html', 20, 0)
 3 SYSTEMPATH/CodeIgniter.php(898): App\Controllers\User\Invoices->lihat('51e3988da1e21f4dd41ac864c601c3c55e9b556e', 'cek-bayar')
 4 SYSTEMPATH/CodeIgniter.php(457): CodeIgniter\CodeIgniter->runController(Object(App\Controllers\User\Invoices))
 5 SYSTEMPATH/CodeIgniter.php(340): CodeIgniter\CodeIgniter->handleRequest(null, Object(Config\Cache), false)
 6 FCPATH/index.php(67): CodeIgniter\CodeIgniter->run()
CRITICAL - 2022-12-12 19:39:27 --> Return value of App\Models\LabelInvoice::getSimple() must be an object, null returned
in APPPATH/Models/LabelInvoice.php on line 27.
 1 APPPATH/Models/InvoiceModel.php(85): App\Models\LabelInvoice->getSimple(8563)
 2 APPPATH/Controllers/User/Invoices.php(156): App\Models\InvoiceModel->getAll('cek-bayar', 3, '/home/dnzwygdo/public_html', 20, 0)
 3 SYSTEMPATH/CodeIgniter.php(898): App\Controllers\User\Invoices->lihat('51e3988da1e21f4dd41ac864c601c3c55e9b556e', 'cek-bayar')
 4 SYSTEMPATH/CodeIgniter.php(457): CodeIgniter\CodeIgniter->runController(Object(App\Controllers\User\Invoices))
 5 SYSTEMPATH/CodeIgniter.php(340): CodeIgniter\CodeIgniter->handleRequest(null, Object(Config\Cache), false)
 6 FCPATH/index.php(67): CodeIgniter\CodeIgniter->run()
CRITICAL - 2022-12-12 19:41:26 --> Return value of App\Models\LabelInvoice::getSimple() must be an object, null returned
in APPPATH/Models/LabelInvoice.php on line 27.
 1 APPPATH/Models/InvoiceModel.php(85): App\Models\LabelInvoice->getSimple(8563)
 2 APPPATH/Controllers/User/Invoices.php(156): App\Models\InvoiceModel->getAll('cek-bayar', 3, '/home/dnzwygdo/public_html', 20, 0)
 3 SYSTEMPATH/CodeIgniter.php(898): App\Controllers\User\Invoices->lihat('51e3988da1e21f4dd41ac864c601c3c55e9b556e', 'cek-bayar')
 4 SYSTEMPATH/CodeIgniter.php(457): CodeIgniter\CodeIgniter->runController(Object(App\Controllers\User\Invoices))
 5 SYSTEMPATH/CodeIgniter.php(340): CodeIgniter\CodeIgniter->handleRequest(null, Object(Config\Cache), false)
 6 FCPATH/index.php(67): CodeIgniter\CodeIgniter->run()
CRITICAL - 2022-12-12 19:41:31 --> Return value of App\Models\LabelInvoice::getSimple() must be an object, null returned
in APPPATH/Models/LabelInvoice.php on line 27.
 1 APPPATH/Models/InvoiceModel.php(85): App\Models\LabelInvoice->getSimple(8563)
 2 APPPATH/Controllers/User/Invoices.php(156): App\Models\InvoiceModel->getAll('belum-proses', 3, '/home/dnzwygdo/public_html', 20, 0)
 3 SYSTEMPATH/CodeIgniter.php(898): App\Controllers\User\Invoices->lihat('51e3988da1e21f4dd41ac864c601c3c55e9b556e', 'belum-proses')
 4 SYSTEMPATH/CodeIgniter.php(457): CodeIgniter\CodeIgniter->runController(Object(App\Controllers\User\Invoices))
 5 SYSTEMPATH/CodeIgniter.php(340): CodeIgniter\CodeIgniter->handleRequest(null, Object(Config\Cache), false)
 6 FCPATH/index.php(67): CodeIgniter\CodeIgniter->run()
CRITICAL - 2022-12-12 19:41:44 --> Return value of App\Models\LabelInvoice::getSimple() must be an object, null returned
in APPPATH/Models/LabelInvoice.php on line 27.
 1 APPPATH/Models/InvoiceModel.php(85): App\Models\LabelInvoice->getSimple(8563)
 2 APPPATH/Controllers/User/Invoices.php(156): App\Models\InvoiceModel->getAll('cek-bayar', 3, '/home/dnzwygdo/public_html', 20, 0)
 3 SYSTEMPATH/CodeIgniter.php(898): App\Controllers\User\Invoices->lihat('51e3988da1e21f4dd41ac864c601c3c55e9b556e', 'cek-bayar')
 4 SYSTEMPATH/CodeIgniter.php(457): CodeIgniter\CodeIgniter->runController(Object(App\Controllers\User\Invoices))
 5 SYSTEMPATH/CodeIgniter.php(340): CodeIgniter\CodeIgniter->handleRequest(null, Object(Config\Cache), false)
 6 FCPATH/index.php(67): CodeIgniter\CodeIgniter->run()
CRITICAL - 2022-12-12 19:42:58 --> Return value of App\Models\LabelInvoice::getSimple() must be an object, null returned
in APPPATH/Models/LabelInvoice.php on line 27.
 1 APPPATH/Models/InvoiceModel.php(85): App\Models\LabelInvoice->getSimple(8563)
 2 APPPATH/Controllers/User/Invoices.php(156): App\Models\InvoiceModel->getAll('cek-bayar', 3, '/home/dnzwygdo/public_html', 20, 0)
 3 SYSTEMPATH/CodeIgniter.php(898): App\Controllers\User\Invoices->lihat('51e3988da1e21f4dd41ac864c601c3c55e9b556e', 'cek-bayar')
 4 SYSTEMPATH/CodeIgniter.php(457): CodeIgniter\CodeIgniter->runController(Object(App\Controllers\User\Invoices))
 5 SYSTEMPATH/CodeIgniter.php(340): CodeIgniter\CodeIgniter->handleRequest(null, Object(Config\Cache), false)
 6 FCPATH/index.php(67): CodeIgniter\CodeIgniter->run()
CRITICAL - 2022-12-12 19:43:00 --> Return value of App\Models\LabelInvoice::getSimple() must be an object, null returned
in APPPATH/Models/LabelInvoice.php on line 27.
 1 APPPATH/Models/InvoiceModel.php(85): App\Models\LabelInvoice->getSimple(8563)
 2 APPPATH/Controllers/User/Invoices.php(156): App\Models\InvoiceModel->getAll('cek-bayar', 3, '/home/dnzwygdo/public_html', 20, 0)
 3 SYSTEMPATH/CodeIgniter.php(898): App\Controllers\User\Invoices->lihat('51e3988da1e21f4dd41ac864c601c3c55e9b556e', 'cek-bayar')
 4 SYSTEMPATH/CodeIgniter.php(457): CodeIgniter\CodeIgniter->runController(Object(App\Controllers\User\Invoices))
 5 SYSTEMPATH/CodeIgniter.php(340): CodeIgniter\CodeIgniter->handleRequest(null, Object(Config\Cache), false)
 6 FCPATH/index.php(67): CodeIgniter\CodeIgniter->run()
CRITICAL - 2022-12-12 19:43:16 --> Return value of App\Models\LabelInvoice::getSimple() must be an object, null returned
in APPPATH/Models/LabelInvoice.php on line 27.
 1 APPPATH/Models/InvoiceModel.php(85): App\Models\LabelInvoice->getSimple(8563)
 2 APPPATH/Controllers/User/Invoices.php(156): App\Models\InvoiceModel->getAll('cek-bayar', 3, '/home/dnzwygdo/public_html', 20, 0)
 3 SYSTEMPATH/CodeIgniter.php(898): App\Controllers\User\Invoices->lihat('51e3988da1e21f4dd41ac864c601c3c55e9b556e', 'cek-bayar')
 4 SYSTEMPATH/CodeIgniter.php(457): CodeIgniter\CodeIgniter->runController(Object(App\Controllers\User\Invoices))
 5 SYSTEMPATH/CodeIgniter.php(340): CodeIgniter\CodeIgniter->handleRequest(null, Object(Config\Cache), false)
 6 FCPATH/index.php(67): CodeIgniter\CodeIgniter->run()
CRITICAL - 2022-12-12 19:43:20 --> Return value of App\Models\LabelInvoice::getSimple() must be an object, null returned
in APPPATH/Models/LabelInvoice.php on line 27.
 1 APPPATH/Models/InvoiceModel.php(85): App\Models\LabelInvoice->getSimple(8563)
 2 APPPATH/Controllers/User/Invoices.php(156): App\Models\InvoiceModel->getAll('belum-proses', 3, '/home/dnzwygdo/public_html', 20, 0)
 3 SYSTEMPATH/CodeIgniter.php(898): App\Controllers\User\Invoices->lihat('51e3988da1e21f4dd41ac864c601c3c55e9b556e', 'belum-proses')
 4 SYSTEMPATH/CodeIgniter.php(457): CodeIgniter\CodeIgniter->runController(Object(App\Controllers\User\Invoices))
 5 SYSTEMPATH/CodeIgniter.php(340): CodeIgniter\CodeIgniter->handleRequest(null, Object(Config\Cache), false)
 6 FCPATH/index.php(67): CodeIgniter\CodeIgniter->run()
CRITICAL - 2022-12-12 19:43:24 --> Return value of App\Models\LabelInvoice::getSimple() must be an object, null returned
in APPPATH/Models/LabelInvoice.php on line 27.
 1 APPPATH/Models/InvoiceModel.php(85): App\Models\LabelInvoice->getSimple(8563)
 2 APPPATH/Controllers/User/Invoices.php(156): App\Models\InvoiceModel->getAll('belum-proses', 3, '/home/dnzwygdo/public_html', 20, 0)
 3 SYSTEMPATH/CodeIgniter.php(898): App\Controllers\User\Invoices->lihat('51e3988da1e21f4dd41ac864c601c3c55e9b556e', 'belum-proses')
 4 SYSTEMPATH/CodeIgniter.php(457): CodeIgniter\CodeIgniter->runController(Object(App\Controllers\User\Invoices))
 5 SYSTEMPATH/CodeIgniter.php(340): CodeIgniter\CodeIgniter->handleRequest(null, Object(Config\Cache), false)
 6 FCPATH/index.php(67): CodeIgniter\CodeIgniter->run()
CRITICAL - 2022-12-12 19:43:24 --> Return value of App\Models\LabelInvoice::getSimple() must be an object, null returned
in APPPATH/Models/LabelInvoice.php on line 27.
 1 APPPATH/Models/InvoiceModel.php(85): App\Models\LabelInvoice->getSimple(8563)
 2 APPPATH/Controllers/User/Invoices.php(156): App\Models\InvoiceModel->getAll('belum-proses', 3, '/home/dnzwygdo/public_html', 20, 0)
 3 SYSTEMPATH/CodeIgniter.php(898): App\Controllers\User\Invoices->lihat('51e3988da1e21f4dd41ac864c601c3c55e9b556e', 'belum-proses')
 4 SYSTEMPATH/CodeIgniter.php(457): CodeIgniter\CodeIgniter->runController(Object(App\Controllers\User\Invoices))
 5 SYSTEMPATH/CodeIgniter.php(340): CodeIgniter\CodeIgniter->handleRequest(null, Object(Config\Cache), false)
 6 FCPATH/index.php(67): CodeIgniter\CodeIgniter->run()
CRITICAL - 2022-12-12 19:50:42 --> Return value of App\Models\LabelInvoice::getSimple() must be an object, null returned
in APPPATH/Models/LabelInvoice.php on line 27.
 1 APPPATH/Models/InvoiceModel.php(85): App\Models\LabelInvoice->getSimple(8563)
 2 APPPATH/Controllers/User/Invoices.php(156): App\Models\InvoiceModel->getAll('cek-bayar', 3, '/home/dnzwygdo/public_html', 20, 0)
 3 SYSTEMPATH/CodeIgniter.php(898): App\Controllers\User\Invoices->lihat('51e3988da1e21f4dd41ac864c601c3c55e9b556e', 'cek-bayar')
 4 SYSTEMPATH/CodeIgniter.php(457): CodeIgniter\CodeIgniter->runController(Object(App\Controllers\User\Invoices))
 5 SYSTEMPATH/CodeIgniter.php(340): CodeIgniter\CodeIgniter->handleRequest(null, Object(Config\Cache), false)
 6 FCPATH/index.php(67): CodeIgniter\CodeIgniter->run()
