CRITICAL - 2022-05-13 10:09:54 --> Invalid argument supplied for foreach()
#0 /home/dnzwygdo/djuragancom/app/Views/admin/invoice/sunting.php(62): CodeIgniter\Debug\Exceptions->errorHandler(2, 'Invalid argumen...', '/home/dnzwygdo/...', 62, Array)
#1 /home/dnzwygdo/djuragancom/vendor/codeigniter4/framework/system/View/View.php(210): include('/home/dnzwygdo/...')
#2 /home/dnzwygdo/djuragancom/vendor/codeigniter4/framework/system/View/View.php(213): CodeIgniter\View\View->CodeIgniter\View\{closure}()
#3 /home/dnzwygdo/djuragancom/vendor/codeigniter4/framework/system/Common.php(1089): CodeIgniter\View\View->render('admin/invoice/s...', Array, true)
#4 /home/dnzwygdo/djuragancom/app/Controllers/Admin/Invoices.php(91): view('admin/invoice/s...', Array)
#5 /home/dnzwygdo/djuragancom/vendor/codeigniter4/framework/system/CodeIgniter.php(832): App\Controllers\Admin\Invoices->sunting('DJ1652351628')
#6 /home/dnzwygdo/djuragancom/vendor/codeigniter4/framework/system/CodeIgniter.php(419): CodeIgniter\CodeIgniter->runController(Object(App\Controllers\Admin\Invoices))
#7 /home/dnzwygdo/djuragancom/vendor/codeigniter4/framework/system/CodeIgniter.php(326): CodeIgniter\CodeIgniter->handleRequest(NULL, Object(Config\Cache), false)
#8 /home/dnzwygdo/public_html/index.php(37): CodeIgniter\CodeIgniter->run()
#9 {main}
CRITICAL - 2022-05-13 11:13:45 --> Invalid argument supplied for foreach()
#0 /home/dnzwygdo/djuragancom/app/Views/admin/invoice/sunting.php(62): CodeIgniter\Debug\Exceptions->errorHandler(2, 'Invalid argumen...', '/home/dnzwygdo/...', 62, Array)
#1 /home/dnzwygdo/djuragancom/vendor/codeigniter4/framework/system/View/View.php(210): include('/home/dnzwygdo/...')
#2 /home/dnzwygdo/djuragancom/vendor/codeigniter4/framework/system/View/View.php(213): CodeIgniter\View\View->CodeIgniter\View\{closure}()
#3 /home/dnzwygdo/djuragancom/vendor/codeigniter4/framework/system/Common.php(1089): CodeIgniter\View\View->render('admin/invoice/s...', Array, true)
#4 /home/dnzwygdo/djuragancom/app/Controllers/Admin/Invoices.php(91): view('admin/invoice/s...', Array)
#5 /home/dnzwygdo/djuragancom/vendor/codeigniter4/framework/system/CodeIgniter.php(832): App\Controllers\Admin\Invoices->sunting('SL1652413682')
#6 /home/dnzwygdo/djuragancom/vendor/codeigniter4/framework/system/CodeIgniter.php(419): CodeIgniter\CodeIgniter->runController(Object(App\Controllers\Admin\Invoices))
#7 /home/dnzwygdo/djuragancom/vendor/codeigniter4/framework/system/CodeIgniter.php(326): CodeIgniter\CodeIgniter->handleRequest(NULL, Object(Config\Cache), false)
#8 /home/dnzwygdo/public_html/index.php(37): CodeIgniter\CodeIgniter->run()
#9 {main}
CRITICAL - 2022-05-13 13:15:01 --> Invalid argument supplied for foreach()
#0 /home/dnzwygdo/djuragancom/app/Views/admin/invoice/sunting.php(62): CodeIgniter\Debug\Exceptions->errorHandler(2, 'Invalid argumen...', '/home/dnzwygdo/...', 62, Array)
#1 /home/dnzwygdo/djuragancom/vendor/codeigniter4/framework/system/View/View.php(210): include('/home/dnzwygdo/...')
#2 /home/dnzwygdo/djuragancom/vendor/codeigniter4/framework/system/View/View.php(213): CodeIgniter\View\View->CodeIgniter\View\{closure}()
#3 /home/dnzwygdo/djuragancom/vendor/codeigniter4/framework/system/Common.php(1089): CodeIgniter\View\View->render('admin/invoice/s...', Array, true)
#4 /home/dnzwygdo/djuragancom/app/Controllers/Admin/Invoices.php(91): view('admin/invoice/s...', Array)
#5 /home/dnzwygdo/djuragancom/vendor/codeigniter4/framework/system/CodeIgniter.php(832): App\Controllers\Admin\Invoices->sunting('DJ1652351628')
#6 /home/dnzwygdo/djuragancom/vendor/codeigniter4/framework/system/CodeIgniter.php(419): CodeIgniter\CodeIgniter->runController(Object(App\Controllers\Admin\Invoices))
#7 /home/dnzwygdo/djuragancom/vendor/codeigniter4/framework/system/CodeIgniter.php(326): CodeIgniter\CodeIgniter->handleRequest(NULL, Object(Config\Cache), false)
#8 /home/dnzwygdo/public_html/index.php(37): CodeIgniter\CodeIgniter->run()
#9 {main}
CRITICAL - 2022-05-13 13:26:27 --> Invalid argument supplied for foreach()
#0 /home/dnzwygdo/djuragancom/app/Views/admin/invoice/sunting.php(62): CodeIgniter\Debug\Exceptions->errorHandler(2, 'Invalid argumen...', '/home/dnzwygdo/...', 62, Array)
#1 /home/dnzwygdo/djuragancom/vendor/codeigniter4/framework/system/View/View.php(210): include('/home/dnzwygdo/...')
#2 /home/dnzwygdo/djuragancom/vendor/codeigniter4/framework/system/View/View.php(213): CodeIgniter\View\View->CodeIgniter\View\{closure}()
#3 /home/dnzwygdo/djuragancom/vendor/codeigniter4/framework/system/Common.php(1089): CodeIgniter\View\View->render('admin/invoice/s...', Array, true)
#4 /home/dnzwygdo/djuragancom/app/Controllers/Admin/Invoices.php(91): view('admin/invoice/s...', Array)
#5 /home/dnzwygdo/djuragancom/vendor/codeigniter4/framework/system/CodeIgniter.php(832): App\Controllers\Admin\Invoices->sunting('DJ1652351628')
#6 /home/dnzwygdo/djuragancom/vendor/codeigniter4/framework/system/CodeIgniter.php(419): CodeIgniter\CodeIgniter->runController(Object(App\Controllers\Admin\Invoices))
#7 /home/dnzwygdo/djuragancom/vendor/codeigniter4/framework/system/CodeIgniter.php(326): CodeIgniter\CodeIgniter->handleRequest(NULL, Object(Config\Cache), false)
#8 /home/dnzwygdo/public_html/index.php(37): CodeIgniter\CodeIgniter->run()
#9 {main}
CRITICAL - 2022-05-13 14:16:51 --> Invalid argument supplied for foreach()
#0 /home/dnzwygdo/djuragancom/app/Views/admin/invoice/sunting.php(62): CodeIgniter\Debug\Exceptions->errorHandler(2, 'Invalid argumen...', '/home/dnzwygdo/...', 62, Array)
#1 /home/dnzwygdo/djuragancom/vendor/codeigniter4/framework/system/View/View.php(210): include('/home/dnzwygdo/...')
#2 /home/dnzwygdo/djuragancom/vendor/codeigniter4/framework/system/View/View.php(213): CodeIgniter\View\View->CodeIgniter\View\{closure}()
#3 /home/dnzwygdo/djuragancom/vendor/codeigniter4/framework/system/Common.php(1089): CodeIgniter\View\View->render('admin/invoice/s...', Array, true)
#4 /home/dnzwygdo/djuragancom/app/Controllers/Admin/Invoices.php(91): view('admin/invoice/s...', Array)
#5 /home/dnzwygdo/djuragancom/vendor/codeigniter4/framework/system/CodeIgniter.php(832): App\Controllers\Admin\Invoices->sunting('DJ1652351628')
#6 /home/dnzwygdo/djuragancom/vendor/codeigniter4/framework/system/CodeIgniter.php(419): CodeIgniter\CodeIgniter->runController(Object(App\Controllers\Admin\Invoices))
#7 /home/dnzwygdo/djuragancom/vendor/codeigniter4/framework/system/CodeIgniter.php(326): CodeIgniter\CodeIgniter->handleRequest(NULL, Object(Config\Cache), false)
#8 /home/dnzwygdo/public_html/index.php(37): CodeIgniter\CodeIgniter->run()
#9 {main}
CRITICAL - 2022-05-13 14:40:54 --> Invalid argument supplied for foreach()
#0 /home/dnzwygdo/djuragancom/app/Views/admin/invoice/sunting.php(62): CodeIgniter\Debug\Exceptions->errorHandler(2, 'Invalid argumen...', '/home/dnzwygdo/...', 62, Array)
#1 /home/dnzwygdo/djuragancom/vendor/codeigniter4/framework/system/View/View.php(210): include('/home/dnzwygdo/...')
#2 /home/dnzwygdo/djuragancom/vendor/codeigniter4/framework/system/View/View.php(213): CodeIgniter\View\View->CodeIgniter\View\{closure}()
#3 /home/dnzwygdo/djuragancom/vendor/codeigniter4/framework/system/Common.php(1089): CodeIgniter\View\View->render('admin/invoice/s...', Array, true)
#4 /home/dnzwygdo/djuragancom/app/Controllers/Admin/Invoices.php(91): view('admin/invoice/s...', Array)
#5 /home/dnzwygdo/djuragancom/vendor/codeigniter4/framework/system/CodeIgniter.php(832): App\Controllers\Admin\Invoices->sunting('SM1652413912')
#6 /home/dnzwygdo/djuragancom/vendor/codeigniter4/framework/system/CodeIgniter.php(419): CodeIgniter\CodeIgniter->runController(Object(App\Controllers\Admin\Invoices))
#7 /home/dnzwygdo/djuragancom/vendor/codeigniter4/framework/system/CodeIgniter.php(326): CodeIgniter\CodeIgniter->handleRequest(NULL, Object(Config\Cache), false)
#8 /home/dnzwygdo/public_html/index.php(37): CodeIgniter\CodeIgniter->run()
#9 {main}
CRITICAL - 2022-05-13 14:41:05 --> Invalid argument supplied for foreach()
#0 /home/dnzwygdo/djuragancom/app/Views/admin/invoice/sunting.php(62): CodeIgniter\Debug\Exceptions->errorHandler(2, 'Invalid argumen...', '/home/dnzwygdo/...', 62, Array)
#1 /home/dnzwygdo/djuragancom/vendor/codeigniter4/framework/system/View/View.php(210): include('/home/dnzwygdo/...')
#2 /home/dnzwygdo/djuragancom/vendor/codeigniter4/framework/system/View/View.php(213): CodeIgniter\View\View->CodeIgniter\View\{closure}()
#3 /home/dnzwygdo/djuragancom/vendor/codeigniter4/framework/system/Common.php(1089): CodeIgniter\View\View->render('admin/invoice/s...', Array, true)
#4 /home/dnzwygdo/djuragancom/app/Controllers/Admin/Invoices.php(91): view('admin/invoice/s...', Array)
#5 /home/dnzwygdo/djuragancom/vendor/codeigniter4/framework/system/CodeIgniter.php(832): App\Controllers\Admin\Invoices->sunting('SM1652413912')
#6 /home/dnzwygdo/djuragancom/vendor/codeigniter4/framework/system/CodeIgniter.php(419): CodeIgniter\CodeIgniter->runController(Object(App\Controllers\Admin\Invoices))
#7 /home/dnzwygdo/djuragancom/vendor/codeigniter4/framework/system/CodeIgniter.php(326): CodeIgniter\CodeIgniter->handleRequest(NULL, Object(Config\Cache), false)
#8 /home/dnzwygdo/public_html/index.php(37): CodeIgniter\CodeIgniter->run()
#9 {main}
CRITICAL - 2022-05-13 14:41:13 --> Invalid argument supplied for foreach()
#0 /home/dnzwygdo/djuragancom/app/Views/admin/invoice/sunting.php(62): CodeIgniter\Debug\Exceptions->errorHandler(2, 'Invalid argumen...', '/home/dnzwygdo/...', 62, Array)
#1 /home/dnzwygdo/djuragancom/vendor/codeigniter4/framework/system/View/View.php(210): include('/home/dnzwygdo/...')
#2 /home/dnzwygdo/djuragancom/vendor/codeigniter4/framework/system/View/View.php(213): CodeIgniter\View\View->CodeIgniter\View\{closure}()
#3 /home/dnzwygdo/djuragancom/vendor/codeigniter4/framework/system/Common.php(1089): CodeIgniter\View\View->render('admin/invoice/s...', Array, true)
#4 /home/dnzwygdo/djuragancom/app/Controllers/Admin/Invoices.php(91): view('admin/invoice/s...', Array)
#5 /home/dnzwygdo/djuragancom/vendor/codeigniter4/framework/system/CodeIgniter.php(832): App\Controllers\Admin\Invoices->sunting('SM1652413912')
#6 /home/dnzwygdo/djuragancom/vendor/codeigniter4/framework/system/CodeIgniter.php(419): CodeIgniter\CodeIgniter->runController(Object(App\Controllers\Admin\Invoices))
#7 /home/dnzwygdo/djuragancom/vendor/codeigniter4/framework/system/CodeIgniter.php(326): CodeIgniter\CodeIgniter->handleRequest(NULL, Object(Config\Cache), false)
#8 /home/dnzwygdo/public_html/index.php(37): CodeIgniter\CodeIgniter->run()
#9 {main}
CRITICAL - 2022-05-13 14:42:42 --> Invalid argument supplied for foreach()
#0 /home/dnzwygdo/djuragancom/app/Views/admin/invoice/sunting.php(62): CodeIgniter\Debug\Exceptions->errorHandler(2, 'Invalid argumen...', '/home/dnzwygdo/...', 62, Array)
#1 /home/dnzwygdo/djuragancom/vendor/codeigniter4/framework/system/View/View.php(210): include('/home/dnzwygdo/...')
#2 /home/dnzwygdo/djuragancom/vendor/codeigniter4/framework/system/View/View.php(213): CodeIgniter\View\View->CodeIgniter\View\{closure}()
#3 /home/dnzwygdo/djuragancom/vendor/codeigniter4/framework/system/Common.php(1089): CodeIgniter\View\View->render('admin/invoice/s...', Array, true)
#4 /home/dnzwygdo/djuragancom/app/Controllers/Admin/Invoices.php(91): view('admin/invoice/s...', Array)
#5 /home/dnzwygdo/djuragancom/vendor/codeigniter4/framework/system/CodeIgniter.php(832): App\Controllers\Admin\Invoices->sunting('SM1652413912')
#6 /home/dnzwygdo/djuragancom/vendor/codeigniter4/framework/system/CodeIgniter.php(419): CodeIgniter\CodeIgniter->runController(Object(App\Controllers\Admin\Invoices))
#7 /home/dnzwygdo/djuragancom/vendor/codeigniter4/framework/system/CodeIgniter.php(326): CodeIgniter\CodeIgniter->handleRequest(NULL, Object(Config\Cache), false)
#8 /home/dnzwygdo/public_html/index.php(37): CodeIgniter\CodeIgniter->run()
#9 {main}
CRITICAL - 2022-05-13 14:42:44 --> Invalid argument supplied for foreach()
#0 /home/dnzwygdo/djuragancom/app/Views/admin/invoice/sunting.php(62): CodeIgniter\Debug\Exceptions->errorHandler(2, 'Invalid argumen...', '/home/dnzwygdo/...', 62, Array)
#1 /home/dnzwygdo/djuragancom/vendor/codeigniter4/framework/system/View/View.php(210): include('/home/dnzwygdo/...')
#2 /home/dnzwygdo/djuragancom/vendor/codeigniter4/framework/system/View/View.php(213): CodeIgniter\View\View->CodeIgniter\View\{closure}()
#3 /home/dnzwygdo/djuragancom/vendor/codeigniter4/framework/system/Common.php(1089): CodeIgniter\View\View->render('admin/invoice/s...', Array, true)
#4 /home/dnzwygdo/djuragancom/app/Controllers/Admin/Invoices.php(91): view('admin/invoice/s...', Array)
#5 /home/dnzwygdo/djuragancom/vendor/codeigniter4/framework/system/CodeIgniter.php(832): App\Controllers\Admin\Invoices->sunting('SM1652413912')
#6 /home/dnzwygdo/djuragancom/vendor/codeigniter4/framework/system/CodeIgniter.php(419): CodeIgniter\CodeIgniter->runController(Object(App\Controllers\Admin\Invoices))
#7 /home/dnzwygdo/djuragancom/vendor/codeigniter4/framework/system/CodeIgniter.php(326): CodeIgniter\CodeIgniter->handleRequest(NULL, Object(Config\Cache), false)
#8 /home/dnzwygdo/public_html/index.php(37): CodeIgniter\CodeIgniter->run()
#9 {main}
