CRITICAL - 2022-08-04 13:15:02 --> Argument 2 passed to form_input() must be of the type string, null given, called in /home/dnzwygdo/djuragancom/vendor/codeigniter4/framework/system/Helpers/form_helper.php on line 125
in SYSTEMPATH/Helpers/form_helper.php on line 145.
 1 SYSTEMPATH/Helpers/form_helper.php(125): form_input('biaya[6084][label]', null, '/home/dnzwygdo/public_html', 'hidden')
 2 APPPATH/Views/admin/invoice/sunting.php(310): form_hidden('biaya[6084][label]', null)
 3 SYSTEMPATH/View/View.php(213): include('APPPATH/Views/admin/invoice/sunting.php')
 4 SYSTEMPATH/View/View.php(216): CodeIgniter\View\View->CodeIgniter\View\{closure}()
 5 SYSTEMPATH/Common.php(1135): CodeIgniter\View\View->render('admin/invoice/sunting', [], true)
 6 APPPATH/Controllers/Admin/Invoices.php(100): view('admin/invoice/sunting', [...])
 7 SYSTEMPATH/CodeIgniter.php(896): App\Controllers\Admin\Invoices->sunting('HQ1659535007')
 8 SYSTEMPATH/CodeIgniter.php(466): CodeIgniter\CodeIgniter->runController(Object(App\Controllers\Admin\Invoices))
 9 SYSTEMPATH/CodeIgniter.php(349): CodeIgniter\CodeIgniter->handleRequest(null, Object(Config\Cache), false)
10 FCPATH/index.php(55): CodeIgniter\CodeIgniter->run()
CRITICAL - 2022-08-04 13:15:14 --> Argument 2 passed to form_input() must be of the type string, null given, called in /home/dnzwygdo/djuragancom/vendor/codeigniter4/framework/system/Helpers/form_helper.php on line 125
in SYSTEMPATH/Helpers/form_helper.php on line 145.
 1 SYSTEMPATH/Helpers/form_helper.php(125): form_input('biaya[6084][label]', null, '/home/dnzwygdo/public_html', 'hidden')
 2 APPPATH/Views/admin/invoice/sunting.php(310): form_hidden('biaya[6084][label]', null)
 3 SYSTEMPATH/View/View.php(213): include('APPPATH/Views/admin/invoice/sunting.php')
 4 SYSTEMPATH/View/View.php(216): CodeIgniter\View\View->CodeIgniter\View\{closure}()
 5 SYSTEMPATH/Common.php(1135): CodeIgniter\View\View->render('admin/invoice/sunting', [], true)
 6 APPPATH/Controllers/Admin/Invoices.php(100): view('admin/invoice/sunting', [...])
 7 SYSTEMPATH/CodeIgniter.php(896): App\Controllers\Admin\Invoices->sunting('HQ1659535007')
 8 SYSTEMPATH/CodeIgniter.php(466): CodeIgniter\CodeIgniter->runController(Object(App\Controllers\Admin\Invoices))
 9 SYSTEMPATH/CodeIgniter.php(349): CodeIgniter\CodeIgniter->handleRequest(null, Object(Config\Cache), false)
10 FCPATH/index.php(55): CodeIgniter\CodeIgniter->run()
CRITICAL - 2022-08-04 13:39:53 --> Argument 2 passed to form_input() must be of the type string, null given, called in /home/dnzwygdo/djuragancom/vendor/codeigniter4/framework/system/Helpers/form_helper.php on line 125
in SYSTEMPATH/Helpers/form_helper.php on line 145.
 1 SYSTEMPATH/Helpers/form_helper.php(125): form_input('biaya[6084][label]', null, '/home/dnzwygdo/public_html', 'hidden')
 2 APPPATH/Views/admin/invoice/sunting.php(310): form_hidden('biaya[6084][label]', null)
 3 SYSTEMPATH/View/View.php(213): include('APPPATH/Views/admin/invoice/sunting.php')
 4 SYSTEMPATH/View/View.php(216): CodeIgniter\View\View->CodeIgniter\View\{closure}()
 5 SYSTEMPATH/Common.php(1135): CodeIgniter\View\View->render('admin/invoice/sunting', [], true)
 6 APPPATH/Controllers/Admin/Invoices.php(100): view('admin/invoice/sunting', [...])
 7 SYSTEMPATH/CodeIgniter.php(896): App\Controllers\Admin\Invoices->sunting('HQ1659535007')
 8 SYSTEMPATH/CodeIgniter.php(466): CodeIgniter\CodeIgniter->runController(Object(App\Controllers\Admin\Invoices))
 9 SYSTEMPATH/CodeIgniter.php(349): CodeIgniter\CodeIgniter->handleRequest(null, Object(Config\Cache), false)
10 FCPATH/index.php(55): CodeIgniter\CodeIgniter->run()
