CRITICAL - 2024-07-20 10:01:02 --> Allowed memory size of 134217728 bytes exhausted (tried to allocate 20480 bytes)
in SYSTEMPATH/Database/MySQLi/Result.php on line 148.
 1 [internal function]: CodeIgniter\Debug\Exceptions->shutdownHandler()
CRITICAL - 2024-07-20 10:01:03 --> Allowed memory size of 134217728 bytes exhausted (tried to allocate 20480 bytes)
in SYSTEMPATH/Database/MySQLi/Result.php on line 148.
 1 [internal function]: CodeIgniter\Debug\Exceptions->shutdownHandler()
CRITICAL - 2024-07-20 10:01:05 --> Allowed memory size of 134217728 bytes exhausted (tried to allocate 20480 bytes)
in SYSTEMPATH/Database/MySQLi/Result.php on line 148.
 1 [internal function]: CodeIgniter\Debug\Exceptions->shutdownHandler()
CRITICAL - 2024-07-20 10:01:06 --> Allowed memory size of 134217728 bytes exhausted (tried to allocate 20480 bytes)
in SYSTEMPATH/Database/MySQLi/Result.php on line 148.
 1 [internal function]: CodeIgniter\Debug\Exceptions->shutdownHandler()
ERROR - 2024-07-20 12:55:53 --> mysqli_sql_exception: Incorrect DATE value: 'iqbal' in /home/dnzwygdo/djuragancom/vendor/codeigniter4/framework/system/Database/MySQLi/Connection.php:292
Stack trace:
#0 /home/dnzwygdo/djuragancom/vendor/codeigniter4/framework/system/Database/MySQLi/Connection.php(292): mysqli->query('SELECT `order_i...', 0)
#1 /home/dnzwygdo/djuragancom/vendor/codeigniter4/framework/system/Database/BaseConnection.php(693): CodeIgniter\Database\MySQLi\Connection->execute('SELECT `order_i...')
#2 /home/dnzwygdo/djuragancom/vendor/codeigniter4/framework/system/Database/BaseConnection.php(620): CodeIgniter\Database\BaseConnection->simpleQuery('SELECT `order_i...')
#3 /home/dnzwygdo/djuragancom/vendor/codeigniter4/framework/system/Database/BaseBuilder.php(1585): CodeIgniter\Database\BaseConnection->query('SELECT `order_i...', Array, false)
#4 /home/dnzwygdo/djuragancom/vendor/codeigniter4/framework/system/Model.php(222): CodeIgniter\Database\BaseBuilder->get()
#5 /home/dnzwygdo/djuragancom/vendor/codeigniter4/framework/system/BaseModel.php(584): CodeIgniter\Model->doFindAll(0, 0)
#6 /home/dnzwygdo/djuragancom/app/Models/InvoiceModel.php(297): CodeIgniter\BaseModel->findAll()
#7 /home/dnzwygdo/djuragancom/app/Models/InvoiceModel.php(47): App\Models\InvoiceModel->ambilIds(Array)
#8 /home/dnzwygdo/djuragancom/app/Controllers/Admin/Invoices.php(66): App\Models\InvoiceModel->getAll('semua', 0, Array, 20, 0)
#9 /home/dnzwygdo/djuragancom/vendor/codeigniter4/framework/system/CodeIgniter.php(898): App\Controllers\Admin\Invoices->lihat('semua', 'semua')
#10 /home/dnzwygdo/djuragancom/vendor/codeigniter4/framework/system/CodeIgniter.php(457): CodeIgniter\CodeIgniter->runController(Object(App\Controllers\Admin\Invoices))
#11 /home/dnzwygdo/djuragancom/vendor/codeigniter4/framework/system/CodeIgniter.php(340): CodeIgniter\CodeIgniter->handleRequest(NULL, Object(Config\Cache), false)
#12 /home/dnzwygdo/public_html/index.php(67): CodeIgniter\CodeIgniter->run()
#13 {main}
CRITICAL - 2024-07-20 12:55:53 --> Call to a member function getResult() on bool
in SYSTEMPATH/Model.php on line 223.
 1 SYSTEMPATH/BaseModel.php(584): CodeIgniter\Model->doFindAll(0, 0)
 2 APPPATH/Models/InvoiceModel.php(297): CodeIgniter\BaseModel->findAll()
 3 APPPATH/Models/InvoiceModel.php(47): App\Models\InvoiceModel->ambilIds([...])
 4 APPPATH/Controllers/Admin/Invoices.php(66): App\Models\InvoiceModel->getAll('semua', 0, [...], 20, 0)
 5 SYSTEMPATH/CodeIgniter.php(898): App\Controllers\Admin\Invoices->lihat('semua', 'semua')
 6 SYSTEMPATH/CodeIgniter.php(457): CodeIgniter\CodeIgniter->runController(Object(App\Controllers\Admin\Invoices))
 7 SYSTEMPATH/CodeIgniter.php(340): CodeIgniter\CodeIgniter->handleRequest(null, Object(Config\Cache), false)
 8 FCPATH/index.php(67): CodeIgniter\CodeIgniter->run()
CRITICAL - 2024-07-20 16:26:36 --> Allowed memory size of 134217728 bytes exhausted (tried to allocate 20480 bytes)
in SYSTEMPATH/Database/MySQLi/Result.php on line 148.
 1 [internal function]: CodeIgniter\Debug\Exceptions->shutdownHandler()
CRITICAL - 2024-07-20 16:26:38 --> Allowed memory size of 134217728 bytes exhausted (tried to allocate 8388616 bytes)
in SYSTEMPATH/Database/BaseResult.php on line 232.
 1 [internal function]: CodeIgniter\Debug\Exceptions->shutdownHandler()
CRITICAL - 2024-07-20 18:17:00 --> Allowed memory size of 134217728 bytes exhausted (tried to allocate 20480 bytes)
in SYSTEMPATH/Database/MySQLi/Result.php on line 148.
 1 [internal function]: CodeIgniter\Debug\Exceptions->shutdownHandler()
