CRITICAL - 2022-07-07 12:12:27 --> Invalid argument supplied for foreach()
#0 /home/dnzwygdo/djuragancom/app/Views/user/invoice/lihat.php(187): CodeIgniter\Debug\Exceptions->errorHandler(2, 'Invalid argumen...', '/home/dnzwygdo/...', 187, Array)
#1 /home/dnzwygdo/djuragancom/vendor/codeigniter4/framework/system/View/View.php(210): include('/home/dnzwygdo/...')
#2 /home/dnzwygdo/djuragancom/vendor/codeigniter4/framework/system/View/View.php(213): CodeIgniter\View\View->CodeIgniter\View\{closure}()
#3 /home/dnzwygdo/djuragancom/vendor/codeigniter4/framework/system/Common.php(1089): CodeIgniter\View\View->render('user/invoice/li...', Array, true)
#4 /home/dnzwygdo/djuragancom/app/Controllers/User/Invoices.php(154): view('user/invoice/li...', Array)
#5 /home/dnzwygdo/djuragancom/vendor/codeigniter4/framework/system/CodeIgniter.php(832): App\Controllers\User\Invoices->lihat('a7ff2cde7860485...', 'semua')
#6 /home/dnzwygdo/djuragancom/vendor/codeigniter4/framework/system/CodeIgniter.php(419): CodeIgniter\CodeIgniter->runController(Object(App\Controllers\User\Invoices))
#7 /home/dnzwygdo/djuragancom/vendor/codeigniter4/framework/system/CodeIgniter.php(326): CodeIgniter\CodeIgniter->handleRequest(NULL, Object(Config\Cache), false)
#8 /home/dnzwygdo/public_html/index.php(37): CodeIgniter\CodeIgniter->run()
#9 {main}
CRITICAL - 2022-07-07 12:12:31 --> Invalid argument supplied for foreach()
#0 /home/dnzwygdo/djuragancom/app/Views/user/invoice/lihat.php(187): CodeIgniter\Debug\Exceptions->errorHandler(2, 'Invalid argumen...', '/home/dnzwygdo/...', 187, Array)
#1 /home/dnzwygdo/djuragancom/vendor/codeigniter4/framework/system/View/View.php(210): include('/home/dnzwygdo/...')
#2 /home/dnzwygdo/djuragancom/vendor/codeigniter4/framework/system/View/View.php(213): CodeIgniter\View\View->CodeIgniter\View\{closure}()
#3 /home/dnzwygdo/djuragancom/vendor/codeigniter4/framework/system/Common.php(1089): CodeIgniter\View\View->render('user/invoice/li...', Array, true)
#4 /home/dnzwygdo/djuragancom/app/Controllers/User/Invoices.php(154): view('user/invoice/li...', Array)
#5 /home/dnzwygdo/djuragancom/vendor/codeigniter4/framework/system/CodeIgniter.php(832): App\Controllers\User\Invoices->lihat('a7ff2cde7860485...', 'semua')
#6 /home/dnzwygdo/djuragancom/vendor/codeigniter4/framework/system/CodeIgniter.php(419): CodeIgniter\CodeIgniter->runController(Object(App\Controllers\User\Invoices))
#7 /home/dnzwygdo/djuragancom/vendor/codeigniter4/framework/system/CodeIgniter.php(326): CodeIgniter\CodeIgniter->handleRequest(NULL, Object(Config\Cache), false)
#8 /home/dnzwygdo/public_html/index.php(37): CodeIgniter\CodeIgniter->run()
#9 {main}
CRITICAL - 2022-07-07 12:12:32 --> Invalid argument supplied for foreach()
#0 /home/dnzwygdo/djuragancom/app/Views/user/invoice/lihat.php(187): CodeIgniter\Debug\Exceptions->errorHandler(2, 'Invalid argumen...', '/home/dnzwygdo/...', 187, Array)
#1 /home/dnzwygdo/djuragancom/vendor/codeigniter4/framework/system/View/View.php(210): include('/home/dnzwygdo/...')
#2 /home/dnzwygdo/djuragancom/vendor/codeigniter4/framework/system/View/View.php(213): CodeIgniter\View\View->CodeIgniter\View\{closure}()
#3 /home/dnzwygdo/djuragancom/vendor/codeigniter4/framework/system/Common.php(1089): CodeIgniter\View\View->render('user/invoice/li...', Array, true)
#4 /home/dnzwygdo/djuragancom/app/Controllers/User/Invoices.php(154): view('user/invoice/li...', Array)
#5 /home/dnzwygdo/djuragancom/vendor/codeigniter4/framework/system/CodeIgniter.php(832): App\Controllers\User\Invoices->lihat('a7ff2cde7860485...', 'semua')
#6 /home/dnzwygdo/djuragancom/vendor/codeigniter4/framework/system/CodeIgniter.php(419): CodeIgniter\CodeIgniter->runController(Object(App\Controllers\User\Invoices))
#7 /home/dnzwygdo/djuragancom/vendor/codeigniter4/framework/system/CodeIgniter.php(326): CodeIgniter\CodeIgniter->handleRequest(NULL, Object(Config\Cache), false)
#8 /home/dnzwygdo/public_html/index.php(37): CodeIgniter\CodeIgniter->run()
#9 {main}
CRITICAL - 2022-07-07 12:12:32 --> Invalid argument supplied for foreach()
#0 /home/dnzwygdo/djuragancom/app/Views/user/invoice/lihat.php(187): CodeIgniter\Debug\Exceptions->errorHandler(2, 'Invalid argumen...', '/home/dnzwygdo/...', 187, Array)
#1 /home/dnzwygdo/djuragancom/vendor/codeigniter4/framework/system/View/View.php(210): include('/home/dnzwygdo/...')
#2 /home/dnzwygdo/djuragancom/vendor/codeigniter4/framework/system/View/View.php(213): CodeIgniter\View\View->CodeIgniter\View\{closure}()
#3 /home/dnzwygdo/djuragancom/vendor/codeigniter4/framework/system/Common.php(1089): CodeIgniter\View\View->render('user/invoice/li...', Array, true)
#4 /home/dnzwygdo/djuragancom/app/Controllers/User/Invoices.php(154): view('user/invoice/li...', Array)
#5 /home/dnzwygdo/djuragancom/vendor/codeigniter4/framework/system/CodeIgniter.php(832): App\Controllers\User\Invoices->lihat('a7ff2cde7860485...', 'semua')
#6 /home/dnzwygdo/djuragancom/vendor/codeigniter4/framework/system/CodeIgniter.php(419): CodeIgniter\CodeIgniter->runController(Object(App\Controllers\User\Invoices))
#7 /home/dnzwygdo/djuragancom/vendor/codeigniter4/framework/system/CodeIgniter.php(326): CodeIgniter\CodeIgniter->handleRequest(NULL, Object(Config\Cache), false)
#8 /home/dnzwygdo/public_html/index.php(37): CodeIgniter\CodeIgniter->run()
#9 {main}
CRITICAL - 2022-07-07 12:12:33 --> Invalid argument supplied for foreach()
#0 /home/dnzwygdo/djuragancom/app/Views/user/invoice/lihat.php(187): CodeIgniter\Debug\Exceptions->errorHandler(2, 'Invalid argumen...', '/home/dnzwygdo/...', 187, Array)
#1 /home/dnzwygdo/djuragancom/vendor/codeigniter4/framework/system/View/View.php(210): include('/home/dnzwygdo/...')
#2 /home/dnzwygdo/djuragancom/vendor/codeigniter4/framework/system/View/View.php(213): CodeIgniter\View\View->CodeIgniter\View\{closure}()
#3 /home/dnzwygdo/djuragancom/vendor/codeigniter4/framework/system/Common.php(1089): CodeIgniter\View\View->render('user/invoice/li...', Array, true)
#4 /home/dnzwygdo/djuragancom/app/Controllers/User/Invoices.php(154): view('user/invoice/li...', Array)
#5 /home/dnzwygdo/djuragancom/vendor/codeigniter4/framework/system/CodeIgniter.php(832): App\Controllers\User\Invoices->lihat('a7ff2cde7860485...', 'semua')
#6 /home/dnzwygdo/djuragancom/vendor/codeigniter4/framework/system/CodeIgniter.php(419): CodeIgniter\CodeIgniter->runController(Object(App\Controllers\User\Invoices))
#7 /home/dnzwygdo/djuragancom/vendor/codeigniter4/framework/system/CodeIgniter.php(326): CodeIgniter\CodeIgniter->handleRequest(NULL, Object(Config\Cache), false)
#8 /home/dnzwygdo/public_html/index.php(37): CodeIgniter\CodeIgniter->run()
#9 {main}
CRITICAL - 2022-07-07 12:12:39 --> Invalid argument supplied for foreach()
#0 /home/dnzwygdo/djuragancom/app/Views/user/invoice/lihat.php(187): CodeIgniter\Debug\Exceptions->errorHandler(2, 'Invalid argumen...', '/home/dnzwygdo/...', 187, Array)
#1 /home/dnzwygdo/djuragancom/vendor/codeigniter4/framework/system/View/View.php(210): include('/home/dnzwygdo/...')
#2 /home/dnzwygdo/djuragancom/vendor/codeigniter4/framework/system/View/View.php(213): CodeIgniter\View\View->CodeIgniter\View\{closure}()
#3 /home/dnzwygdo/djuragancom/vendor/codeigniter4/framework/system/Common.php(1089): CodeIgniter\View\View->render('user/invoice/li...', Array, true)
#4 /home/dnzwygdo/djuragancom/app/Controllers/User/Invoices.php(154): view('user/invoice/li...', Array)
#5 /home/dnzwygdo/djuragancom/vendor/codeigniter4/framework/system/CodeIgniter.php(832): App\Controllers\User\Invoices->lihat('a7ff2cde7860485...', 'belum-proses')
#6 /home/dnzwygdo/djuragancom/vendor/codeigniter4/framework/system/CodeIgniter.php(419): CodeIgniter\CodeIgniter->runController(Object(App\Controllers\User\Invoices))
#7 /home/dnzwygdo/djuragancom/vendor/codeigniter4/framework/system/CodeIgniter.php(326): CodeIgniter\CodeIgniter->handleRequest(NULL, Object(Config\Cache), false)
#8 /home/dnzwygdo/public_html/index.php(37): CodeIgniter\CodeIgniter->run()
#9 {main}
CRITICAL - 2022-07-07 12:12:41 --> Invalid argument supplied for foreach()
#0 /home/dnzwygdo/djuragancom/app/Views/user/invoice/lihat.php(187): CodeIgniter\Debug\Exceptions->errorHandler(2, 'Invalid argumen...', '/home/dnzwygdo/...', 187, Array)
#1 /home/dnzwygdo/djuragancom/vendor/codeigniter4/framework/system/View/View.php(210): include('/home/dnzwygdo/...')
#2 /home/dnzwygdo/djuragancom/vendor/codeigniter4/framework/system/View/View.php(213): CodeIgniter\View\View->CodeIgniter\View\{closure}()
#3 /home/dnzwygdo/djuragancom/vendor/codeigniter4/framework/system/Common.php(1089): CodeIgniter\View\View->render('user/invoice/li...', Array, true)
#4 /home/dnzwygdo/djuragancom/app/Controllers/User/Invoices.php(154): view('user/invoice/li...', Array)
#5 /home/dnzwygdo/djuragancom/vendor/codeigniter4/framework/system/CodeIgniter.php(832): App\Controllers\User\Invoices->lihat('a7ff2cde7860485...', 'belum-proses')
#6 /home/dnzwygdo/djuragancom/vendor/codeigniter4/framework/system/CodeIgniter.php(419): CodeIgniter\CodeIgniter->runController(Object(App\Controllers\User\Invoices))
#7 /home/dnzwygdo/djuragancom/vendor/codeigniter4/framework/system/CodeIgniter.php(326): CodeIgniter\CodeIgniter->handleRequest(NULL, Object(Config\Cache), false)
#8 /home/dnzwygdo/public_html/index.php(37): CodeIgniter\CodeIgniter->run()
#9 {main}
CRITICAL - 2022-07-07 12:12:44 --> Invalid argument supplied for foreach()
#0 /home/dnzwygdo/djuragancom/app/Views/user/invoice/lihat.php(187): CodeIgniter\Debug\Exceptions->errorHandler(2, 'Invalid argumen...', '/home/dnzwygdo/...', 187, Array)
#1 /home/dnzwygdo/djuragancom/vendor/codeigniter4/framework/system/View/View.php(210): include('/home/dnzwygdo/...')
#2 /home/dnzwygdo/djuragancom/vendor/codeigniter4/framework/system/View/View.php(213): CodeIgniter\View\View->CodeIgniter\View\{closure}()
#3 /home/dnzwygdo/djuragancom/vendor/codeigniter4/framework/system/Common.php(1089): CodeIgniter\View\View->render('user/invoice/li...', Array, true)
#4 /home/dnzwygdo/djuragancom/app/Controllers/User/Invoices.php(154): view('user/invoice/li...', Array)
#5 /home/dnzwygdo/djuragancom/vendor/codeigniter4/framework/system/CodeIgniter.php(832): App\Controllers\User\Invoices->lihat('a7ff2cde7860485...', 'belum-proses')
#6 /home/dnzwygdo/djuragancom/vendor/codeigniter4/framework/system/CodeIgniter.php(419): CodeIgniter\CodeIgniter->runController(Object(App\Controllers\User\Invoices))
#7 /home/dnzwygdo/djuragancom/vendor/codeigniter4/framework/system/CodeIgniter.php(326): CodeIgniter\CodeIgniter->handleRequest(NULL, Object(Config\Cache), false)
#8 /home/dnzwygdo/public_html/index.php(37): CodeIgniter\CodeIgniter->run()
#9 {main}
CRITICAL - 2022-07-07 12:18:18 --> Invalid argument supplied for foreach()
#0 /home/dnzwygdo/djuragancom/app/Views/user/invoice/lihat.php(187): CodeIgniter\Debug\Exceptions->errorHandler(2, 'Invalid argumen...', '/home/dnzwygdo/...', 187, Array)
#1 /home/dnzwygdo/djuragancom/vendor/codeigniter4/framework/system/View/View.php(210): include('/home/dnzwygdo/...')
#2 /home/dnzwygdo/djuragancom/vendor/codeigniter4/framework/system/View/View.php(213): CodeIgniter\View\View->CodeIgniter\View\{closure}()
#3 /home/dnzwygdo/djuragancom/vendor/codeigniter4/framework/system/Common.php(1089): CodeIgniter\View\View->render('user/invoice/li...', Array, true)
#4 /home/dnzwygdo/djuragancom/app/Controllers/User/Invoices.php(154): view('user/invoice/li...', Array)
#5 /home/dnzwygdo/djuragancom/vendor/codeigniter4/framework/system/CodeIgniter.php(832): App\Controllers\User\Invoices->lihat('a7ff2cde7860485...', 'semua')
#6 /home/dnzwygdo/djuragancom/vendor/codeigniter4/framework/system/CodeIgniter.php(419): CodeIgniter\CodeIgniter->runController(Object(App\Controllers\User\Invoices))
#7 /home/dnzwygdo/djuragancom/vendor/codeigniter4/framework/system/CodeIgniter.php(326): CodeIgniter\CodeIgniter->handleRequest(NULL, Object(Config\Cache), false)
#8 /home/dnzwygdo/public_html/index.php(37): CodeIgniter\CodeIgniter->run()
#9 {main}
CRITICAL - 2022-07-07 12:23:26 --> Invalid argument supplied for foreach()
#0 /home/dnzwygdo/djuragancom/app/Views/user/invoice/lihat.php(187): CodeIgniter\Debug\Exceptions->errorHandler(2, 'Invalid argumen...', '/home/dnzwygdo/...', 187, Array)
#1 /home/dnzwygdo/djuragancom/vendor/codeigniter4/framework/system/View/View.php(210): include('/home/dnzwygdo/...')
#2 /home/dnzwygdo/djuragancom/vendor/codeigniter4/framework/system/View/View.php(213): CodeIgniter\View\View->CodeIgniter\View\{closure}()
#3 /home/dnzwygdo/djuragancom/vendor/codeigniter4/framework/system/Common.php(1089): CodeIgniter\View\View->render('user/invoice/li...', Array, true)
#4 /home/dnzwygdo/djuragancom/app/Controllers/User/Invoices.php(154): view('user/invoice/li...', Array)
#5 /home/dnzwygdo/djuragancom/vendor/codeigniter4/framework/system/CodeIgniter.php(832): App\Controllers\User\Invoices->lihat('a7ff2cde7860485...', 'semua')
#6 /home/dnzwygdo/djuragancom/vendor/codeigniter4/framework/system/CodeIgniter.php(419): CodeIgniter\CodeIgniter->runController(Object(App\Controllers\User\Invoices))
#7 /home/dnzwygdo/djuragancom/vendor/codeigniter4/framework/system/CodeIgniter.php(326): CodeIgniter\CodeIgniter->handleRequest(NULL, Object(Config\Cache), false)
#8 /home/dnzwygdo/public_html/index.php(37): CodeIgniter\CodeIgniter->run()
#9 {main}
CRITICAL - 2022-07-07 12:34:35 --> Invalid argument supplied for foreach()
#0 /home/dnzwygdo/djuragancom/app/Views/user/invoice/lihat.php(187): CodeIgniter\Debug\Exceptions->errorHandler(2, 'Invalid argumen...', '/home/dnzwygdo/...', 187, Array)
#1 /home/dnzwygdo/djuragancom/vendor/codeigniter4/framework/system/View/View.php(210): include('/home/dnzwygdo/...')
#2 /home/dnzwygdo/djuragancom/vendor/codeigniter4/framework/system/View/View.php(213): CodeIgniter\View\View->CodeIgniter\View\{closure}()
#3 /home/dnzwygdo/djuragancom/vendor/codeigniter4/framework/system/Common.php(1089): CodeIgniter\View\View->render('user/invoice/li...', Array, true)
#4 /home/dnzwygdo/djuragancom/app/Controllers/User/Invoices.php(154): view('user/invoice/li...', Array)
#5 /home/dnzwygdo/djuragancom/vendor/codeigniter4/framework/system/CodeIgniter.php(832): App\Controllers\User\Invoices->lihat('a7ff2cde7860485...', 'semua')
#6 /home/dnzwygdo/djuragancom/vendor/codeigniter4/framework/system/CodeIgniter.php(419): CodeIgniter\CodeIgniter->runController(Object(App\Controllers\User\Invoices))
#7 /home/dnzwygdo/djuragancom/vendor/codeigniter4/framework/system/CodeIgniter.php(326): CodeIgniter\CodeIgniter->handleRequest(NULL, Object(Config\Cache), false)
#8 /home/dnzwygdo/public_html/index.php(37): CodeIgniter\CodeIgniter->run()
#9 {main}
CRITICAL - 2022-07-07 12:34:50 --> Invalid argument supplied for foreach()
#0 /home/dnzwygdo/djuragancom/app/Views/user/invoice/lihat.php(187): CodeIgniter\Debug\Exceptions->errorHandler(2, 'Invalid argumen...', '/home/dnzwygdo/...', 187, Array)
#1 /home/dnzwygdo/djuragancom/vendor/codeigniter4/framework/system/View/View.php(210): include('/home/dnzwygdo/...')
#2 /home/dnzwygdo/djuragancom/vendor/codeigniter4/framework/system/View/View.php(213): CodeIgniter\View\View->CodeIgniter\View\{closure}()
#3 /home/dnzwygdo/djuragancom/vendor/codeigniter4/framework/system/Common.php(1089): CodeIgniter\View\View->render('user/invoice/li...', Array, true)
#4 /home/dnzwygdo/djuragancom/app/Controllers/User/Invoices.php(154): view('user/invoice/li...', Array)
#5 /home/dnzwygdo/djuragancom/vendor/codeigniter4/framework/system/CodeIgniter.php(832): App\Controllers\User\Invoices->lihat('a7ff2cde7860485...', 'semua')
#6 /home/dnzwygdo/djuragancom/vendor/codeigniter4/framework/system/CodeIgniter.php(419): CodeIgniter\CodeIgniter->runController(Object(App\Controllers\User\Invoices))
#7 /home/dnzwygdo/djuragancom/vendor/codeigniter4/framework/system/CodeIgniter.php(326): CodeIgniter\CodeIgniter->handleRequest(NULL, Object(Config\Cache), false)
#8 /home/dnzwygdo/public_html/index.php(37): CodeIgniter\CodeIgniter->run()
#9 {main}
CRITICAL - 2022-07-07 12:37:43 --> Invalid argument supplied for foreach()
#0 /home/dnzwygdo/djuragancom/app/Views/user/invoice/lihat.php(187): CodeIgniter\Debug\Exceptions->errorHandler(2, 'Invalid argumen...', '/home/dnzwygdo/...', 187, Array)
#1 /home/dnzwygdo/djuragancom/vendor/codeigniter4/framework/system/View/View.php(210): include('/home/dnzwygdo/...')
#2 /home/dnzwygdo/djuragancom/vendor/codeigniter4/framework/system/View/View.php(213): CodeIgniter\View\View->CodeIgniter\View\{closure}()
#3 /home/dnzwygdo/djuragancom/vendor/codeigniter4/framework/system/Common.php(1089): CodeIgniter\View\View->render('user/invoice/li...', Array, true)
#4 /home/dnzwygdo/djuragancom/app/Controllers/User/Invoices.php(154): view('user/invoice/li...', Array)
#5 /home/dnzwygdo/djuragancom/vendor/codeigniter4/framework/system/CodeIgniter.php(832): App\Controllers\User\Invoices->lihat('a7ff2cde7860485...', 'semua')
#6 /home/dnzwygdo/djuragancom/vendor/codeigniter4/framework/system/CodeIgniter.php(419): CodeIgniter\CodeIgniter->runController(Object(App\Controllers\User\Invoices))
#7 /home/dnzwygdo/djuragancom/vendor/codeigniter4/framework/system/CodeIgniter.php(326): CodeIgniter\CodeIgniter->handleRequest(NULL, Object(Config\Cache), false)
#8 /home/dnzwygdo/public_html/index.php(37): CodeIgniter\CodeIgniter->run()
#9 {main}
CRITICAL - 2022-07-07 12:45:18 --> Invalid argument supplied for foreach()
#0 /home/dnzwygdo/djuragancom/app/Views/user/invoice/lihat.php(187): CodeIgniter\Debug\Exceptions->errorHandler(2, 'Invalid argumen...', '/home/dnzwygdo/...', 187, Array)
#1 /home/dnzwygdo/djuragancom/vendor/codeigniter4/framework/system/View/View.php(210): include('/home/dnzwygdo/...')
#2 /home/dnzwygdo/djuragancom/vendor/codeigniter4/framework/system/View/View.php(213): CodeIgniter\View\View->CodeIgniter\View\{closure}()
#3 /home/dnzwygdo/djuragancom/vendor/codeigniter4/framework/system/Common.php(1089): CodeIgniter\View\View->render('user/invoice/li...', Array, true)
#4 /home/dnzwygdo/djuragancom/app/Controllers/User/Invoices.php(154): view('user/invoice/li...', Array)
#5 /home/dnzwygdo/djuragancom/vendor/codeigniter4/framework/system/CodeIgniter.php(832): App\Controllers\User\Invoices->lihat('a7ff2cde7860485...', 'semua')
#6 /home/dnzwygdo/djuragancom/vendor/codeigniter4/framework/system/CodeIgniter.php(419): CodeIgniter\CodeIgniter->runController(Object(App\Controllers\User\Invoices))
#7 /home/dnzwygdo/djuragancom/vendor/codeigniter4/framework/system/CodeIgniter.php(326): CodeIgniter\CodeIgniter->handleRequest(NULL, Object(Config\Cache), false)
#8 /home/dnzwygdo/public_html/index.php(37): CodeIgniter\CodeIgniter->run()
#9 {main}
